Subscribed to [/mavros/local_position/pose]
3.62 KB/s from 26 messages
	Message size mean: 0.08 KB min: 0.08 KB max: 0.08 KB
3.69 KB/s from 75 messages
	Message size mean: 0.08 KB min: 0.08 KB max: 0.08 KB
3.73 KB/s from 100 messages
	Message size mean: 0.08 KB min: 0.08 KB max: 0.08 KB
3.46 KB/s from 100 messages
	Message size mean: 0.08 KB min: 0.08 KB max: 0.08 KB
3.39 KB/s from 100 messages
	Message size mean: 0.08 KB min: 0.08 KB max: 0.08 KB
3.68 KB/s from 100 messages
	Message size mean: 0.08 KB min: 0.08 KB max: 0.08 KB
3.73 KB/s from 100 messages
	Message size mean: 0.08 KB min: 0.08 KB max: 0.08 KB
3.73 KB/s from 100 messages
	Message size mean: 0.08 KB min: 0.08 KB max: 0.08 KB
3.74 KB/s from 100 messages
	Message size mean: 0.08 KB min: 0.08 KB max: 0.08 KB
3.74 KB/s from 100 messages
	Message size mean: 0.08 KB min: 0.08 KB max: 0.08 KB
3.75 KB/s from 100 messages
	Message size mean: 0.08 KB min: 0.08 KB max: 0.08 KB
3.75 KB/s from 100 messages
	Message size mean: 0.08 KB min: 0.08 KB max: 0.08 KB
3.70 KB/s from 100 messages
	Message size mean: 0.08 KB min: 0.08 KB max: 0.08 KB
3.70 KB/s from 100 messages
	Message size mean: 0.08 KB min: 0.08 KB max: 0.08 KB
3.74 KB/s from 100 messages
	Message size mean: 0.08 KB min: 0.08 KB max: 0.08 KB
3.77 KB/s from 100 messages
	Message size mean: 0.08 KB min: 0.08 KB max: 0.08 KB
3.76 KB/s from 100 messages
	Message size mean: 0.08 KB min: 0.08 KB max: 0.08 KB
3.76 KB/s from 100 messages
	Message size mean: 0.08 KB min: 0.08 KB max: 0.08 KB
3.75 KB/s from 100 messages
	Message size mean: 0.08 KB min: 0.08 KB max: 0.08 KB
3.78 KB/s from 100 messages
	Message size mean: 0.08 KB min: 0.08 KB max: 0.08 KB
3.77 KB/s from 100 messages
	Message size mean: 0.08 KB min: 0.08 KB max: 0.08 KB
3.76 KB/s from 100 messages
	Message size mean: 0.08 KB min: 0.08 KB max: 0.08 KB
3.75 KB/s from 100 messages
	Message size mean: 0.08 KB min: 0.08 KB max: 0.08 KB
3.79 KB/s from 100 messages
	Message size mean: 0.08 KB min: 0.08 KB max: 0.08 KB
3.77 KB/s from 100 messages
	Message size mean: 0.08 KB min: 0.08 KB max: 0.08 KB
3.76 KB/s from 100 messages
	Message size mean: 0.08 KB min: 0.08 KB max: 0.08 KB
3.75 KB/s from 100 messages
	Message size mean: 0.08 KB min: 0.08 KB max: 0.08 KB
3.75 KB/s from 100 messages
	Message size mean: 0.08 KB min: 0.08 KB max: 0.08 KB
3.74 KB/s from 100 messages
	Message size mean: 0.08 KB min: 0.08 KB max: 0.08 KB
3.77 KB/s from 100 messages
	Message size mean: 0.08 KB min: 0.08 KB max: 0.08 KB
3.77 KB/s from 100 messages
	Message size mean: 0.08 KB min: 0.08 KB max: 0.08 KB
3.72 KB/s from 100 messages
	Message size mean: 0.08 KB min: 0.08 KB max: 0.08 KB
3.72 KB/s from 100 messages
	Message size mean: 0.08 KB min: 0.08 KB max: 0.08 KB
3.75 KB/s from 100 messages
	Message size mean: 0.08 KB min: 0.08 KB max: 0.08 KB
3.78 KB/s from 100 messages
	Message size mean: 0.08 KB min: 0.08 KB max: 0.08 KB
3.77 KB/s from 100 messages
	Message size mean: 0.08 KB min: 0.08 KB max: 0.08 KB
3.76 KB/s from 100 messages
	Message size mean: 0.08 KB min: 0.08 KB max: 0.08 KB
3.75 KB/s from 100 messages
	Message size mean: 0.08 KB min: 0.08 KB max: 0.08 KB
3.78 KB/s from 100 messages
	Message size mean: 0.08 KB min: 0.08 KB max: 0.08 KB
3.76 KB/s from 100 messages
	Message size mean: 0.08 KB min: 0.08 KB max: 0.08 KB
3.71 KB/s from 100 messages
	Message size mean: 0.08 KB min: 0.08 KB max: 0.08 KB
3.74 KB/s from 100 messages
	Message size mean: 0.08 KB min: 0.08 KB max: 0.08 KB
3.77 KB/s from 100 messages
	Message size mean: 0.08 KB min: 0.08 KB max: 0.08 KB
3.76 KB/s from 100 messages
	Message size mean: 0.08 KB min: 0.08 KB max: 0.08 KB
3.74 KB/s from 100 messages
	Message size mean: 0.08 KB min: 0.08 KB max: 0.08 KB
3.76 KB/s from 100 messages
	Message size mean: 0.08 KB min: 0.08 KB max: 0.08 KB
3.75 KB/s from 100 messages
	Message size mean: 0.08 KB min: 0.08 KB max: 0.08 KB
3.74 KB/s from 100 messages
	Message size mean: 0.08 KB min: 0.08 KB max: 0.08 KB
3.74 KB/s from 100 messages
	Message size mean: 0.08 KB min: 0.08 KB max: 0.08 KB
3.74 KB/s from 100 messages
	Message size mean: 0.08 KB min: 0.08 KB max: 0.08 KB
3.73 KB/s from 100 messages
	Message size mean: 0.08 KB min: 0.08 KB max: 0.08 KB
3.73 KB/s from 100 messages
	Message size mean: 0.08 KB min: 0.08 KB max: 0.08 KB
3.75 KB/s from 100 messages
	Message size mean: 0.08 KB min: 0.08 KB max: 0.08 KB
3.75 KB/s from 100 messages
	Message size mean: 0.08 KB min: 0.08 KB max: 0.08 KB
3.74 KB/s from 100 messages
	Message size mean: 0.08 KB min: 0.08 KB max: 0.08 KB
3.77 KB/s from 100 messages
	Message size mean: 0.08 KB min: 0.08 KB max: 0.08 KB
3.77 KB/s from 100 messages
	Message size mean: 0.08 KB min: 0.08 KB max: 0.08 KB
3.76 KB/s from 100 messages
	Message size mean: 0.08 KB min: 0.08 KB max: 0.08 KB
3.76 KB/s from 100 messages
	Message size mean: 0.08 KB min: 0.08 KB max: 0.08 KB
3.75 KB/s from 100 messages
	Message size mean: 0.08 KB min: 0.08 KB max: 0.08 KB
3.75 KB/s from 100 messages
	Message size mean: 0.08 KB min: 0.08 KB max: 0.08 KB
3.75 KB/s from 100 messages
	Message size mean: 0.08 KB min: 0.08 KB max: 0.08 KB
3.74 KB/s from 100 messages
	Message size mean: 0.08 KB min: 0.08 KB max: 0.08 KB
3.77 KB/s from 100 messages
	Message size mean: 0.08 KB min: 0.08 KB max: 0.08 KB
3.77 KB/s from 100 messages
	Message size mean: 0.08 KB min: 0.08 KB max: 0.08 KB
3.76 KB/s from 100 messages
	Message size mean: 0.08 KB min: 0.08 KB max: 0.08 KB
3.75 KB/s from 100 messages
	Message size mean: 0.08 KB min: 0.08 KB max: 0.08 KB
3.75 KB/s from 100 messages
	Message size mean: 0.08 KB min: 0.08 KB max: 0.08 KB
3.78 KB/s from 100 messages
	Message size mean: 0.08 KB min: 0.08 KB max: 0.08 KB
3.77 KB/s from 100 messages
	Message size mean: 0.08 KB min: 0.08 KB max: 0.08 KB
3.75 KB/s from 100 messages
	Message size mean: 0.08 KB min: 0.08 KB max: 0.08 KB
3.75 KB/s from 100 messages
	Message size mean: 0.08 KB min: 0.08 KB max: 0.08 KB
3.78 KB/s from 100 messages
	Message size mean: 0.08 KB min: 0.08 KB max: 0.08 KB
3.76 KB/s from 100 messages
	Message size mean: 0.08 KB min: 0.08 KB max: 0.08 KB
3.79 KB/s from 100 messages
	Message size mean: 0.08 KB min: 0.08 KB max: 0.08 KB
3.78 KB/s from 100 messages
	Message size mean: 0.08 KB min: 0.08 KB max: 0.08 KB
3.76 KB/s from 100 messages
	Message size mean: 0.08 KB min: 0.08 KB max: 0.08 KB
3.79 KB/s from 100 messages
	Message size mean: 0.08 KB min: 0.08 KB max: 0.08 KB
3.77 KB/s from 100 messages
	Message size mean: 0.08 KB min: 0.08 KB max: 0.08 KB
3.76 KB/s from 100 messages
	Message size mean: 0.08 KB min: 0.08 KB max: 0.08 KB
3.75 KB/s from 100 messages
	Message size mean: 0.08 KB min: 0.08 KB max: 0.08 KB
3.78 KB/s from 100 messages
	Message size mean: 0.08 KB min: 0.08 KB max: 0.08 KB
3.77 KB/s from 100 messages
	Message size mean: 0.08 KB min: 0.08 KB max: 0.08 KB
3.75 KB/s from 100 messages
	Message size mean: 0.08 KB min: 0.08 KB max: 0.08 KB
3.78 KB/s from 100 messages
	Message size mean: 0.08 KB min: 0.08 KB max: 0.08 KB
3.77 KB/s from 100 messages
	Message size mean: 0.08 KB min: 0.08 KB max: 0.08 KB
3.76 KB/s from 100 messages
	Message size mean: 0.08 KB min: 0.08 KB max: 0.08 KB
3.78 KB/s from 100 messages
	Message size mean: 0.08 KB min: 0.08 KB max: 0.08 KB
3.77 KB/s from 100 messages
	Message size mean: 0.08 KB min: 0.08 KB max: 0.08 KB
3.79 KB/s from 100 messages
	Message size mean: 0.08 KB min: 0.08 KB max: 0.08 KB
3.78 KB/s from 100 messages
	Message size mean: 0.08 KB min: 0.08 KB max: 0.08 KB
3.76 KB/s from 100 messages
	Message size mean: 0.08 KB min: 0.08 KB max: 0.08 KB
3.75 KB/s from 100 messages
	Message size mean: 0.08 KB min: 0.08 KB max: 0.08 KB
3.77 KB/s from 100 messages
	Message size mean: 0.08 KB min: 0.08 KB max: 0.08 KB
3.76 KB/s from 100 messages
	Message size mean: 0.08 KB min: 0.08 KB max: 0.08 KB
3.78 KB/s from 100 messages
	Message size mean: 0.08 KB min: 0.08 KB max: 0.08 KB
3.77 KB/s from 100 messages
	Message size mean: 0.08 KB min: 0.08 KB max: 0.08 KB
3.76 KB/s from 100 messages
	Message size mean: 0.08 KB min: 0.08 KB max: 0.08 KB
3.75 KB/s from 100 messages
	Message size mean: 0.08 KB min: 0.08 KB max: 0.08 KB
3.74 KB/s from 100 messages
	Message size mean: 0.08 KB min: 0.08 KB max: 0.08 KB
3.74 KB/s from 100 messages
	Message size mean: 0.08 KB min: 0.08 KB max: 0.08 KB
3.73 KB/s from 100 messages
	Message size mean: 0.08 KB min: 0.08 KB max: 0.08 KB
3.73 KB/s from 100 messages
	Message size mean: 0.08 KB min: 0.08 KB max: 0.08 KB
3.76 KB/s from 100 messages
	Message size mean: 0.08 KB min: 0.08 KB max: 0.08 KB
3.75 KB/s from 100 messages
	Message size mean: 0.08 KB min: 0.08 KB max: 0.08 KB
3.74 KB/s from 100 messages
	Message size mean: 0.08 KB min: 0.08 KB max: 0.08 KB
3.73 KB/s from 100 messages
	Message size mean: 0.08 KB min: 0.08 KB max: 0.08 KB
3.74 KB/s from 100 messages
	Message size mean: 0.08 KB min: 0.08 KB max: 0.08 KB
3.77 KB/s from 100 messages
	Message size mean: 0.08 KB min: 0.08 KB max: 0.08 KB
3.77 KB/s from 100 messages
	Message size mean: 0.08 KB min: 0.08 KB max: 0.08 KB
3.75 KB/s from 100 messages
	Message size mean: 0.08 KB min: 0.08 KB max: 0.08 KB
3.75 KB/s from 100 messages
	Message size mean: 0.08 KB min: 0.08 KB max: 0.08 KB
3.75 KB/s from 100 messages
	Message size mean: 0.08 KB min: 0.08 KB max: 0.08 KB
3.74 KB/s from 100 messages
	Message size mean: 0.08 KB min: 0.08 KB max: 0.08 KB
3.77 KB/s from 100 messages
	Message size mean: 0.08 KB min: 0.08 KB max: 0.08 KB
3.77 KB/s from 100 messages
	Message size mean: 0.08 KB min: 0.08 KB max: 0.08 KB
3.76 KB/s from 100 messages
	Message size mean: 0.08 KB min: 0.08 KB max: 0.08 KB
3.76 KB/s from 100 messages
	Message size mean: 0.08 KB min: 0.08 KB max: 0.08 KB
3.75 KB/s from 100 messages
	Message size mean: 0.08 KB min: 0.08 KB max: 0.08 KB
3.77 KB/s from 100 messages
	Message size mean: 0.08 KB min: 0.08 KB max: 0.08 KB
3.77 KB/s from 100 messages
	Message size mean: 0.08 KB min: 0.08 KB max: 0.08 KB
3.76 KB/s from 100 messages
	Message size mean: 0.08 KB min: 0.08 KB max: 0.08 KB
3.75 KB/s from 100 messages
	Message size mean: 0.08 KB min: 0.08 KB max: 0.08 KB
3.78 KB/s from 100 messages
	Message size mean: 0.08 KB min: 0.08 KB max: 0.08 KB
3.77 KB/s from 100 messages
	Message size mean: 0.08 KB min: 0.08 KB max: 0.08 KB
3.76 KB/s from 100 messages
	Message size mean: 0.08 KB min: 0.08 KB max: 0.08 KB
3.78 KB/s from 100 messages
	Message size mean: 0.08 KB min: 0.08 KB max: 0.08 KB
3.77 KB/s from 100 messages
	Message size mean: 0.08 KB min: 0.08 KB max: 0.08 KB
3.76 KB/s from 100 messages
	Message size mean: 0.08 KB min: 0.08 KB max: 0.08 KB
3.75 KB/s from 100 messages
	Message size mean: 0.08 KB min: 0.08 KB max: 0.08 KB
3.77 KB/s from 100 messages
	Message size mean: 0.08 KB min: 0.08 KB max: 0.08 KB
3.77 KB/s from 100 messages
	Message size mean: 0.08 KB min: 0.08 KB max: 0.08 KB
3.76 KB/s from 100 messages
	Message size mean: 0.08 KB min: 0.08 KB max: 0.08 KB
3.78 KB/s from 100 messages
	Message size mean: 0.08 KB min: 0.08 KB max: 0.08 KB
3.77 KB/s from 100 messages
	Message size mean: 0.08 KB min: 0.08 KB max: 0.08 KB
3.79 KB/s from 100 messages
	Message size mean: 0.08 KB min: 0.08 KB max: 0.08 KB
3.77 KB/s from 100 messages
	Message size mean: 0.08 KB min: 0.08 KB max: 0.08 KB
3.76 KB/s from 100 messages
	Message size mean: 0.08 KB min: 0.08 KB max: 0.08 KB
3.78 KB/s from 100 messages
	Message size mean: 0.08 KB min: 0.08 KB max: 0.08 KB
3.77 KB/s from 100 messages
	Message size mean: 0.08 KB min: 0.08 KB max: 0.08 KB
3.76 KB/s from 100 messages
	Message size mean: 0.08 KB min: 0.08 KB max: 0.08 KB
3.74 KB/s from 100 messages
	Message size mean: 0.08 KB min: 0.08 KB max: 0.08 KB
3.77 KB/s from 100 messages
	Message size mean: 0.08 KB min: 0.08 KB max: 0.08 KB
3.77 KB/s from 100 messages
	Message size mean: 0.08 KB min: 0.08 KB max: 0.08 KB
3.72 KB/s from 100 messages
	Message size mean: 0.08 KB min: 0.08 KB max: 0.08 KB
3.71 KB/s from 100 messages
	Message size mean: 0.08 KB min: 0.08 KB max: 0.08 KB
3.76 KB/s from 100 messages
	Message size mean: 0.08 KB min: 0.08 KB max: 0.08 KB
3.76 KB/s from 100 messages
	Message size mean: 0.08 KB min: 0.08 KB max: 0.08 KB
3.75 KB/s from 100 messages
	Message size mean: 0.08 KB min: 0.08 KB max: 0.08 KB
3.75 KB/s from 100 messages
	Message size mean: 0.08 KB min: 0.08 KB max: 0.08 KB
3.75 KB/s from 100 messages
	Message size mean: 0.08 KB min: 0.08 KB max: 0.08 KB
3.43 KB/s from 100 messages
	Message size mean: 0.08 KB min: 0.08 KB max: 0.08 KB
3.23 KB/s from 100 messages
	Message size mean: 0.08 KB min: 0.08 KB max: 0.08 KB
3.23 KB/s from 100 messages
	Message size mean: 0.08 KB min: 0.08 KB max: 0.08 KB
3.63 KB/s from 100 messages
	Message size mean: 0.08 KB min: 0.08 KB max: 0.08 KB
3.75 KB/s from 100 messages
	Message size mean: 0.08 KB min: 0.08 KB max: 0.08 KB
3.71 KB/s from 100 messages
	Message size mean: 0.08 KB min: 0.08 KB max: 0.08 KB
3.57 KB/s from 100 messages
	Message size mean: 0.08 KB min: 0.08 KB max: 0.08 KB
3.59 KB/s from 100 messages
	Message size mean: 0.08 KB min: 0.08 KB max: 0.08 KB
3.75 KB/s from 100 messages
	Message size mean: 0.08 KB min: 0.08 KB max: 0.08 KB
3.72 KB/s from 100 messages
	Message size mean: 0.08 KB min: 0.08 KB max: 0.08 KB
3.72 KB/s from 100 messages
	Message size mean: 0.08 KB min: 0.08 KB max: 0.08 KB
3.73 KB/s from 100 messages
	Message size mean: 0.08 KB min: 0.08 KB max: 0.08 KB
3.70 KB/s from 100 messages
	Message size mean: 0.08 KB min: 0.08 KB max: 0.08 KB
3.68 KB/s from 100 messages
	Message size mean: 0.08 KB min: 0.08 KB max: 0.08 KB
3.72 KB/s from 100 messages
	Message size mean: 0.08 KB min: 0.08 KB max: 0.08 KB
3.69 KB/s from 100 messages
	Message size mean: 0.08 KB min: 0.08 KB max: 0.08 KB
3.42 KB/s from 100 messages
	Message size mean: 0.08 KB min: 0.08 KB max: 0.08 KB
3.36 KB/s from 100 messages
	Message size mean: 0.08 KB min: 0.08 KB max: 0.08 KB
3.65 KB/s from 100 messages
	Message size mean: 0.08 KB min: 0.08 KB max: 0.08 KB
3.67 KB/s from 100 messages
	Message size mean: 0.08 KB min: 0.08 KB max: 0.08 KB
3.62 KB/s from 100 messages
	Message size mean: 0.08 KB min: 0.08 KB max: 0.08 KB
3.67 KB/s from 100 messages
	Message size mean: 0.08 KB min: 0.08 KB max: 0.08 KB
3.74 KB/s from 100 messages
	Message size mean: 0.08 KB min: 0.08 KB max: 0.08 KB
3.79 KB/s from 100 messages
	Message size mean: 0.08 KB min: 0.08 KB max: 0.08 KB
3.81 KB/s from 100 messages
	Message size mean: 0.08 KB min: 0.08 KB max: 0.08 KB
3.78 KB/s from 100 messages
	Message size mean: 0.08 KB min: 0.08 KB max: 0.08 KB
3.72 KB/s from 100 messages
	Message size mean: 0.08 KB min: 0.08 KB max: 0.08 KB
3.55 KB/s from 100 messages
	Message size mean: 0.08 KB min: 0.08 KB max: 0.08 KB
3.44 KB/s from 100 messages
	Message size mean: 0.08 KB min: 0.08 KB max: 0.08 KB
3.52 KB/s from 100 messages
	Message size mean: 0.08 KB min: 0.08 KB max: 0.08 KB
3.61 KB/s from 100 messages
	Message size mean: 0.08 KB min: 0.08 KB max: 0.08 KB
3.69 KB/s from 100 messages
	Message size mean: 0.08 KB min: 0.08 KB max: 0.08 KB
3.67 KB/s from 100 messages
	Message size mean: 0.08 KB min: 0.08 KB max: 0.08 KB
3.71 KB/s from 100 messages
	Message size mean: 0.08 KB min: 0.08 KB max: 0.08 KB
3.69 KB/s from 100 messages
	Message size mean: 0.08 KB min: 0.08 KB max: 0.08 KB
3.65 KB/s from 100 messages
	Message size mean: 0.08 KB min: 0.08 KB max: 0.08 KB
3.66 KB/s from 100 messages
	Message size mean: 0.08 KB min: 0.08 KB max: 0.08 KB
3.75 KB/s from 100 messages
	Message size mean: 0.08 KB min: 0.08 KB max: 0.08 KB
3.60 KB/s from 100 messages
	Message size mean: 0.08 KB min: 0.08 KB max: 0.08 KB
3.62 KB/s from 100 messages
	Message size mean: 0.08 KB min: 0.08 KB max: 0.08 KB
3.77 KB/s from 100 messages
	Message size mean: 0.08 KB min: 0.08 KB max: 0.08 KB
3.57 KB/s from 100 messages
	Message size mean: 0.08 KB min: 0.08 KB max: 0.08 KB
3.53 KB/s from 100 messages
	Message size mean: 0.08 KB min: 0.08 KB max: 0.08 KB
3.71 KB/s from 100 messages
	Message size mean: 0.08 KB min: 0.08 KB max: 0.08 KB
3.77 KB/s from 100 messages
	Message size mean: 0.08 KB min: 0.08 KB max: 0.08 KB
3.77 KB/s from 100 messages
	Message size mean: 0.08 KB min: 0.08 KB max: 0.08 KB
3.76 KB/s from 100 messages
	Message size mean: 0.08 KB min: 0.08 KB max: 0.08 KB
3.78 KB/s from 100 messages
	Message size mean: 0.08 KB min: 0.08 KB max: 0.08 KB
3.77 KB/s from 100 messages
	Message size mean: 0.08 KB min: 0.08 KB max: 0.08 KB
3.76 KB/s from 100 messages
	Message size mean: 0.08 KB min: 0.08 KB max: 0.08 KB
3.71 KB/s from 100 messages
	Message size mean: 0.08 KB min: 0.08 KB max: 0.08 KB
3.70 KB/s from 100 messages
	Message size mean: 0.08 KB min: 0.08 KB max: 0.08 KB
3.78 KB/s from 100 messages
	Message size mean: 0.08 KB min: 0.08 KB max: 0.08 KB
3.77 KB/s from 100 messages
	Message size mean: 0.08 KB min: 0.08 KB max: 0.08 KB
3.76 KB/s from 100 messages
	Message size mean: 0.08 KB min: 0.08 KB max: 0.08 KB
3.78 KB/s from 100 messages
	Message size mean: 0.08 KB min: 0.08 KB max: 0.08 KB
3.77 KB/s from 100 messages
	Message size mean: 0.08 KB min: 0.08 KB max: 0.08 KB
3.79 KB/s from 100 messages
	Message size mean: 0.08 KB min: 0.08 KB max: 0.08 KB
3.78 KB/s from 100 messages
	Message size mean: 0.08 KB min: 0.08 KB max: 0.08 KB
3.76 KB/s from 100 messages
	Message size mean: 0.08 KB min: 0.08 KB max: 0.08 KB
3.78 KB/s from 100 messages
	Message size mean: 0.08 KB min: 0.08 KB max: 0.08 KB
3.73 KB/s from 100 messages
	Message size mean: 0.08 KB min: 0.08 KB max: 0.08 KB
3.72 KB/s from 100 messages
	Message size mean: 0.08 KB min: 0.08 KB max: 0.08 KB
3.78 KB/s from 100 messages
	Message size mean: 0.08 KB min: 0.08 KB max: 0.08 KB
3.77 KB/s from 100 messages
	Message size mean: 0.08 KB min: 0.08 KB max: 0.08 KB
3.76 KB/s from 100 messages
	Message size mean: 0.08 KB min: 0.08 KB max: 0.08 KB
3.71 KB/s from 100 messages
	Message size mean: 0.08 KB min: 0.08 KB max: 0.08 KB
3.71 KB/s from 100 messages
	Message size mean: 0.08 KB min: 0.08 KB max: 0.08 KB
3.75 KB/s from 100 messages
	Message size mean: 0.08 KB min: 0.08 KB max: 0.08 KB
3.71 KB/s from 100 messages
	Message size mean: 0.08 KB min: 0.08 KB max: 0.08 KB
3.67 KB/s from 100 messages
	Message size mean: 0.08 KB min: 0.08 KB max: 0.08 KB
3.70 KB/s from 100 messages
	Message size mean: 0.08 KB min: 0.08 KB max: 0.08 KB
3.70 KB/s from 100 messages
	Message size mean: 0.08 KB min: 0.08 KB max: 0.08 KB
3.70 KB/s from 100 messages
	Message size mean: 0.08 KB min: 0.08 KB max: 0.08 KB
3.77 KB/s from 100 messages
	Message size mean: 0.08 KB min: 0.08 KB max: 0.08 KB
3.76 KB/s from 100 messages
	Message size mean: 0.08 KB min: 0.08 KB max: 0.08 KB
3.76 KB/s from 100 messages
	Message size mean: 0.08 KB min: 0.08 KB max: 0.08 KB
3.75 KB/s from 100 messages
	Message size mean: 0.08 KB min: 0.08 KB max: 0.08 KB
3.75 KB/s from 100 messages
	Message size mean: 0.08 KB min: 0.08 KB max: 0.08 KB
3.71 KB/s from 100 messages
	Message size mean: 0.08 KB min: 0.08 KB max: 0.08 KB
3.74 KB/s from 100 messages
	Message size mean: 0.08 KB min: 0.08 KB max: 0.08 KB
3.77 KB/s from 100 messages
	Message size mean: 0.08 KB min: 0.08 KB max: 0.08 KB
3.76 KB/s from 100 messages
	Message size mean: 0.08 KB min: 0.08 KB max: 0.08 KB
3.75 KB/s from 100 messages
	Message size mean: 0.08 KB min: 0.08 KB max: 0.08 KB
3.75 KB/s from 100 messages
	Message size mean: 0.08 KB min: 0.08 KB max: 0.08 KB
3.75 KB/s from 100 messages
	Message size mean: 0.08 KB min: 0.08 KB max: 0.08 KB
3.74 KB/s from 100 messages
	Message size mean: 0.08 KB min: 0.08 KB max: 0.08 KB
3.73 KB/s from 100 messages
	Message size mean: 0.08 KB min: 0.08 KB max: 0.08 KB
3.76 KB/s from 100 messages
	Message size mean: 0.08 KB min: 0.08 KB max: 0.08 KB
3.75 KB/s from 100 messages
	Message size mean: 0.08 KB min: 0.08 KB max: 0.08 KB
3.74 KB/s from 100 messages
	Message size mean: 0.08 KB min: 0.08 KB max: 0.08 KB
3.77 KB/s from 100 messages
	Message size mean: 0.08 KB min: 0.08 KB max: 0.08 KB
3.42 KB/s from 100 messages
	Message size mean: 0.08 KB min: 0.08 KB max: 0.08 KB
3.41 KB/s from 100 messages
	Message size mean: 0.08 KB min: 0.08 KB max: 0.08 KB
3.73 KB/s from 100 messages
	Message size mean: 0.08 KB min: 0.08 KB max: 0.08 KB
3.72 KB/s from 100 messages
	Message size mean: 0.08 KB min: 0.08 KB max: 0.08 KB
3.75 KB/s from 100 messages
	Message size mean: 0.08 KB min: 0.08 KB max: 0.08 KB
3.76 KB/s from 100 messages
	Message size mean: 0.08 KB min: 0.08 KB max: 0.08 KB
3.76 KB/s from 100 messages
	Message size mean: 0.08 KB min: 0.08 KB max: 0.08 KB
3.78 KB/s from 100 messages
	Message size mean: 0.08 KB min: 0.08 KB max: 0.08 KB
3.76 KB/s from 100 messages
	Message size mean: 0.08 KB min: 0.08 KB max: 0.08 KB
3.79 KB/s from 100 messages
	Message size mean: 0.08 KB min: 0.08 KB max: 0.08 KB
3.77 KB/s from 100 messages
	Message size mean: 0.08 KB min: 0.08 KB max: 0.08 KB
3.76 KB/s from 100 messages
	Message size mean: 0.08 KB min: 0.08 KB max: 0.08 KB
3.78 KB/s from 100 messages
	Message size mean: 0.08 KB min: 0.08 KB max: 0.08 KB
3.77 KB/s from 100 messages
	Message size mean: 0.08 KB min: 0.08 KB max: 0.08 KB
3.75 KB/s from 100 messages
	Message size mean: 0.08 KB min: 0.08 KB max: 0.08 KB
3.75 KB/s from 100 messages
	Message size mean: 0.08 KB min: 0.08 KB max: 0.08 KB
3.78 KB/s from 100 messages
	Message size mean: 0.08 KB min: 0.08 KB max: 0.08 KB
3.77 KB/s from 100 messages
	Message size mean: 0.08 KB min: 0.08 KB max: 0.08 KB
3.76 KB/s from 100 messages
	Message size mean: 0.08 KB min: 0.08 KB max: 0.08 KB
3.75 KB/s from 100 messages
	Message size mean: 0.08 KB min: 0.08 KB max: 0.08 KB
3.71 KB/s from 100 messages
	Message size mean: 0.08 KB min: 0.08 KB max: 0.08 KB
3.68 KB/s from 100 messages
	Message size mean: 0.08 KB min: 0.08 KB max: 0.08 KB
3.72 KB/s from 100 messages
	Message size mean: 0.08 KB min: 0.08 KB max: 0.08 KB
3.75 KB/s from 100 messages
	Message size mean: 0.08 KB min: 0.08 KB max: 0.08 KB
3.74 KB/s from 100 messages
	Message size mean: 0.08 KB min: 0.08 KB max: 0.08 KB
3.74 KB/s from 100 messages
	Message size mean: 0.08 KB min: 0.08 KB max: 0.08 KB
3.71 KB/s from 100 messages
	Message size mean: 0.08 KB min: 0.08 KB max: 0.08 KB
3.70 KB/s from 100 messages
	Message size mean: 0.08 KB min: 0.08 KB max: 0.08 KB
3.77 KB/s from 100 messages
	Message size mean: 0.08 KB min: 0.08 KB max: 0.08 KB
3.49 KB/s from 100 messages
	Message size mean: 0.08 KB min: 0.08 KB max: 0.08 KB
3.44 KB/s from 100 messages
	Message size mean: 0.08 KB min: 0.08 KB max: 0.08 KB
3.64 KB/s from 100 messages
	Message size mean: 0.08 KB min: 0.08 KB max: 0.08 KB
3.66 KB/s from 100 messages
	Message size mean: 0.08 KB min: 0.08 KB max: 0.08 KB
3.70 KB/s from 100 messages
	Message size mean: 0.08 KB min: 0.08 KB max: 0.08 KB
3.75 KB/s from 100 messages
	Message size mean: 0.08 KB min: 0.08 KB max: 0.08 KB
3.75 KB/s from 100 messages
	Message size mean: 0.08 KB min: 0.08 KB max: 0.08 KB
3.74 KB/s from 100 messages
	Message size mean: 0.08 KB min: 0.08 KB max: 0.08 KB
3.74 KB/s from 100 messages
	Message size mean: 0.08 KB min: 0.08 KB max: 0.08 KB
3.77 KB/s from 100 messages
	Message size mean: 0.08 KB min: 0.08 KB max: 0.08 KB
3.76 KB/s from 100 messages
	Message size mean: 0.08 KB min: 0.08 KB max: 0.08 KB
3.68 KB/s from 100 messages
	Message size mean: 0.08 KB min: 0.08 KB max: 0.08 KB
3.72 KB/s from 100 messages
	Message size mean: 0.08 KB min: 0.08 KB max: 0.08 KB
3.77 KB/s from 100 messages
	Message size mean: 0.08 KB min: 0.08 KB max: 0.08 KB
3.76 KB/s from 100 messages
	Message size mean: 0.08 KB min: 0.08 KB max: 0.08 KB
3.76 KB/s from 100 messages
	Message size mean: 0.08 KB min: 0.08 KB max: 0.08 KB
3.76 KB/s from 100 messages
	Message size mean: 0.08 KB min: 0.08 KB max: 0.08 KB
3.75 KB/s from 100 messages
	Message size mean: 0.08 KB min: 0.08 KB max: 0.08 KB
3.78 KB/s from 100 messages
	Message size mean: 0.08 KB min: 0.08 KB max: 0.08 KB
3.77 KB/s from 100 messages
	Message size mean: 0.08 KB min: 0.08 KB max: 0.08 KB
3.76 KB/s from 100 messages
	Message size mean: 0.08 KB min: 0.08 KB max: 0.08 KB
3.75 KB/s from 100 messages
	Message size mean: 0.08 KB min: 0.08 KB max: 0.08 KB
3.77 KB/s from 100 messages
	Message size mean: 0.08 KB min: 0.08 KB max: 0.08 KB
3.76 KB/s from 100 messages
	Message size mean: 0.08 KB min: 0.08 KB max: 0.08 KB
3.76 KB/s from 100 messages
	Message size mean: 0.08 KB min: 0.08 KB max: 0.08 KB
3.78 KB/s from 100 messages
	Message size mean: 0.08 KB min: 0.08 KB max: 0.08 KB
3.77 KB/s from 100 messages
	Message size mean: 0.08 KB min: 0.08 KB max: 0.08 KB
3.76 KB/s from 100 messages
	Message size mean: 0.08 KB min: 0.08 KB max: 0.08 KB
3.78 KB/s from 100 messages
	Message size mean: 0.08 KB min: 0.08 KB max: 0.08 KB
3.77 KB/s from 100 messages
	Message size mean: 0.08 KB min: 0.08 KB max: 0.08 KB
3.76 KB/s from 100 messages
	Message size mean: 0.08 KB min: 0.08 KB max: 0.08 KB
3.78 KB/s from 100 messages
	Message size mean: 0.08 KB min: 0.08 KB max: 0.08 KB
3.77 KB/s from 100 messages
	Message size mean: 0.08 KB min: 0.08 KB max: 0.08 KB
3.72 KB/s from 100 messages
	Message size mean: 0.08 KB min: 0.08 KB max: 0.08 KB
3.68 KB/s from 100 messages
	Message size mean: 0.08 KB min: 0.08 KB max: 0.08 KB
3.59 KB/s from 100 messages
	Message size mean: 0.08 KB min: 0.08 KB max: 0.08 KB
3.68 KB/s from 100 messages
	Message size mean: 0.08 KB min: 0.08 KB max: 0.08 KB
3.66 KB/s from 100 messages
	Message size mean: 0.08 KB min: 0.08 KB max: 0.08 KB
3.61 KB/s from 100 messages
	Message size mean: 0.08 KB min: 0.08 KB max: 0.08 KB
3.49 KB/s from 100 messages
	Message size mean: 0.08 KB min: 0.08 KB max: 0.08 KB
3.27 KB/s from 100 messages
	Message size mean: 0.08 KB min: 0.08 KB max: 0.08 KB
2.96 KB/s from 100 messages
	Message size mean: 0.08 KB min: 0.08 KB max: 0.08 KB
3.03 KB/s from 100 messages
	Message size mean: 0.08 KB min: 0.08 KB max: 0.08 KB
3.36 KB/s from 100 messages
	Message size mean: 0.08 KB min: 0.08 KB max: 0.08 KB
3.51 KB/s from 100 messages
	Message size mean: 0.08 KB min: 0.08 KB max: 0.08 KB
3.63 KB/s from 100 messages
	Message size mean: 0.08 KB min: 0.08 KB max: 0.08 KB
3.73 KB/s from 100 messages
	Message size mean: 0.08 KB min: 0.08 KB max: 0.08 KB
3.77 KB/s from 100 messages
	Message size mean: 0.08 KB min: 0.08 KB max: 0.08 KB
3.73 KB/s from 100 messages
	Message size mean: 0.08 KB min: 0.08 KB max: 0.08 KB
3.72 KB/s from 100 messages
	Message size mean: 0.08 KB min: 0.08 KB max: 0.08 KB
3.76 KB/s from 100 messages
	Message size mean: 0.08 KB min: 0.08 KB max: 0.08 KB
3.77 KB/s from 100 messages
	Message size mean: 0.08 KB min: 0.08 KB max: 0.08 KB
3.72 KB/s from 100 messages
	Message size mean: 0.08 KB min: 0.08 KB max: 0.08 KB
3.75 KB/s from 100 messages
	Message size mean: 0.08 KB min: 0.08 KB max: 0.08 KB
3.76 KB/s from 100 messages
	Message size mean: 0.08 KB min: 0.08 KB max: 0.08 KB
3.78 KB/s from 100 messages
	Message size mean: 0.08 KB min: 0.08 KB max: 0.08 KB
3.77 KB/s from 100 messages
	Message size mean: 0.08 KB min: 0.08 KB max: 0.08 KB
3.76 KB/s from 100 messages
	Message size mean: 0.08 KB min: 0.08 KB max: 0.08 KB
3.78 KB/s from 100 messages
	Message size mean: 0.08 KB min: 0.08 KB max: 0.08 KB
3.77 KB/s from 100 messages
	Message size mean: 0.08 KB min: 0.08 KB max: 0.08 KB
3.79 KB/s from 100 messages
	Message size mean: 0.08 KB min: 0.08 KB max: 0.08 KB
3.77 KB/s from 100 messages
	Message size mean: 0.08 KB min: 0.08 KB max: 0.08 KB
3.79 KB/s from 100 messages
	Message size mean: 0.08 KB min: 0.08 KB max: 0.08 KB
3.77 KB/s from 100 messages
	Message size mean: 0.08 KB min: 0.08 KB max: 0.08 KB
3.76 KB/s from 100 messages
	Message size mean: 0.08 KB min: 0.08 KB max: 0.08 KB
3.78 KB/s from 100 messages
	Message size mean: 0.08 KB min: 0.08 KB max: 0.08 KB
3.77 KB/s from 100 messages
	Message size mean: 0.08 KB min: 0.08 KB max: 0.08 KB
3.75 KB/s from 100 messages
	Message size mean: 0.08 KB min: 0.08 KB max: 0.08 KB
3.78 KB/s from 100 messages
	Message size mean: 0.08 KB min: 0.08 KB max: 0.08 KB
3.77 KB/s from 100 messages
	Message size mean: 0.08 KB min: 0.08 KB max: 0.08 KB
3.75 KB/s from 100 messages
	Message size mean: 0.08 KB min: 0.08 KB max: 0.08 KB
3.74 KB/s from 100 messages
	Message size mean: 0.08 KB min: 0.08 KB max: 0.08 KB
3.74 KB/s from 100 messages
	Message size mean: 0.08 KB min: 0.08 KB max: 0.08 KB
3.73 KB/s from 100 messages
	Message size mean: 0.08 KB min: 0.08 KB max: 0.08 KB
3.78 KB/s from 100 messages
	Message size mean: 0.08 KB min: 0.08 KB max: 0.08 KB
3.77 KB/s from 100 messages
	Message size mean: 0.08 KB min: 0.08 KB max: 0.08 KB
3.76 KB/s from 100 messages
	Message size mean: 0.08 KB min: 0.08 KB max: 0.08 KB
3.78 KB/s from 100 messages
	Message size mean: 0.08 KB min: 0.08 KB max: 0.08 KB
3.77 KB/s from 100 messages
	Message size mean: 0.08 KB min: 0.08 KB max: 0.08 KB
3.76 KB/s from 100 messages
	Message size mean: 0.08 KB min: 0.08 KB max: 0.08 KB
3.78 KB/s from 100 messages
	Message size mean: 0.08 KB min: 0.08 KB max: 0.08 KB
3.77 KB/s from 100 messages
	Message size mean: 0.08 KB min: 0.08 KB max: 0.08 KB
3.75 KB/s from 100 messages
	Message size mean: 0.08 KB min: 0.08 KB max: 0.08 KB
3.77 KB/s from 100 messages
	Message size mean: 0.08 KB min: 0.08 KB max: 0.08 KB
3.76 KB/s from 100 messages
	Message size mean: 0.08 KB min: 0.08 KB max: 0.08 KB
3.79 KB/s from 100 messages
	Message size mean: 0.08 KB min: 0.08 KB max: 0.08 KB
3.77 KB/s from 100 messages
	Message size mean: 0.08 KB min: 0.08 KB max: 0.08 KB
3.76 KB/s from 100 messages
	Message size mean: 0.08 KB min: 0.08 KB max: 0.08 KB
3.78 KB/s from 100 messages
	Message size mean: 0.08 KB min: 0.08 KB max: 0.08 KB
3.76 KB/s from 100 messages
	Message size mean: 0.08 KB min: 0.08 KB max: 0.08 KB
3.76 KB/s from 100 messages
	Message size mean: 0.08 KB min: 0.08 KB max: 0.08 KB
3.75 KB/s from 100 messages
	Message size mean: 0.08 KB min: 0.08 KB max: 0.08 KB
3.78 KB/s from 100 messages
	Message size mean: 0.08 KB min: 0.08 KB max: 0.08 KB
3.77 KB/s from 100 messages
	Message size mean: 0.08 KB min: 0.08 KB max: 0.08 KB
3.76 KB/s from 100 messages
	Message size mean: 0.08 KB min: 0.08 KB max: 0.08 KB
3.75 KB/s from 100 messages
	Message size mean: 0.08 KB min: 0.08 KB max: 0.08 KB
3.78 KB/s from 100 messages
	Message size mean: 0.08 KB min: 0.08 KB max: 0.08 KB
3.77 KB/s from 100 messages
	Message size mean: 0.08 KB min: 0.08 KB max: 0.08 KB
3.75 KB/s from 100 messages
	Message size mean: 0.08 KB min: 0.08 KB max: 0.08 KB
3.78 KB/s from 100 messages
	Message size mean: 0.08 KB min: 0.08 KB max: 0.08 KB
3.76 KB/s from 100 messages
	Message size mean: 0.08 KB min: 0.08 KB max: 0.08 KB
3.79 KB/s from 100 messages
	Message size mean: 0.08 KB min: 0.08 KB max: 0.08 KB
3.77 KB/s from 100 messages
	Message size mean: 0.08 KB min: 0.08 KB max: 0.08 KB
3.76 KB/s from 100 messages
	Message size mean: 0.08 KB min: 0.08 KB max: 0.08 KB
3.78 KB/s from 100 messages
	Message size mean: 0.08 KB min: 0.08 KB max: 0.08 KB
3.76 KB/s from 100 messages
	Message size mean: 0.08 KB min: 0.08 KB max: 0.08 KB
3.75 KB/s from 100 messages
	Message size mean: 0.08 KB min: 0.08 KB max: 0.08 KB
3.78 KB/s from 100 messages
	Message size mean: 0.08 KB min: 0.08 KB max: 0.08 KB
3.77 KB/s from 100 messages
	Message size mean: 0.08 KB min: 0.08 KB max: 0.08 KB
3.76 KB/s from 100 messages
	Message size mean: 0.08 KB min: 0.08 KB max: 0.08 KB
3.75 KB/s from 100 messages
	Message size mean: 0.08 KB min: 0.08 KB max: 0.08 KB
3.77 KB/s from 100 messages
	Message size mean: 0.08 KB min: 0.08 KB max: 0.08 KB
3.77 KB/s from 100 messages
	Message size mean: 0.08 KB min: 0.08 KB max: 0.08 KB
3.75 KB/s from 100 messages
	Message size mean: 0.08 KB min: 0.08 KB max: 0.08 KB
3.78 KB/s from 100 messages
	Message size mean: 0.08 KB min: 0.08 KB max: 0.08 KB
3.76 KB/s from 100 messages
	Message size mean: 0.08 KB min: 0.08 KB max: 0.08 KB
3.75 KB/s from 100 messages
	Message size mean: 0.08 KB min: 0.08 KB max: 0.08 KB
3.78 KB/s from 100 messages
	Message size mean: 0.08 KB min: 0.08 KB max: 0.08 KB
3.76 KB/s from 100 messages
	Message size mean: 0.08 KB min: 0.08 KB max: 0.08 KB
3.75 KB/s from 100 messages
	Message size mean: 0.08 KB min: 0.08 KB max: 0.08 KB
3.77 KB/s from 100 messages
	Message size mean: 0.08 KB min: 0.08 KB max: 0.08 KB
3.76 KB/s from 100 messages
	Message size mean: 0.08 KB min: 0.08 KB max: 0.08 KB
3.78 KB/s from 100 messages
	Message size mean: 0.08 KB min: 0.08 KB max: 0.08 KB
3.77 KB/s from 100 messages
	Message size mean: 0.08 KB min: 0.08 KB max: 0.08 KB
3.76 KB/s from 100 messages
	Message size mean: 0.08 KB min: 0.08 KB max: 0.08 KB
3.78 KB/s from 100 messages
	Message size mean: 0.08 KB min: 0.08 KB max: 0.08 KB
3.76 KB/s from 100 messages
	Message size mean: 0.08 KB min: 0.08 KB max: 0.08 KB
3.75 KB/s from 100 messages
	Message size mean: 0.08 KB min: 0.08 KB max: 0.08 KB
3.78 KB/s from 100 messages
	Message size mean: 0.08 KB min: 0.08 KB max: 0.08 KB
3.76 KB/s from 100 messages
	Message size mean: 0.08 KB min: 0.08 KB max: 0.08 KB
3.75 KB/s from 100 messages
	Message size mean: 0.08 KB min: 0.08 KB max: 0.08 KB
3.74 KB/s from 100 messages
	Message size mean: 0.08 KB min: 0.08 KB max: 0.08 KB
3.77 KB/s from 100 messages
	Message size mean: 0.08 KB min: 0.08 KB max: 0.08 KB
3.76 KB/s from 100 messages
	Message size mean: 0.08 KB min: 0.08 KB max: 0.08 KB
3.75 KB/s from 100 messages
	Message size mean: 0.08 KB min: 0.08 KB max: 0.08 KB
3.78 KB/s from 100 messages
	Message size mean: 0.08 KB min: 0.08 KB max: 0.08 KB
3.77 KB/s from 100 messages
	Message size mean: 0.08 KB min: 0.08 KB max: 0.08 KB
3.75 KB/s from 100 messages
	Message size mean: 0.08 KB min: 0.08 KB max: 0.08 KB
3.78 KB/s from 100 messages
	Message size mean: 0.08 KB min: 0.08 KB max: 0.08 KB
3.77 KB/s from 100 messages
	Message size mean: 0.08 KB min: 0.08 KB max: 0.08 KB
3.79 KB/s from 100 messages
	Message size mean: 0.08 KB min: 0.08 KB max: 0.08 KB
3.77 KB/s from 100 messages
	Message size mean: 0.08 KB min: 0.08 KB max: 0.08 KB
3.72 KB/s from 100 messages
	Message size mean: 0.08 KB min: 0.08 KB max: 0.08 KB
3.74 KB/s from 100 messages
	Message size mean: 0.08 KB min: 0.08 KB max: 0.08 KB
3.76 KB/s from 100 messages
	Message size mean: 0.08 KB min: 0.08 KB max: 0.08 KB
3.78 KB/s from 100 messages
	Message size mean: 0.08 KB min: 0.08 KB max: 0.08 KB
3.76 KB/s from 100 messages
	Message size mean: 0.08 KB min: 0.08 KB max: 0.08 KB
3.75 KB/s from 100 messages
	Message size mean: 0.08 KB min: 0.08 KB max: 0.08 KB
3.78 KB/s from 100 messages
	Message size mean: 0.08 KB min: 0.08 KB max: 0.08 KB
3.76 KB/s from 100 messages
	Message size mean: 0.08 KB min: 0.08 KB max: 0.08 KB
3.71 KB/s from 100 messages
	Message size mean: 0.08 KB min: 0.08 KB max: 0.08 KB
3.70 KB/s from 100 messages
	Message size mean: 0.08 KB min: 0.08 KB max: 0.08 KB
3.75 KB/s from 100 messages
	Message size mean: 0.08 KB min: 0.08 KB max: 0.08 KB
3.74 KB/s from 100 messages
	Message size mean: 0.08 KB min: 0.08 KB max: 0.08 KB
3.78 KB/s from 100 messages
	Message size mean: 0.08 KB min: 0.08 KB max: 0.08 KB
3.77 KB/s from 100 messages
	Message size mean: 0.08 KB min: 0.08 KB max: 0.08 KB
3.76 KB/s from 100 messages
	Message size mean: 0.08 KB min: 0.08 KB max: 0.08 KB
3.75 KB/s from 100 messages
	Message size mean: 0.08 KB min: 0.08 KB max: 0.08 KB
3.75 KB/s from 100 messages
	Message size mean: 0.08 KB min: 0.08 KB max: 0.08 KB
3.78 KB/s from 100 messages
	Message size mean: 0.08 KB min: 0.08 KB max: 0.08 KB
3.77 KB/s from 100 messages
	Message size mean: 0.08 KB min: 0.08 KB max: 0.08 KB
3.76 KB/s from 100 messages
	Message size mean: 0.08 KB min: 0.08 KB max: 0.08 KB
3.75 KB/s from 100 messages
	Message size mean: 0.08 KB min: 0.08 KB max: 0.08 KB
3.78 KB/s from 100 messages
	Message size mean: 0.08 KB min: 0.08 KB max: 0.08 KB
3.77 KB/s from 100 messages
	Message size mean: 0.08 KB min: 0.08 KB max: 0.08 KB
3.76 KB/s from 100 messages
	Message size mean: 0.08 KB min: 0.08 KB max: 0.08 KB
3.75 KB/s from 100 messages
	Message size mean: 0.08 KB min: 0.08 KB max: 0.08 KB
3.74 KB/s from 100 messages
	Message size mean: 0.08 KB min: 0.08 KB max: 0.08 KB
3.73 KB/s from 100 messages
	Message size mean: 0.08 KB min: 0.08 KB max: 0.08 KB
3.73 KB/s from 100 messages
	Message size mean: 0.08 KB min: 0.08 KB max: 0.08 KB
3.78 KB/s from 100 messages
	Message size mean: 0.08 KB min: 0.08 KB max: 0.08 KB
3.76 KB/s from 100 messages
	Message size mean: 0.08 KB min: 0.08 KB max: 0.08 KB
3.75 KB/s from 100 messages
	Message size mean: 0.08 KB min: 0.08 KB max: 0.08 KB
3.75 KB/s from 100 messages
	Message size mean: 0.08 KB min: 0.08 KB max: 0.08 KB
3.78 KB/s from 100 messages
	Message size mean: 0.08 KB min: 0.08 KB max: 0.08 KB
3.76 KB/s from 100 messages
	Message size mean: 0.08 KB min: 0.08 KB max: 0.08 KB
3.75 KB/s from 100 messages
	Message size mean: 0.08 KB min: 0.08 KB max: 0.08 KB
3.75 KB/s from 100 messages
	Message size mean: 0.08 KB min: 0.08 KB max: 0.08 KB
3.77 KB/s from 100 messages
	Message size mean: 0.08 KB min: 0.08 KB max: 0.08 KB
3.77 KB/s from 100 messages
	Message size mean: 0.08 KB min: 0.08 KB max: 0.08 KB
3.76 KB/s from 100 messages
	Message size mean: 0.08 KB min: 0.08 KB max: 0.08 KB
3.75 KB/s from 100 messages
	Message size mean: 0.08 KB min: 0.08 KB max: 0.08 KB
3.78 KB/s from 100 messages
	Message size mean: 0.08 KB min: 0.08 KB max: 0.08 KB
3.77 KB/s from 100 messages
	Message size mean: 0.08 KB min: 0.08 KB max: 0.08 KB
3.76 KB/s from 100 messages
	Message size mean: 0.08 KB min: 0.08 KB max: 0.08 KB
3.75 KB/s from 100 messages
	Message size mean: 0.08 KB min: 0.08 KB max: 0.08 KB
3.74 KB/s from 100 messages
	Message size mean: 0.08 KB min: 0.08 KB max: 0.08 KB
3.73 KB/s from 100 messages
	Message size mean: 0.08 KB min: 0.08 KB max: 0.08 KB
3.73 KB/s from 100 messages
	Message size mean: 0.08 KB min: 0.08 KB max: 0.08 KB
3.70 KB/s from 100 messages
	Message size mean: 0.08 KB min: 0.08 KB max: 0.08 KB
3.29 KB/s from 100 messages
	Message size mean: 0.08 KB min: 0.08 KB max: 0.08 KB
2.80 KB/s from 100 messages
	Message size mean: 0.08 KB min: 0.08 KB max: 0.08 KB
2.45 KB/s from 100 messages
	Message size mean: 0.08 KB min: 0.08 KB max: 0.08 KB
2.24 KB/s from 100 messages
	Message size mean: 0.08 KB min: 0.08 KB max: 0.08 KB
2.05 KB/s from 100 messages
	Message size mean: 0.08 KB min: 0.08 KB max: 0.08 KB
2.32 KB/s from 100 messages
	Message size mean: 0.08 KB min: 0.08 KB max: 0.08 KB
2.88 KB/s from 100 messages
	Message size mean: 0.08 KB min: 0.08 KB max: 0.08 KB
3.09 KB/s from 100 messages
	Message size mean: 0.08 KB min: 0.08 KB max: 0.08 KB
2.70 KB/s from 100 messages
	Message size mean: 0.08 KB min: 0.08 KB max: 0.08 KB
2.41 KB/s from 100 messages
	Message size mean: 0.08 KB min: 0.08 KB max: 0.08 KB
2.27 KB/s from 100 messages
	Message size mean: 0.08 KB min: 0.08 KB max: 0.08 KB
2.51 KB/s from 100 messages
	Message size mean: 0.08 KB min: 0.08 KB max: 0.08 KB
2.56 KB/s from 100 messages
	Message size mean: 0.08 KB min: 0.08 KB max: 0.08 KB
2.23 KB/s from 100 messages
	Message size mean: 0.08 KB min: 0.08 KB max: 0.08 KB
1.97 KB/s from 100 messages
	Message size mean: 0.08 KB min: 0.08 KB max: 0.08 KB
1.74 KB/s from 100 messages
	Message size mean: 0.08 KB min: 0.08 KB max: 0.08 KB
1.52 KB/s from 100 messages
	Message size mean: 0.08 KB min: 0.08 KB max: 0.08 KB
1.35 KB/s from 100 messages
	Message size mean: 0.08 KB min: 0.08 KB max: 0.08 KB
1.27 KB/s from 100 messages
	Message size mean: 0.08 KB min: 0.08 KB max: 0.08 KB
1.29 KB/s from 100 messages
	Message size mean: 0.08 KB min: 0.08 KB max: 0.08 KB
1.26 KB/s from 100 messages
	Message size mean: 0.08 KB min: 0.08 KB max: 0.08 KB
1.15 KB/s from 100 messages
	Message size mean: 0.08 KB min: 0.08 KB max: 0.08 KB
997 B/s from 100 messages
	Message size mean: 76 B min: 76 B max: 76 B
881 B/s from 100 messages
	Message size mean: 76 B min: 76 B max: 76 B
790 B/s from 100 messages
	Message size mean: 76 B min: 76 B max: 76 B
715 B/s from 100 messages
	Message size mean: 76 B min: 76 B max: 76 B
654 B/s from 100 messages
	Message size mean: 76 B min: 76 B max: 76 B
602 B/s from 100 messages
	Message size mean: 76 B min: 76 B max: 76 B
558 B/s from 100 messages
	Message size mean: 76 B min: 76 B max: 76 B
