[INFO] [1788458766.847718397] [mavros_node]: Starting mavros_node container
[INFO] [1788458766.847789491] [mavros_node]: FCU URL: udp://:14550@127.0.0.1:18570
[INFO] [1788458766.847796446] [mavros_node]: GCS URL: 
[INFO] [1788458766.847799963] [mavros_node]: UAS Prefix: /uas1
[INFO] [1788458766.847803040] [mavros_node]: Starting mavros router node
[INFO] [1788458766.854559053] [mavros_router]: Built-in SIMD instructions: SSE, SSE2
[INFO] [1788458766.854587618] [mavros_router]: Built-in MAVLink package version: 2026.3.3
[INFO] [1788458766.854595386] [mavros_router]: Known MAVLink dialects: common ardupilotmega ASLUAV AVSSUAS all csAirLink cubepilot development icarous loweheiser marsh matrixpilot paparazzi standard stemstudios storm32 uAvionix ualberta
[INFO] [1788458766.854599978] [mavros_router]: MAVROS Router started
[INFO] [1788458766.854682262] [mavros_node]: Starting mavros uas node
[INFO] [1788458766.892500653] [mavros_router]: Requested to add endpoint: type: 0, url: udp://:14550@127.0.0.1:18570
[INFO] [1788458766.892571514] [mavros_router]: Endpoint link[1000] created
[INFO] [1788458766.893059893] [mavros_router]: link[1000] opened successfully
[INFO] [1788458766.893087281] [mavros_router]: Requested to add endpoint: type: 2, url: /uas1
[INFO] [1788458766.893111875] [mavros_router]: Endpoint link[1001] created
[INFO] [1788458766.896599449] [mavros_router]: link[1001] opened successfully
[INFO] [1788458766.902692883] [mavros]: UAS Executor started, threads: 12
[INFO] [1788458766.920870994] [mavros]: Plugin actuator_control created
[INFO] [1788458766.920921938] [mavros]: Plugin actuator_control initialized
[INFO] [1788458766.945982477] [mavros]: Plugin adsb created
[INFO] [1788458766.946028914] [mavros]: Plugin adsb initialized
[INFO] [1788458766.958155054] [mavros]: Plugin altitude created
[INFO] [1788458766.958195811] [mavros]: Plugin altitude initialized
[INFO] [1788458766.965335658] [mavros]: Plugin cam_imu_sync created
[INFO] [1788458766.965373037] [mavros]: Plugin cam_imu_sync initialized
[INFO] [1788458766.978410803] [mavros]: Plugin camera created
[INFO] [1788458766.978832948] [mavros]: Plugin camera initialized
[INFO] [1788458766.987685442] [mavros]: Plugin cellular_status created
[INFO] [1788458766.987726839] [mavros]: Plugin cellular_status initialized
[INFO] [1788458767.003884459] [mavros]: Plugin command created
[INFO] [1788458767.003943407] [mavros]: Plugin command initialized
[INFO] [1788458767.013720243] [mavros]: Plugin companion_process_status created
[INFO] [1788458767.013897994] [mavros]: Plugin companion_process_status initialized
[INFO] [1788458767.026256925] [mavros]: Plugin debug_value created
[INFO] [1788458767.026311456] [mavros]: Plugin debug_value initialized
[INFO] [1788458767.032785822] [mavros.distance_sensor]: DS: Plugin not configured!
[INFO] [1788458767.032878283] [mavros]: Plugin distance_sensor created
[INFO] [1788458767.032898208] [mavros]: Plugin distance_sensor initialized
[INFO] [1788458767.042083619] [mavros]: Plugin esc_status created
[INFO] [1788458767.042130632] [mavros]: Plugin esc_status initialized
[INFO] [1788458767.049601655] [mavros]: Plugin esc_telemetry created
[INFO] [1788458767.049651044] [mavros]: Plugin esc_telemetry initialized
[INFO] [1788458767.059983209] [mavros]: Plugin fake_gps created
[INFO] [1788458767.060020946] [mavros]: Plugin fake_gps initialized
[INFO] [1788458767.074377319] [mavros]: Plugin ftp created
[INFO] [1788458767.074420092] [mavros]: Plugin ftp initialized
[INFO] [1788458767.082860793] [mavros]: Plugin geofence created
[INFO] [1788458767.082910495] [mavros]: Plugin geofence initialized
[INFO] [1788458767.096691402] [mavros]: Plugin gimbal_control created
[INFO] [1788458767.096740721] [mavros]: Plugin gimbal_control initialized
[INFO] [1788458767.113006056] [mavros]: Plugin global_position created
[INFO] [1788458767.113058531] [mavros]: Plugin global_position initialized
[INFO] [1788458767.122314009] [mavros]: Plugin gps_input created
[INFO] [1788458767.122350881] [mavros]: Plugin gps_input initialized
[INFO] [1788458767.131194445] [mavros]: Plugin gps_rtk created
[INFO] [1788458767.131258545] [mavros]: Plugin gps_rtk initialized
[INFO] [1788458767.142443701] [mavros]: Plugin gps_status created
[INFO] [1788458767.142495691] [mavros]: Plugin gps_status initialized
[INFO] [1788458767.151835477] [mavros]: Plugin guided_target created
[INFO] [1788458767.151891858] [mavros]: Plugin guided_target initialized
[INFO] [1788458767.163626006] [mavros]: Plugin hil created
[INFO] [1788458767.163670760] [mavros]: Plugin hil initialized
[INFO] [1788458767.173873801] [mavros]: Plugin home_position created
[INFO] [1788458767.173912332] [mavros]: Plugin home_position initialized
[INFO] [1788458767.184443686] [mavros]: Plugin imu created
[INFO] [1788458767.184498184] [mavros]: Plugin imu initialized
[INFO] [1788458767.196844333] [mavros]: Plugin landing_target created
[INFO] [1788458767.196880472] [mavros]: Plugin landing_target initialized
[INFO] [1788458767.210944648] [mavros]: Plugin local_position created
[INFO] [1788458767.210994915] [mavros]: Plugin local_position initialized
[INFO] [1788458767.225303907] [mavros]: Plugin log_transfer created
[INFO] [1788458767.225344739] [mavros]: Plugin log_transfer initialized
[INFO] [1788458767.235285150] [mavros]: Plugin mag_calibration_status created
[INFO] [1788458767.235330933] [mavros]: Plugin mag_calibration_status initialized
[INFO] [1788458767.247592772] [mavros]: Plugin manual_control created
[INFO] [1788458767.247631252] [mavros]: Plugin manual_control initialized
[INFO] [1788458767.260321052] [mavros]: Plugin mocap_pose_estimate created
[INFO] [1788458767.260359699] [mavros]: Plugin mocap_pose_estimate initialized
[INFO] [1788458767.274847015] [mavros]: Plugin mount_control created
[INFO] [1788458767.274893682] [mavros]: Plugin mount_control initialized
[INFO] [1788458767.285728577] [mavros]: Plugin nav_controller_output created
[INFO] [1788458767.285769893] [mavros]: Plugin nav_controller_output initialized
[INFO] [1788458767.298443769] [mavros]: Plugin obstacle_distance created
[INFO] [1788458767.298479318] [mavros]: Plugin obstacle_distance initialized
[INFO] [1788458767.311815504] [mavros]: Plugin obstacle_distance_3d created
[INFO] [1788458767.311853345] [mavros]: Plugin obstacle_distance_3d initialized
[INFO] [1788458767.326174218] [mavros]: Plugin odometry created
[INFO] [1788458767.326213227] [mavros]: Plugin odometry initialized
[INFO] [1788458767.342282783] [mavros]: Plugin onboard_computer_status created
[INFO] [1788458767.342318203] [mavros]: Plugin onboard_computer_status initialized
[INFO] [1788458767.360305460] [mavros]: Plugin open_drone_id created
[INFO] [1788458767.360351219] [mavros]: Plugin open_drone_id initialized
[INFO] [1788458767.377240762] [mavros_router]: link[1000] detected remote address 1.1
[INFO] [1788458767.380586525] [mavros]: Plugin optical_flow created
[INFO] [1788458767.380634207] [mavros]: Plugin optical_flow initialized
[INFO] [1788458767.402690961] [mavros]: Plugin param created
[INFO] [1788458767.402769932] [mavros]: Plugin param initialized
[INFO] [1788458767.423574936] [mavros]: Plugin play_tune created
[INFO] [1788458767.423621209] [mavros]: Plugin play_tune initialized
[INFO] [1788458767.443345830] [mavros]: Plugin px4flow created
[INFO] [1788458767.443391932] [mavros]: Plugin px4flow initialized
[INFO] [1788458767.466376238] [mavros]: Plugin rallypoint created
[INFO] [1788458767.466428793] [mavros]: Plugin rallypoint initialized
[INFO] [1788458767.485400183] [mavros]: Plugin rangefinder created
[INFO] [1788458767.485450635] [mavros]: Plugin rangefinder initialized
[INFO] [1788458767.506788240] [mavros]: Plugin rc_io created
[INFO] [1788458767.506839866] [mavros]: Plugin rc_io initialized
[INFO] [1788458767.527730353] [mavros]: Plugin setpoint_accel created
[INFO] [1788458767.527776259] [mavros]: Plugin setpoint_accel initialized
[INFO] [1788458767.548112444] [mavros]: Plugin setpoint_attitude created
[INFO] [1788458767.548156068] [mavros]: Plugin setpoint_attitude initialized
[INFO] [1788458767.575020630] [mavros]: Plugin setpoint_position created
[INFO] [1788458767.575110528] [mavros]: Plugin setpoint_position initialized
[INFO] [1788458767.600301206] [mavros]: Plugin setpoint_raw created
[INFO] [1788458767.600346339] [mavros]: Plugin setpoint_raw initialized
[INFO] [1788458767.627799042] [mavros]: Plugin setpoint_trajectory created
[INFO] [1788458767.627838353] [mavros]: Plugin setpoint_trajectory initialized
[INFO] [1788458767.650268667] [mavros]: Plugin setpoint_velocity created
[INFO] [1788458767.650311293] [mavros]: Plugin setpoint_velocity initialized
[INFO] [1788458767.678019917] [mavros]: Plugin sim_state created
[INFO] [1788458767.678071828] [mavros]: Plugin sim_state initialized
[INFO] [1788458767.715855737] [mavros]: Plugin sys_status created
[INFO] [1788458767.715909392] [mavros]: Plugin sys_status initialized
[INFO] [1788458767.737807169] [mavros.time]: TM: Timesync mode: MAVLINK
[INFO] [1788458767.742410141] [mavros]: Plugin sys_time created
[INFO] [1788458767.742455495] [mavros]: Plugin sys_time initialized
[INFO] [1788458767.764861190] [mavros]: Plugin tdr_radio created
[INFO] [1788458767.764907138] [mavros]: Plugin tdr_radio initialized
[INFO] [1788458767.789154411] [mavros]: Plugin terrain created
[INFO] [1788458767.789199245] [mavros]: Plugin terrain initialized
[INFO] [1788458767.815856137] [mavros]: Plugin trajectory created
[INFO] [1788458767.815894513] [mavros]: Plugin trajectory initialized
[INFO] [1788458767.842878939] [mavros]: Plugin tunnel created
[INFO] [1788458767.842931807] [mavros]: Plugin tunnel initialized
[INFO] [1788458767.867680308] [mavros]: Plugin vfr_hud created
[INFO] [1788458767.867720226] [mavros]: Plugin vfr_hud initialized
[INFO] [1788458767.894757798] [mavros]: Plugin vibration created
[INFO] [1788458767.894799298] [mavros]: Plugin vibration initialized
[INFO] [1788458767.926340967] [mavros]: Plugin vision_pose created
[INFO] [1788458767.926377435] [mavros]: Plugin vision_pose initialized
[INFO] [1788458767.956411869] [mavros]: Plugin vision_speed created
[INFO] [1788458767.956455469] [mavros]: Plugin vision_speed initialized
[INFO] [1788458767.993851497] [mavros]: Plugin waypoint created
[INFO] [1788458767.993907650] [mavros]: Plugin waypoint initialized
[INFO] [1788458768.028029620] [mavros]: Plugin wheel_odometry created
[INFO] [1788458768.028072505] [mavros]: Plugin wheel_odometry initialized
[INFO] [1788458768.055974622] [mavros]: Plugin wind_estimation created
[INFO] [1788458768.056033723] [mavros]: Plugin wind_estimation initialized
[INFO] [1788458768.058931505] [mavros]: Built-in SIMD instructions: SSE, SSE2
[INFO] [1788458768.058977523] [mavros]: Built-in MAVLink package version: 2026.3.3
[INFO] [1788458768.058983854] [mavros]: Known MAVLink dialects: common ardupilotmega ASLUAV AVSSUAS all csAirLink cubepilot development icarous loweheiser marsh matrixpilot paparazzi standard stemstudios storm32 uAvionix ualberta
[INFO] [1788458768.058990016] [mavros]: MAVROS UAS via /uas1 started. MY ID 1.191, TARGET ID 1.1
[INFO] [1788458768.420009102] [mavros]: CON: Got HEARTBEAT, connected. FCU: PX4 Autopilot
[INFO] [1788458768.420100599] [mavros.mission]: WP: detected enable_partial_push: 0
[INFO] [1788458768.704165131] [mavros_router]: link[1001] detected remote address 1.191
[WARN] [1788458769.436802259] [mavros.cmd]: CMD: Unexpected command 520, result 3
[WARN] [1788458769.668522063] [mavros.sys]: FCU: UNK(8): EVENT 11047904 with args -0-0-16-19-1-128-0-0-0-0-0-0-0-0-42-1-128-0-0-0-0-0-0-0-0-0-0-0-0-0-0-0-0-0-0-0-0-0-0-0-
[ERROR] [1788458769.668654058] [mavros.sys]: FCU: EVENT 13426421 with args -252-0-126-0-17-0-0-0-0-0-0-0-0-0-0-0-0-0-0-0-0-0-0-0-0-0-0-0-0-0-0-0-0-0-0-0-0-0-0-0-
[ERROR] [1788458769.668710990] [mavros.sys]: FCU: EVENT 11464574 with args -0-64-0-0-20-0-0-0-0-0-0-0-0-0-0-0-0-0-0-0-0-0-0-0-0-0-0-0-0-0-0-0-0-0-0-0-0-0-0-0-
[ERROR] [1788458769.668808486] [mavros.sys]: FCU: EVENT 10450063 with args -254-209-126-0-16-0-0-0-0-0-0-0-0-0-0-0-0-0-0-0-0-0-0-0-0-0-0-0-0-0-0-0-0-0-0-0-0-0-0-0-
[ERROR] [1788458769.668837625] [mavros.sys]: FCU: EVENT 13835193 with args -252-0-126-0-17-0-0-0-0-0-0-0-0-0-0-0-0-0-0-0-0-0-0-0-0-0-0-0-0-0-0-0-0-0-0-0-0-0-0-0-
[ERROR] [1788458769.668921158] [mavros.sys]: FCU: EVENT 10011251 with args -56-0-0-0-24-0-0-0-0-0-0-0-0-0-0-0-0-0-0-0-0-0-0-0-0-0-0-0-0-0-0-0-0-0-0-0-0-0-0-0-
[INFO] [1788458769.668968039] [mavros.sys]: FCU: EVENT 377561 with args -8-0-0-0-20-0-0-0-0-0-0-0-0-0-0-0-0-0-0-0-0-0-0-0-0-0-0-0-0-0-0-0-0-0-0-0-0-0-0-0-
[WARN] [1788458769.669051363] [mavros.sys]: FCU: EVENT 453929 with args -255-255-255-255-7-0-0-0-0-0-0-0-0-0-0-0-0-0-0-0-0-0-0-0-0-0-0-0-0-0-0-0-0-0-0-0-0-0-0-0-
[ERROR] [1788458769.669095397] [mavros.sys]: FCU: EVENT 6801787 with args -255-255-255-255-12-0-0-0-0-0-0-0-0-0-0-0-0-0-0-0-0-0-0-0-0-0-0-0-0-0-0-0-0-0-0-0-0-0-0-0-
[WARN] [1788458769.669184061] [mavros.sys]: FCU: UNK(8): EVENT 1914663 with args -0-2-13-2-56-0-0-0-0-0-0-0-0-0-0-0-0-0-0-0-0-0-0-0-0-0-0-0-0-0-0-0-0-0-0-0-0-0-0-0-
[WARN] [1788458770.456490452] [mavros.sys]: VER: broadcast request timeout, retries left 4
[WARN] [1788458771.429330771] [mavros.sys]: VER: broadcast request timeout, retries left 3
[ERROR] [1788458772.435252215] [mavros.sys]: VER: command plugin service call failed!
[WARN] [1788458772.435295479] [mavros.sys]: VER: unicast request timeout, retries left 2
[ERROR] [1788458773.434957641] [mavros.sys]: VER: command plugin service call failed!
[WARN] [1788458773.434995071] [mavros.sys]: VER: unicast request timeout, retries left 1
[INFO] [1788458773.971534670] [mavros_router]: link[1000] detected remote address 250.0
[WARN] [1788458773.981585923] [mavros.sys]: FCU: UNK(8): EVENT 11047904 with args -0-0-0-19-1-128-0-0-0-0-42-1-128-0-42-1-128-0-0-0-0-0-0-0-0-0-0-0-0-0-0-0-0-0-0-0-0-0-0-0-
[ERROR] [1788458773.981648263] [mavros.sys]: FCU: EVENT 13426421 with args -252-0-126-0-17-0-0-0-0-0-0-0-0-0-0-0-0-0-0-0-0-0-0-0-0-0-0-0-0-0-0-0-0-0-0-0-0-0-0-0-
[ERROR] [1788458773.981732053] [mavros.sys]: FCU: EVENT 13679014 with args -0-64-0-0-20-0-0-0-0-0-0-0-0-0-0-0-0-0-0-0-0-0-0-0-0-0-0-0-0-0-0-0-0-0-0-0-0-0-0-0-
[ERROR] [1788458773.981758874] [mavros.sys]: FCU: EVENT 10450063 with args -254-209-126-0-16-0-0-0-0-0-0-0-0-0-0-0-0-0-0-0-0-0-0-0-0-0-0-0-0-0-0-0-0-0-0-0-0-0-0-0-
[ERROR] [1788458773.981825144] [mavros.sys]: FCU: EVENT 13835193 with args -252-0-126-0-17-0-0-0-0-0-0-0-0-0-0-0-0-0-0-0-0-0-0-0-0-0-0-0-0-0-0-0-0-0-0-0-0-0-0-0-
[ERROR] [1788458773.981845325] [mavros.sys]: FCU: EVENT 10011251 with args -56-0-0-0-24-0-0-0-0-0-0-0-0-0-0-0-0-0-0-0-0-0-0-0-0-0-0-0-0-0-0-0-0-0-0-0-0-0-0-0-
[INFO] [1788458773.981910226] [mavros.sys]: FCU: EVENT 377561 with args -8-0-0-0-20-0-0-0-0-0-0-0-0-0-0-0-0-0-0-0-0-0-0-0-0-0-0-0-0-0-0-0-0-0-0-0-0-0-0-0-
[WARN] [1788458773.981936644] [mavros.sys]: FCU: EVENT 453929 with args -255-255-255-255-7-0-0-0-0-0-0-0-0-0-0-0-0-0-0-0-0-0-0-0-0-0-0-0-0-0-0-0-0-0-0-0-0-0-0-0-
[WARN] [1788458773.982016641] [mavros.sys]: FCU: UNK(8): EVENT 1914663 with args -0-2-29-2-56-0-0-0-0-0-0-0-0-0-0-0-0-0-0-0-0-0-0-0-0-0-0-0-0-0-0-0-0-0-0-0-0-0-0-0-
[ERROR] [1788458774.434965417] [mavros.sys]: VER: command plugin service call failed!
[WARN] [1788458774.435010386] [mavros.sys]: VER: unicast request timeout, retries left 0
[ERROR] [1788458775.438510524] [mavros.sys]: VER: command plugin service call failed!
[WARN] [1788458775.438558238] [mavros.sys]: VER: your FCU don't support AUTOPILOT_VERSION, switched to default capabilities
[INFO] [1788458776.120807898] [mavros.imu]: IMU: Attitude quaternion IMU detected!
[WARN] [1788458776.184729136] [mavros.sys]: FCU: UNK(8): EVENT 11047904 with args -0-0-0-18-1-128-0-0-0-0-58-1-128-0-58-1-128-0-0-0-0-0-0-0-0-0-0-0-0-0-0-0-0-0-0-0-0-0-0-0-
[ERROR] [1788458776.184787995] [mavros.sys]: FCU: EVENT 13426421 with args -252-0-126-0-17-0-0-0-0-0-0-0-0-0-0-0-0-0-0-0-0-0-0-0-0-0-0-0-0-0-0-0-0-0-0-0-0-0-0-0-
[ERROR] [1788458776.184867421] [mavros.sys]: FCU: EVENT 13679014 with args -0-64-0-0-20-0-0-0-0-0-0-0-0-0-0-0-0-0-0-0-0-0-0-0-0-0-0-0-0-0-0-0-0-0-0-0-0-0-0-0-
[ERROR] [1788458776.184894513] [mavros.sys]: FCU: EVENT 13835193 with args -252-0-126-0-17-0-0-0-0-0-0-0-0-0-0-0-0-0-0-0-0-0-0-0-0-0-0-0-0-0-0-0-0-0-0-0-0-0-0-0-
[ERROR] [1788458776.184963480] [mavros.sys]: FCU: EVENT 10011251 with args -56-0-0-0-24-0-0-0-0-0-0-0-0-0-0-0-0-0-0-0-0-0-0-0-0-0-0-0-0-0-0-0-0-0-0-0-0-0-0-0-
[INFO] [1788458776.185005229] [mavros.sys]: FCU: EVENT 377561 with args -8-0-0-0-20-0-0-0-0-0-0-0-0-0-0-0-0-0-0-0-0-0-0-0-0-0-0-0-0-0-0-0-0-0-0-0-0-0-0-0-
[WARN] [1788458776.185073598] [mavros.sys]: FCU: EVENT 453929 with args -255-255-255-255-7-0-0-0-0-0-0-0-0-0-0-0-0-0-0-0-0-0-0-0-0-0-0-0-0-0-0-0-0-0-0-0-0-0-0-0-
[WARN] [1788458776.185098862] [mavros.sys]: FCU: UNK(8): EVENT 1914663 with args -0-2-29-2-56-0-0-0-0-0-0-0-0-0-0-0-0-0-0-0-0-0-0-0-0-0-0-0-0-0-0-0-0-0-0-0-0-0-0-0-
[ERROR] [1788458777.234758508] [mavros.sys]: FCU: EVENT 133277 with args -0-0-0-0-0-0-0-0-0-0-0-0-0-0-0-0-0-0-0-0-0-0-0-0-0-0-0-0-0-0-0-0-0-0-0-0-0-0-0-0-
[WARN] [1788458778.184784334] [mavros.sys]: FCU: UNK(8): EVENT 11047904 with args -0-0-0-18-1-128-0-0-0-0-58-1-128-0-58-1-128-0-0-0-0-0-0-0-0-0-0-0-0-0-0-0-0-0-0-0-0-0-0-0-
[ERROR] [1788458778.184889292] [mavros.sys]: FCU: EVENT 16642797 with args -252-0-126-0-17-0-0-0-0-0-0-0-0-0-0-0-0-0-0-0-0-0-0-0-0-0-0-0-0-0-0-0-0-0-0-0-0-0-0-0-
[ERROR] [1788458778.184935823] [mavros.sys]: FCU: EVENT 13679014 with args -0-64-0-0-20-0-0-0-0-0-0-0-0-0-0-0-0-0-0-0-0-0-0-0-0-0-0-0-0-0-0-0-0-0-0-0-0-0-0-0-
[ERROR] [1788458778.185021751] [mavros.sys]: FCU: EVENT 13835193 with args -252-0-126-0-17-0-0-0-0-0-0-0-0-0-0-0-0-0-0-0-0-0-0-0-0-0-0-0-0-0-0-0-0-0-0-0-0-0-0-0-
[ERROR] [1788458778.185056047] [mavros.sys]: FCU: EVENT 10011251 with args -56-0-0-0-24-0-0-0-0-0-0-0-0-0-0-0-0-0-0-0-0-0-0-0-0-0-0-0-0-0-0-0-0-0-0-0-0-0-0-0-
[INFO] [1788458778.185124907] [mavros.sys]: FCU: EVENT 377561 with args -8-0-0-0-20-0-0-0-0-0-0-0-0-0-0-0-0-0-0-0-0-0-0-0-0-0-0-0-0-0-0-0-0-0-0-0-0-0-0-0-
[WARN] [1788458778.185148152] [mavros.sys]: FCU: EVENT 453929 with args -255-255-255-255-7-0-0-0-0-0-0-0-0-0-0-0-0-0-0-0-0-0-0-0-0-0-0-0-0-0-0-0-0-0-0-0-0-0-0-0-
[WARN] [1788458778.185211423] [mavros.sys]: FCU: UNK(8): EVENT 1914663 with args -0-10-29-2-56-0-0-0-0-0-0-0-0-0-0-0-0-0-0-0-0-0-0-0-0-0-0-0-0-0-0-0-0-0-0-0-0-0-0-0-
[INFO] [1788458779.242567419] [mavros.sys]: FCU: EVENT 9489139 with args -4-0-0-0-0-0-0-0-0-0-0-0-0-0-0-0-0-0-0-0-0-0-0-0-0-0-0-0-0-0-0-0-0-0-0-0-0-0-0-0-
[WARN] [1788458780.269499029] [mavros.sys]: FCU: UNK(8): EVENT 11047904 with args -0-0-0-0-0-128-0-0-0-176-122-127-128-176-122-127-128-0-0-0-0-0-0-0-0-0-0-0-0-0-0-0-0-0-0-0-0-0-0-0-
[INFO] [1788458780.269599972] [mavros.sys]: FCU: EVENT 377561 with args -8-0-0-0-20-0-0-0-0-0-0-0-0-0-0-0-0-0-0-0-0-0-0-0-0-0-0-0-0-0-0-0-0-0-0-0-0-0-0-0-
[WARN] [1788458780.269631132] [mavros.sys]: FCU: EVENT 453929 with args -255-255-255-255-7-0-0-0-0-0-0-0-0-0-0-0-0-0-0-0-0-0-0-0-0-0-0-0-0-0-0-0-0-0-0-0-0-0-0-0-
[WARN] [1788458780.269698354] [mavros.sys]: FCU: UNK(8): EVENT 1914663 with args -0-10-29-2-56-0-0-0-0-0-0-0-0-0-0-0-0-0-0-0-0-0-0-0-0-0-0-0-0-0-0-0-0-0-0-0-0-0-0-0-
[INFO] [1788458780.977399063] [mavros.sys]: FCU: EVENT 4277609 with args -0-0-0-0-0-0-0-0-0-0-0-0-0-0-0-0-0-0-0-0-0-0-0-0-0-0-0-0-0-0-0-0-0-0-0-0-0-0-0-0-
[INFO] [1788458783.420432982] [mavros.mission]: WP: mission received
[INFO] [1788458788.421041630] [mavros.rallypoint]: RP: mission received
[INFO] [1788458793.421311894] [mavros.geofence]: GF: mission received
[INFO] [1788458910.757829217] [mavros.sys]: FCU: EVENT 3322590 with args -0-0-0-0-0-0-0-0-0-0-0-0-0-0-0-0-0-0-0-0-0-0-0-0-0-0-0-0-0-0-0-0-0-0-0-0-0-0-0-0-
[INFO] [1788458916.457771367] [mavros.sys]: FCU: EVENT 9844908 with args -0-0-0-0-0-0-0-0-0-0-0-0-0-0-0-0-0-0-0-0-0-0-0-0-0-0-0-0-0-0-0-0-0-0-0-0-0-0-0-0-
[INFO] [1788458918.457778946] [mavros.sys]: FCU: EVENT 16017271 with args -6-0-0-0-0-0-0-0-0-0-0-0-0-0-0-0-0-0-0-0-0-0-0-0-0-0-0-0-0-0-0-0-0-0-0-0-0-0-0-0-
[WARN] [1788458919.760066825] [mavros.sys]: FCU: UNK(8): EVENT 11047904 with args -0-0-0-16-0-128-0-0-0-176-58-127-128-176-58-127-128-0-0-0-0-0-0-0-0-0-0-0-0-0-0-0-0-0-0-0-0-0-0-0-
[ERROR] [1788458919.760133847] [mavros.sys]: FCU: EVENT 11464574 with args -0-64-0-0-20-0-0-0-0-0-0-0-0-0-0-0-0-0-0-0-0-0-0-0-0-0-0-0-0-0-0-0-0-0-0-0-0-0-0-0-
[INFO] [1788458919.760227889] [mavros.sys]: FCU: EVENT 377561 with args -8-0-0-0-20-0-0-0-0-0-0-0-0-0-0-0-0-0-0-0-0-0-0-0-0-0-0-0-0-0-0-0-0-0-0-0-0-0-0-0-
[WARN] [1788458919.760273841] [mavros.sys]: FCU: EVENT 453929 with args -255-255-255-255-7-0-0-0-0-0-0-0-0-0-0-0-0-0-0-0-0-0-0-0-0-0-0-0-0-0-0-0-0-0-0-0-0-0-0-0-
[WARN] [1788458919.760334447] [mavros.sys]: FCU: UNK(8): EVENT 1914663 with args -0-10-29-2-56-0-0-0-0-0-0-0-0-0-0-0-0-0-0-0-0-0-0-0-0-0-0-0-0-0-0-0-0-0-0-0-0-0-0-0-
[WARN] [1788458919.768167668] [mavros.sys]: FCU: EVENT 13277401 with args -0-0-6-0-0-0-0-0-0-0-0-0-0-0-0-0-0-0-0-0-0-0-0-0-0-0-0-0-0-0-0-0-0-0-0-0-0-0-0-0-
[INFO] [1788458919.788184993] [rclcpp]: signal_handler(SIGINT/SIGTERM)
[WARN] [1788458919.789508765] [mavros]: UAS Executor terminated
