[INFO] [1785961666.464868217] [mavros_node]: Starting mavros_node container
[INFO] [1785961666.464936270] [mavros_node]: FCU URL: udp://:14550@127.0.0.1:18570
[INFO] [1785961666.464943251] [mavros_node]: GCS URL: 
[INFO] [1785961666.464946783] [mavros_node]: UAS Prefix: /uas1
[INFO] [1785961666.464949829] [mavros_node]: Starting mavros router node
[INFO] [1785961666.470400338] [mavros_router]: Built-in SIMD instructions: SSE, SSE2
[INFO] [1785961666.470429447] [mavros_router]: Built-in MAVLink package version: 2026.3.3
[INFO] [1785961666.470437532] [mavros_router]: Known MAVLink dialects: common ardupilotmega ASLUAV AVSSUAS all csAirLink cubepilot development icarous loweheiser marsh matrixpilot paparazzi standard stemstudios storm32 uAvionix ualberta
[INFO] [1785961666.470442208] [mavros_router]: MAVROS Router started
[INFO] [1785961666.470519158] [mavros_node]: Starting mavros uas node
[INFO] [1785961666.489866654] [mavros_router]: Requested to add endpoint: type: 0, url: udp://:14550@127.0.0.1:18570
[INFO] [1785961666.489906126] [mavros_router]: Endpoint link[1000] created
[INFO] [1785961666.490280335] [mavros_router]: link[1000] opened successfully
[INFO] [1785961666.490293534] [mavros_router]: Requested to add endpoint: type: 2, url: /uas1
[INFO] [1785961666.490304217] [mavros_router]: Endpoint link[1001] created
[INFO] [1785961666.490786355] [mavros_router]: link[1000] detected remote address 1.1
[INFO] [1785961666.492812658] [mavros_router]: link[1001] opened successfully
[INFO] [1785961666.499896642] [mavros]: UAS Executor started, threads: 12
[INFO] [1785961666.511940706] [mavros]: Plugin actuator_control created
[INFO] [1785961666.511980414] [mavros]: Plugin actuator_control initialized
[INFO] [1785961666.526811832] [mavros]: Plugin adsb created
[INFO] [1785961666.526847292] [mavros]: Plugin adsb initialized
[INFO] [1785961666.530149469] [mavros]: Plugin altitude created
[INFO] [1785961666.530174185] [mavros]: Plugin altitude initialized
[INFO] [1785961666.533632406] [mavros]: Plugin cam_imu_sync created
[INFO] [1785961666.533663120] [mavros]: Plugin cam_imu_sync initialized
[INFO] [1785961666.537721463] [mavros]: Plugin camera created
[INFO] [1785961666.537761934] [mavros]: Plugin camera initialized
[INFO] [1785961666.541317590] [mavros]: Plugin cellular_status created
[INFO] [1785961666.541342192] [mavros]: Plugin cellular_status initialized
[INFO] [1785961666.548116795] [mavros]: Plugin command created
[INFO] [1785961666.548146609] [mavros]: Plugin command initialized
[INFO] [1785961666.552624004] [mavros]: Plugin companion_process_status created
[INFO] [1785961666.552656650] [mavros]: Plugin companion_process_status initialized
[INFO] [1785961666.557771071] [mavros]: Plugin debug_value created
[INFO] [1785961666.557808292] [mavros]: Plugin debug_value initialized
[INFO] [1785961666.562051485] [mavros.distance_sensor]: DS: Plugin not configured!
[INFO] [1785961666.562116174] [mavros]: Plugin distance_sensor created
[INFO] [1785961666.562130930] [mavros]: Plugin distance_sensor initialized
[INFO] [1785961666.567161088] [mavros]: Plugin esc_status created
[INFO] [1785961666.567201120] [mavros]: Plugin esc_status initialized
[INFO] [1785961666.573154670] [mavros]: Plugin esc_telemetry created
[INFO] [1785961666.573197391] [mavros]: Plugin esc_telemetry initialized
[INFO] [1785961666.579678725] [mavros]: Plugin fake_gps created
[INFO] [1785961666.579709714] [mavros]: Plugin fake_gps initialized
[INFO] [1785961666.590902901] [mavros]: Plugin ftp created
[INFO] [1785961666.590939730] [mavros]: Plugin ftp initialized
[INFO] [1785961666.598479192] [mavros]: Plugin geofence created
[INFO] [1785961666.598527287] [mavros]: Plugin geofence initialized
[INFO] [1785961666.610124355] [mavros]: Plugin gimbal_control created
[INFO] [1785961666.610170705] [mavros]: Plugin gimbal_control initialized
[INFO] [1785961666.623394705] [mavros]: Plugin global_position created
[INFO] [1785961666.623443156] [mavros]: Plugin global_position initialized
[INFO] [1785961666.630128034] [mavros]: Plugin gps_input created
[INFO] [1785961666.630165633] [mavros]: Plugin gps_input initialized
[INFO] [1785961666.637993691] [mavros]: Plugin gps_rtk created
[INFO] [1785961666.638041561] [mavros]: Plugin gps_rtk initialized
[INFO] [1785961666.645202606] [mavros]: Plugin gps_status created
[INFO] [1785961666.645242135] [mavros]: Plugin gps_status initialized
[INFO] [1785961666.652682598] [mavros]: Plugin guided_target created
[INFO] [1785961666.652731617] [mavros]: Plugin guided_target initialized
[INFO] [1785961666.664645751] [mavros]: Plugin hil created
[INFO] [1785961666.664686171] [mavros]: Plugin hil initialized
[INFO] [1785961666.675486905] [mavros]: Plugin home_position created
[INFO] [1785961666.675524364] [mavros]: Plugin home_position initialized
[INFO] [1785961666.686608623] [mavros]: Plugin imu created
[INFO] [1785961666.686659974] [mavros]: Plugin imu initialized
[INFO] [1785961666.697502998] [mavros]: Plugin landing_target created
[INFO] [1785961666.697550262] [mavros]: Plugin landing_target initialized
[INFO] [1785961666.713197549] [mavros]: Plugin local_position created
[INFO] [1785961666.713240781] [mavros]: Plugin local_position initialized
[INFO] [1785961666.725885203] [mavros]: Plugin log_transfer created
[INFO] [1785961666.725926046] [mavros]: Plugin log_transfer initialized
[INFO] [1785961666.737236580] [mavros]: Plugin mag_calibration_status created
[INFO] [1785961666.737289113] [mavros]: Plugin mag_calibration_status initialized
[INFO] [1785961666.748290649] [mavros]: Plugin manual_control created
[INFO] [1785961666.748327686] [mavros]: Plugin manual_control initialized
[INFO] [1785961666.758738004] [mavros]: Plugin mocap_pose_estimate created
[INFO] [1785961666.758781956] [mavros]: Plugin mocap_pose_estimate initialized
[INFO] [1785961666.771341095] [mavros]: Plugin mount_control created
[INFO] [1785961666.771380500] [mavros]: Plugin mount_control initialized
[INFO] [1785961666.781924317] [mavros]: Plugin nav_controller_output created
[INFO] [1785961666.781958411] [mavros]: Plugin nav_controller_output initialized
[INFO] [1785961666.793327493] [mavros]: Plugin obstacle_distance created
[INFO] [1785961666.793361049] [mavros]: Plugin obstacle_distance initialized
[INFO] [1785961666.804234542] [mavros]: Plugin obstacle_distance_3d created
[INFO] [1785961666.804266554] [mavros]: Plugin obstacle_distance_3d initialized
[INFO] [1785961666.816706487] [mavros]: Plugin odometry created
[INFO] [1785961666.816754707] [mavros]: Plugin odometry initialized
[INFO] [1785961666.828846657] [mavros]: Plugin onboard_computer_status created
[INFO] [1785961666.828877624] [mavros]: Plugin onboard_computer_status initialized
[INFO] [1785961666.843346525] [mavros]: Plugin open_drone_id created
[INFO] [1785961666.843378223] [mavros]: Plugin open_drone_id initialized
[INFO] [1785961666.859835674] [mavros]: Plugin optical_flow created
[INFO] [1785961666.859875875] [mavros]: Plugin optical_flow initialized
[INFO] [1785961666.875463764] [mavros]: Plugin param created
[INFO] [1785961666.875504182] [mavros]: Plugin param initialized
[INFO] [1785961666.889395416] [mavros]: Plugin play_tune created
[INFO] [1785961666.889432147] [mavros]: Plugin play_tune initialized
[INFO] [1785961666.904944885] [mavros]: Plugin px4flow created
[INFO] [1785961666.904987526] [mavros]: Plugin px4flow initialized
[INFO] [1785961666.923498493] [mavros]: Plugin rallypoint created
[INFO] [1785961666.923542525] [mavros]: Plugin rallypoint initialized
[INFO] [1785961666.938721854] [mavros]: Plugin rangefinder created
[INFO] [1785961666.938773397] [mavros]: Plugin rangefinder initialized
[INFO] [1785961666.954697548] [mavros]: Plugin rc_io created
[INFO] [1785961666.954736798] [mavros]: Plugin rc_io initialized
[INFO] [1785961666.969525926] [mavros]: Plugin setpoint_accel created
[INFO] [1785961666.969567484] [mavros]: Plugin setpoint_accel initialized
[INFO] [1785961666.986339632] [mavros]: Plugin setpoint_attitude created
[INFO] [1785961666.986392188] [mavros]: Plugin setpoint_attitude initialized
[INFO] [1785961667.005015745] [mavros]: Plugin setpoint_position created
[INFO] [1785961667.005050478] [mavros]: Plugin setpoint_position initialized
[INFO] [1785961667.025475554] [mavros]: Plugin setpoint_raw created
[INFO] [1785961667.025515789] [mavros]: Plugin setpoint_raw initialized
[INFO] [1785961667.044989435] [mavros]: Plugin setpoint_trajectory created
[INFO] [1785961667.045027427] [mavros]: Plugin setpoint_trajectory initialized
[INFO] [1785961667.062955750] [mavros]: Plugin setpoint_velocity created
[INFO] [1785961667.062994201] [mavros]: Plugin setpoint_velocity initialized
[INFO] [1785961667.082510838] [mavros]: Plugin sim_state created
[INFO] [1785961667.082547452] [mavros]: Plugin sim_state initialized
[INFO] [1785961667.110834281] [mavros]: Plugin sys_status created
[INFO] [1785961667.110886966] [mavros]: Plugin sys_status initialized
[INFO] [1785961667.129256495] [mavros.time]: TM: Timesync mode: MAVLINK
[INFO] [1785961667.132957949] [mavros]: Plugin sys_time created
[INFO] [1785961667.133002920] [mavros]: Plugin sys_time initialized
[INFO] [1785961667.152157598] [mavros]: Plugin tdr_radio created
[INFO] [1785961667.152201031] [mavros]: Plugin tdr_radio initialized
[INFO] [1785961667.170786163] [mavros]: Plugin terrain created
[INFO] [1785961667.170828146] [mavros]: Plugin terrain initialized
[INFO] [1785961667.190832197] [mavros]: Plugin trajectory created
[INFO] [1785961667.190867019] [mavros]: Plugin trajectory initialized
[INFO] [1785961667.210406023] [mavros]: Plugin tunnel created
[INFO] [1785961667.210461678] [mavros]: Plugin tunnel initialized
[INFO] [1785961667.229776649] [mavros]: Plugin vfr_hud created
[INFO] [1785961667.229815892] [mavros]: Plugin vfr_hud initialized
[INFO] [1785961667.252325460] [mavros]: Plugin vibration created
[INFO] [1785961667.252377402] [mavros]: Plugin vibration initialized
[INFO] [1785961667.276443681] [mavros]: Plugin vision_pose created
[INFO] [1785961667.276478889] [mavros]: Plugin vision_pose initialized
[INFO] [1785961667.302053840] [mavros]: Plugin vision_speed created
[INFO] [1785961667.302106813] [mavros]: Plugin vision_speed initialized
[INFO] [1785961667.333752898] [mavros]: Plugin waypoint created
[INFO] [1785961667.333804626] [mavros]: Plugin waypoint initialized
[INFO] [1785961667.360547061] [mavros]: Plugin wheel_odometry created
[INFO] [1785961667.360587875] [mavros]: Plugin wheel_odometry initialized
[INFO] [1785961667.387659490] [mavros]: Plugin wind_estimation created
[INFO] [1785961667.387704900] [mavros]: Plugin wind_estimation initialized
[INFO] [1785961667.389736607] [mavros]: Built-in SIMD instructions: SSE, SSE2
[INFO] [1785961667.389767411] [mavros]: Built-in MAVLink package version: 2026.3.3
[INFO] [1785961667.389773669] [mavros]: Known MAVLink dialects: common ardupilotmega ASLUAV AVSSUAS all csAirLink cubepilot development icarous loweheiser marsh matrixpilot paparazzi standard stemstudios storm32 uAvionix ualberta
[INFO] [1785961667.389778309] [mavros]: MAVROS UAS via /uas1 started. MY ID 1.191, TARGET ID 1.1
[INFO] [1785961667.390498859] [mavros]: CON: Got HEARTBEAT, connected. FCU: PX4 Autopilot
[INFO] [1785961667.390550933] [mavros.mission]: WP: detected enable_partial_push: 0
[INFO] [1785961668.100277962] [mavros_router]: link[1001] detected remote address 1.191
[WARN] [1785961668.402696934] [mavros.cmd]: CMD: Unexpected command 520, result 3
[WARN] [1785961669.396869037] [mavros.sys]: VER: broadcast request timeout, retries left 4
[WARN] [1785961670.400035262] [mavros.sys]: VER: broadcast request timeout, retries left 3
[ERROR] [1785961671.407516103] [mavros.sys]: VER: command plugin service call failed!
[WARN] [1785961671.407577665] [mavros.sys]: VER: unicast request timeout, retries left 2
[ERROR] [1785961672.403117904] [mavros.sys]: VER: command plugin service call failed!
[WARN] [1785961672.403153396] [mavros.sys]: VER: unicast request timeout, retries left 1
[ERROR] [1785961673.398698725] [mavros.sys]: VER: command plugin service call failed!
[WARN] [1785961673.398737203] [mavros.sys]: VER: unicast request timeout, retries left 0
[ERROR] [1785961674.405653579] [mavros.sys]: VER: command plugin service call failed!
[WARN] [1785961674.405695488] [mavros.sys]: VER: your FCU don't support AUTOPILOT_VERSION, switched to default capabilities
[INFO] [1785961677.391386415] [mavros.home_position]: HP: requesting home position
[WARN] [1785961678.392731244] [mavros.param]: PR: request list timeout, retries left 2
[WARN] [1785961679.393658988] [mavros.param]: PR: request list timeout, retries left 1
[WARN] [1785961680.394353533] [mavros.param]: PR: request list timeout, retries left 0
[INFO] [1785961682.391365871] [mavros.mission]: WP: mission received
[WARN] [1785961682.553339045] [mavros.cmd]: CMD: Unexpected command 211, result 0
[WARN] [1785961683.553581313] [mavros.sys]: FCU: UNK(8): EVENT 11047904 with args -0-0-16-19-1-128-0-0-0-0-0-0-0-0-42-1-128-0-0-0-0-0-0-0-0-0-0-0-0-0-0-0-0-0-0-0-0-0-0-0-
[ERROR] [1785961683.553673875] [mavros.sys]: FCU: EVENT 13426421 with args -252-0-126-0-17-0-0-0-0-0-0-0-0-0-0-0-0-0-0-0-0-0-0-0-0-0-0-0-0-0-0-0-0-0-0-0-0-0-0-0-
[ERROR] [1785961683.553713934] [mavros.sys]: FCU: EVENT 11464574 with args -0-64-0-0-20-0-0-0-0-0-0-0-0-0-0-0-0-0-0-0-0-0-0-0-0-0-0-0-0-0-0-0-0-0-0-0-0-0-0-0-
[ERROR] [1785961683.553789455] [mavros.sys]: FCU: EVENT 10450063 with args -254-209-126-0-16-0-0-0-0-0-0-0-0-0-0-0-0-0-0-0-0-0-0-0-0-0-0-0-0-0-0-0-0-0-0-0-0-0-0-0-
[ERROR] [1785961683.553824716] [mavros.sys]: FCU: EVENT 13835193 with args -252-0-126-0-17-0-0-0-0-0-0-0-0-0-0-0-0-0-0-0-0-0-0-0-0-0-0-0-0-0-0-0-0-0-0-0-0-0-0-0-
[ERROR] [1785961683.553892173] [mavros.sys]: FCU: EVENT 10011251 with args -56-0-0-0-24-0-0-0-0-0-0-0-0-0-0-0-0-0-0-0-0-0-0-0-0-0-0-0-0-0-0-0-0-0-0-0-0-0-0-0-
[INFO] [1785961683.553923922] [mavros.sys]: FCU: EVENT 377561 with args -8-0-0-0-20-0-0-0-0-0-0-0-0-0-0-0-0-0-0-0-0-0-0-0-0-0-0-0-0-0-0-0-0-0-0-0-0-0-0-0-
[WARN] [1785961683.553989529] [mavros.sys]: FCU: EVENT 453929 with args -255-255-255-255-7-0-0-0-0-0-0-0-0-0-0-0-0-0-0-0-0-0-0-0-0-0-0-0-0-0-0-0-0-0-0-0-0-0-0-0-
[ERROR] [1785961683.554015826] [mavros.sys]: FCU: EVENT 6801787 with args -255-255-255-255-12-0-0-0-0-0-0-0-0-0-0-0-0-0-0-0-0-0-0-0-0-0-0-0-0-0-0-0-0-0-0-0-0-0-0-0-
[WARN] [1785961683.554077017] [mavros.sys]: FCU: UNK(8): EVENT 1914663 with args -0-2-13-2-56-0-0-0-0-0-0-0-0-0-0-0-0-0-0-0-0-0-0-0-0-0-0-0-0-0-0-0-0-0-0-0-0-0-0-0-
[WARN] [1785961683.568056864] [mavros.param]: PR: request param #60 timeout, retries left 2, and 3 params still missing
[WARN] [1785961683.568837278] [mavros.param]: PR: Param CAL_GYRO1_XOFF (57/1107): 0.000000 different index: 60/1110
[WARN] [1785961683.569400749] [mavros.param]: PR: Param CAL_GYRO1_YOFF (58/1107): 0.000000 different index: 61/1110
[WARN] [1785961683.569988898] [mavros.param]: PR: Param CAL_GYRO1_ZOFF (59/1107): 0.000000 different index: 62/1110
[INFO] [1785961683.570015958] [mavros.param]: PR: parameters list received
[INFO] [1785961687.392284837] [mavros.rallypoint]: RP: mission received
[INFO] [1785961689.701328163] [mavros.imu]: IMU: Attitude quaternion IMU detected!
[WARN] [1785961689.775302709] [mavros.sys]: FCU: UNK(8): EVENT 11047904 with args -0-0-16-18-1-128-0-0-0-0-0-0-0-0-58-1-128-0-0-0-0-0-0-0-0-0-0-0-0-0-0-0-0-0-0-0-0-0-0-0-
[ERROR] [1785961689.775357969] [mavros.sys]: FCU: EVENT 13426421 with args -252-0-126-0-17-0-0-0-0-0-0-0-0-0-0-0-0-0-0-0-0-0-0-0-0-0-0-0-0-0-0-0-0-0-0-0-0-0-0-0-
[ERROR] [1785961689.775462646] [mavros.sys]: FCU: EVENT 11464574 with args -0-64-0-0-20-0-0-0-0-0-0-0-0-0-0-0-0-0-0-0-0-0-0-0-0-0-0-0-0-0-0-0-0-0-0-0-0-0-0-0-
[ERROR] [1785961689.775491994] [mavros.sys]: FCU: EVENT 13835193 with args -252-0-126-0-17-0-0-0-0-0-0-0-0-0-0-0-0-0-0-0-0-0-0-0-0-0-0-0-0-0-0-0-0-0-0-0-0-0-0-0-
[ERROR] [1785961689.775562380] [mavros.sys]: FCU: EVENT 10011251 with args -56-0-0-0-24-0-0-0-0-0-0-0-0-0-0-0-0-0-0-0-0-0-0-0-0-0-0-0-0-0-0-0-0-0-0-0-0-0-0-0-
[INFO] [1785961689.775590563] [mavros.sys]: FCU: EVENT 377561 with args -8-0-0-0-20-0-0-0-0-0-0-0-0-0-0-0-0-0-0-0-0-0-0-0-0-0-0-0-0-0-0-0-0-0-0-0-0-0-0-0-
[WARN] [1785961689.775655409] [mavros.sys]: FCU: EVENT 453929 with args -255-255-255-255-7-0-0-0-0-0-0-0-0-0-0-0-0-0-0-0-0-0-0-0-0-0-0-0-0-0-0-0-0-0-0-0-0-0-0-0-
[ERROR] [1785961689.775680994] [mavros.sys]: FCU: EVENT 6801787 with args -255-255-255-255-12-0-0-0-0-0-0-0-0-0-0-0-0-0-0-0-0-0-0-0-0-0-0-0-0-0-0-0-0-0-0-0-0-0-0-0-
[WARN] [1785961689.775759400] [mavros.sys]: FCU: UNK(8): EVENT 1914663 with args -0-2-13-2-56-0-0-0-0-0-0-0-0-0-0-0-0-0-0-0-0-0-0-0-0-0-0-0-0-0-0-0-0-0-0-0-0-0-0-0-
[WARN] [1785961691.775353641] [mavros.sys]: FCU: UNK(8): EVENT 11047904 with args -0-0-16-18-1-128-0-0-0-0-0-0-0-0-58-1-128-0-0-0-0-0-0-0-0-0-0-0-0-0-0-0-0-0-0-0-0-0-0-0-
[ERROR] [1785961691.775413668] [mavros.sys]: FCU: EVENT 16642797 with args -252-0-126-0-17-0-0-0-0-0-0-0-0-0-0-0-0-0-0-0-0-0-0-0-0-0-0-0-0-0-0-0-0-0-0-0-0-0-0-0-
[ERROR] [1785961691.775494677] [mavros.sys]: FCU: EVENT 11464574 with args -0-64-0-0-20-0-0-0-0-0-0-0-0-0-0-0-0-0-0-0-0-0-0-0-0-0-0-0-0-0-0-0-0-0-0-0-0-0-0-0-
[ERROR] [1785961691.775522350] [mavros.sys]: FCU: EVENT 13835193 with args -252-0-126-0-17-0-0-0-0-0-0-0-0-0-0-0-0-0-0-0-0-0-0-0-0-0-0-0-0-0-0-0-0-0-0-0-0-0-0-0-
[ERROR] [1785961691.775586606] [mavros.sys]: FCU: EVENT 10011251 with args -56-0-0-0-24-0-0-0-0-0-0-0-0-0-0-0-0-0-0-0-0-0-0-0-0-0-0-0-0-0-0-0-0-0-0-0-0-0-0-0-
[INFO] [1785961691.775609715] [mavros.sys]: FCU: EVENT 377561 with args -8-0-0-0-20-0-0-0-0-0-0-0-0-0-0-0-0-0-0-0-0-0-0-0-0-0-0-0-0-0-0-0-0-0-0-0-0-0-0-0-
[WARN] [1785961691.775653778] [mavros.sys]: FCU: EVENT 453929 with args -255-255-255-255-7-0-0-0-0-0-0-0-0-0-0-0-0-0-0-0-0-0-0-0-0-0-0-0-0-0-0-0-0-0-0-0-0-0-0-0-
[ERROR] [1785961691.775709874] [mavros.sys]: FCU: EVENT 6801787 with args -255-255-255-255-12-0-0-0-0-0-0-0-0-0-0-0-0-0-0-0-0-0-0-0-0-0-0-0-0-0-0-0-0-0-0-0-0-0-0-0-
[WARN] [1785961691.775792976] [mavros.sys]: FCU: UNK(8): EVENT 1914663 with args -0-10-13-2-56-0-0-0-0-0-0-0-0-0-0-0-0-0-0-0-0-0-0-0-0-0-0-0-0-0-0-0-0-0-0-0-0-0-0-0-
[INFO] [1785961692.390921546] [mavros.geofence]: GF: mission received
[WARN] [1785961693.775353980] [mavros.sys]: FCU: UNK(8): EVENT 11047904 with args -0-0-16-16-0-128-0-0-0-0-0-0-0-176-58-127-128-0-0-0-0-0-0-0-0-0-0-0-0-0-0-0-0-0-0-0-0-0-0-0-
[ERROR] [1785961693.775417810] [mavros.sys]: FCU: EVENT 11464574 with args -0-64-0-0-20-0-0-0-0-0-0-0-0-0-0-0-0-0-0-0-0-0-0-0-0-0-0-0-0-0-0-0-0-0-0-0-0-0-0-0-
[INFO] [1785961693.775508545] [mavros.sys]: FCU: EVENT 377561 with args -8-0-0-0-20-0-0-0-0-0-0-0-0-0-0-0-0-0-0-0-0-0-0-0-0-0-0-0-0-0-0-0-0-0-0-0-0-0-0-0-
[WARN] [1785961693.775534229] [mavros.sys]: FCU: EVENT 453929 with args -255-255-255-255-7-0-0-0-0-0-0-0-0-0-0-0-0-0-0-0-0-0-0-0-0-0-0-0-0-0-0-0-0-0-0-0-0-0-0-0-
[ERROR] [1785961693.775594468] [mavros.sys]: FCU: EVENT 6801787 with args -255-255-255-255-12-0-0-0-0-0-0-0-0-0-0-0-0-0-0-0-0-0-0-0-0-0-0-0-0-0-0-0-0-0-0-0-0-0-0-0-
[WARN] [1785961693.775628021] [mavros.sys]: FCU: UNK(8): EVENT 1914663 with args -0-10-13-2-56-0-0-0-0-0-0-0-0-0-0-0-0-0-0-0-0-0-0-0-0-0-0-0-0-0-0-0-0-0-0-0-0-0-0-0-
[INFO] [1785961707.666322998] [mavros_router]: link[1000] detected remote address 250.0
[WARN] [1785961707.678190049] [mavros.sys]: FCU: UNK(8): EVENT 11047904 with args -0-0-0-16-0-128-0-0-0-176-58-127-128-176-58-127-128-0-0-0-0-0-0-0-0-0-0-0-0-0-0-0-0-0-0-0-0-0-0-0-
[ERROR] [1785961707.678267168] [mavros.sys]: FCU: EVENT 11464574 with args -0-64-0-0-20-0-0-0-0-0-0-0-0-0-0-0-0-0-0-0-0-0-0-0-0-0-0-0-0-0-0-0-0-0-0-0-0-0-0-0-
[INFO] [1785961707.678378902] [mavros.sys]: FCU: EVENT 377561 with args -8-0-0-0-20-0-0-0-0-0-0-0-0-0-0-0-0-0-0-0-0-0-0-0-0-0-0-0-0-0-0-0-0-0-0-0-0-0-0-0-
[WARN] [1785961707.678410106] [mavros.sys]: FCU: EVENT 453929 with args -255-255-255-255-7-0-0-0-0-0-0-0-0-0-0-0-0-0-0-0-0-0-0-0-0-0-0-0-0-0-0-0-0-0-0-0-0-0-0-0-
[WARN] [1785961707.678495480] [mavros.sys]: FCU: UNK(8): EVENT 1914663 with args -0-10-29-2-56-0-0-0-0-0-0-0-0-0-0-0-0-0-0-0-0-0-0-0-0-0-0-0-0-0-0-0-0-0-0-0-0-0-0-0-
[INFO] [1785961709.693456256] [mavros.sys]: FCU: EVENT 9489139 with args -4-0-0-0-0-0-0-0-0-0-0-0-0-0-0-0-0-0-0-0-0-0-0-0-0-0-0-0-0-0-0-0-0-0-0-0-0-0-0-0-
[WARN] [1785961709.813447134] [mavros.sys]: FCU: UNK(8): EVENT 11047904 with args -0-0-0-0-0-128-0-0-0-176-122-127-128-176-122-127-128-0-0-0-0-0-0-0-0-0-0-0-0-0-0-0-0-0-0-0-0-0-0-0-
[INFO] [1785961709.813544008] [mavros.sys]: FCU: EVENT 377561 with args -8-0-0-0-20-0-0-0-0-0-0-0-0-0-0-0-0-0-0-0-0-0-0-0-0-0-0-0-0-0-0-0-0-0-0-0-0-0-0-0-
[WARN] [1785961709.813589825] [mavros.sys]: FCU: EVENT 453929 with args -255-255-255-255-7-0-0-0-0-0-0-0-0-0-0-0-0-0-0-0-0-0-0-0-0-0-0-0-0-0-0-0-0-0-0-0-0-0-0-0-
[WARN] [1785961709.813653883] [mavros.sys]: FCU: UNK(8): EVENT 1914663 with args -0-10-29-2-56-0-0-0-0-0-0-0-0-0-0-0-0-0-0-0-0-0-0-0-0-0-0-0-0-0-0-0-0-0-0-0-0-0-0-0-
[INFO] [1785961711.523568307] [mavros.sys]: FCU: EVENT 4277609 with args -0-0-0-0-0-0-0-0-0-0-0-0-0-0-0-0-0-0-0-0-0-0-0-0-0-0-0-0-0-0-0-0-0-0-0-0-0-0-0-0-
[INFO] [1785961889.762860244] [mavros.sys]: FCU: EVENT 3322590 with args -0-0-0-0-0-0-0-0-0-0-0-0-0-0-0-0-0-0-0-0-0-0-0-0-0-0-0-0-0-0-0-0-0-0-0-0-0-0-0-0-
[INFO] [1785961894.611019031] [mavros.sys]: FCU: EVENT 9844908 with args -0-0-0-0-0-0-0-0-0-0-0-0-0-0-0-0-0-0-0-0-0-0-0-0-0-0-0-0-0-0-0-0-0-0-0-0-0-0-0-0-
[INFO] [1785961896.613655548] [mavros.sys]: FCU: EVENT 16017271 with args -6-0-0-0-0-0-0-0-0-0-0-0-0-0-0-0-0-0-0-0-0-0-0-0-0-0-0-0-0-0-0-0-0-0-0-0-0-0-0-0-
[WARN] [1785961898.350736129] [mavros.sys]: FCU: UNK(8): EVENT 11047904 with args -0-0-0-16-0-128-0-0-0-176-58-127-128-176-58-127-128-0-0-0-0-0-0-0-0-0-0-0-0-0-0-0-0-0-0-0-0-0-0-0-
[ERROR] [1785961898.350795241] [mavros.sys]: FCU: EVENT 11464574 with args -0-64-0-0-20-0-0-0-0-0-0-0-0-0-0-0-0-0-0-0-0-0-0-0-0-0-0-0-0-0-0-0-0-0-0-0-0-0-0-0-
[INFO] [1785961898.350872165] [mavros.sys]: FCU: EVENT 377561 with args -8-0-0-0-20-0-0-0-0-0-0-0-0-0-0-0-0-0-0-0-0-0-0-0-0-0-0-0-0-0-0-0-0-0-0-0-0-0-0-0-
[WARN] [1785961898.350898592] [mavros.sys]: FCU: EVENT 453929 with args -255-255-255-255-7-0-0-0-0-0-0-0-0-0-0-0-0-0-0-0-0-0-0-0-0-0-0-0-0-0-0-0-0-0-0-0-0-0-0-0-
[WARN] [1785961898.350963186] [mavros.sys]: FCU: UNK(8): EVENT 1914663 with args -0-10-29-2-56-0-0-0-0-0-0-0-0-0-0-0-0-0-0-0-0-0-0-0-0-0-0-0-0-0-0-0-0-0-0-0-0-0-0-0-
[WARN] [1785961898.360646795] [mavros.sys]: FCU: EVENT 13277401 with args -0-0-6-0-0-0-0-0-0-0-0-0-0-0-0-0-0-0-0-0-0-0-0-0-0-0-0-0-0-0-0-0-0-0-0-0-0-0-0-0-
[WARN] [1785961900.350746082] [mavros.sys]: FCU: UNK(8): EVENT 11047904 with args -0-0-0-16-0-128-0-0-0-176-58-127-128-176-58-127-128-0-0-0-0-0-0-0-0-0-0-0-0-0-0-0-0-0-0-0-0-0-0-0-
[ERROR] [1785961900.350806053] [mavros.sys]: FCU: EVENT 11464574 with args -0-64-0-0-20-0-0-0-0-0-0-0-0-0-0-0-0-0-0-0-0-0-0-0-0-0-0-0-0-0-0-0-0-0-0-0-0-0-0-0-
[INFO] [1785961900.350893056] [mavros.sys]: FCU: EVENT 377561 with args -8-0-0-0-20-0-0-0-0-0-0-0-0-0-0-0-0-0-0-0-0-0-0-0-0-0-0-0-0-0-0-0-0-0-0-0-0-0-0-0-
[WARN] [1785961900.350922742] [mavros.sys]: FCU: EVENT 453929 with args -255-255-255-255-7-0-0-0-0-0-0-0-0-0-0-0-0-0-0-0-0-0-0-0-0-0-0-0-0-0-0-0-0-0-0-0-0-0-0-0-
[WARN] [1785961900.350991082] [mavros.sys]: FCU: UNK(8): EVENT 1914663 with args -0-10-25-2-56-0-0-0-0-0-0-0-0-0-0-0-0-0-0-0-0-0-0-0-0-0-0-0-0-0-0-0-0-0-0-0-0-0-0-0-
[WARN] [1785961908.800553927] [mavros.sys]: FCU: EVENT 10794072 with args -0-0-0-0-0-0-0-0-0-0-0-0-0-0-0-0-0-0-0-0-0-0-0-0-0-0-0-0-0-0-0-0-0-0-0-0-0-0-0-0-
[WARN] [1785961908.800610764] [mavros.sys]: FCU: UNK(8): EVENT 11047904 with args -0-0-16-16-0-128-0-0-0-0-0-0-0-176-58-127-128-0-0-0-0-0-0-0-0-0-0-0-0-0-0-0-0-0-0-0-0-0-0-0-
[ERROR] [1785961908.800690925] [mavros.sys]: FCU: EVENT 11464574 with args -0-64-0-0-20-0-0-0-0-0-0-0-0-0-0-0-0-0-0-0-0-0-0-0-0-0-0-0-0-0-0-0-0-0-0-0-0-0-0-0-
[INFO] [1785961908.800731239] [mavros.sys]: FCU: EVENT 377561 with args -8-0-0-0-20-0-0-0-0-0-0-0-0-0-0-0-0-0-0-0-0-0-0-0-0-0-0-0-0-0-0-0-0-0-0-0-0-0-0-0-
[WARN] [1785961908.800816698] [mavros.sys]: FCU: EVENT 453929 with args -255-255-255-255-7-0-0-0-0-0-0-0-0-0-0-0-0-0-0-0-0-0-0-0-0-0-0-0-0-0-0-0-0-0-0-0-0-0-0-0-
[ERROR] [1785961908.800849594] [mavros.sys]: FCU: EVENT 6801787 with args -255-255-255-255-12-0-0-0-0-0-0-0-0-0-0-0-0-0-0-0-0-0-0-0-0-0-0-0-0-0-0-0-0-0-0-0-0-0-0-0-
[WARN] [1785961908.800935791] [mavros.sys]: FCU: UNK(8): EVENT 1914663 with args -0-10-9-2-56-0-0-0-0-0-0-0-0-0-0-0-0-0-0-0-0-0-0-0-0-0-0-0-0-0-0-0-0-0-0-0-0-0-0-0-
[INFO] [1785961966.470432101] [mavros_router]: link[1000] removed stale remote address 250.0
[WARN] [1785962087.990041554] [mavros]: CON: Lost connection, HEARTBEAT timed out.
[INFO] [1785962093.059631761] [rclcpp]: signal_handler(SIGINT/SIGTERM)
