[INFO] [1786041538.290514235] [mavros_node]: Starting mavros_node container
[INFO] [1786041538.290590879] [mavros_node]: FCU URL: udp://:14550@127.0.0.1:18570
[INFO] [1786041538.290599888] [mavros_node]: GCS URL: 
[INFO] [1786041538.290604158] [mavros_node]: UAS Prefix: /uas1
[INFO] [1786041538.290608270] [mavros_node]: Starting mavros router node
[INFO] [1786041538.295894622] [mavros_router]: Built-in SIMD instructions: SSE, SSE2
[INFO] [1786041538.295921958] [mavros_router]: Built-in MAVLink package version: 2026.3.3
[INFO] [1786041538.295930386] [mavros_router]: Known MAVLink dialects: common ardupilotmega ASLUAV AVSSUAS all csAirLink cubepilot development icarous loweheiser marsh matrixpilot paparazzi standard stemstudios storm32 uAvionix ualberta
[INFO] [1786041538.295936171] [mavros_router]: MAVROS Router started
[INFO] [1786041538.296004326] [mavros_node]: Starting mavros uas node
[INFO] [1786041538.332715927] [mavros_router]: Requested to add endpoint: type: 0, url: udp://:14550@127.0.0.1:18570
[INFO] [1786041538.332768419] [mavros_router]: Endpoint link[1000] created
[INFO] [1786041538.333067083] [mavros_router]: link[1000] opened successfully
[INFO] [1786041538.333082255] [mavros_router]: Requested to add endpoint: type: 2, url: /uas1
[INFO] [1786041538.333094861] [mavros_router]: Endpoint link[1001] created
[INFO] [1786041538.333122742] [mavros_router]: link[1000] detected remote address 1.1
[INFO] [1786041538.335655557] [mavros_router]: link[1001] opened successfully
[INFO] [1786041538.342729860] [mavros]: UAS Executor started, threads: 12
[INFO] [1786041538.355380112] [mavros]: Plugin actuator_control created
[INFO] [1786041538.355434920] [mavros]: Plugin actuator_control initialized
[INFO] [1786041538.370000802] [mavros]: Plugin adsb created
[INFO] [1786041538.370041860] [mavros]: Plugin adsb initialized
[INFO] [1786041538.373514630] [mavros]: Plugin altitude created
[INFO] [1786041538.373547753] [mavros]: Plugin altitude initialized
[INFO] [1786041538.377008812] [mavros]: Plugin cam_imu_sync created
[INFO] [1786041538.377045632] [mavros]: Plugin cam_imu_sync initialized
[INFO] [1786041538.381203905] [mavros]: Plugin camera created
[INFO] [1786041538.381255814] [mavros]: Plugin camera initialized
[INFO] [1786041538.385451446] [mavros]: Plugin cellular_status created
[INFO] [1786041538.385485957] [mavros]: Plugin cellular_status initialized
[INFO] [1786041538.392469924] [mavros]: Plugin command created
[INFO] [1786041538.392508115] [mavros]: Plugin command initialized
[INFO] [1786041538.396602367] [mavros]: Plugin companion_process_status created
[INFO] [1786041538.396632281] [mavros]: Plugin companion_process_status initialized
[INFO] [1786041538.402441806] [mavros]: Plugin debug_value created
[INFO] [1786041538.402494952] [mavros]: Plugin debug_value initialized
[INFO] [1786041538.406761269] [mavros.distance_sensor]: DS: Plugin not configured!
[INFO] [1786041538.406838090] [mavros]: Plugin distance_sensor created
[INFO] [1786041538.406854143] [mavros]: Plugin distance_sensor initialized
[INFO] [1786041538.412061374] [mavros]: Plugin esc_status created
[INFO] [1786041538.412101595] [mavros]: Plugin esc_status initialized
[INFO] [1786041538.417530140] [mavros]: Plugin esc_telemetry created
[INFO] [1786041538.417580048] [mavros]: Plugin esc_telemetry initialized
[INFO] [1786041538.423803324] [mavros]: Plugin fake_gps created
[INFO] [1786041538.423839011] [mavros]: Plugin fake_gps initialized
[INFO] [1786041538.434395136] [mavros]: Plugin ftp created
[INFO] [1786041538.434437888] [mavros]: Plugin ftp initialized
[INFO] [1786041538.441442886] [mavros]: Plugin geofence created
[INFO] [1786041538.441487077] [mavros]: Plugin geofence initialized
[INFO] [1786041538.452580562] [mavros]: Plugin gimbal_control created
[INFO] [1786041538.452627588] [mavros]: Plugin gimbal_control initialized
[INFO] [1786041538.464616794] [mavros]: Plugin global_position created
[INFO] [1786041538.464668157] [mavros]: Plugin global_position initialized
[INFO] [1786041538.471412255] [mavros]: Plugin gps_input created
[INFO] [1786041538.471452578] [mavros]: Plugin gps_input initialized
[INFO] [1786041538.478251128] [mavros]: Plugin gps_rtk created
[INFO] [1786041538.478292370] [mavros]: Plugin gps_rtk initialized
[INFO] [1786041538.486853667] [mavros]: Plugin gps_status created
[INFO] [1786041538.486897847] [mavros]: Plugin gps_status initialized
[INFO] [1786041538.494152329] [mavros]: Plugin guided_target created
[INFO] [1786041538.494197884] [mavros]: Plugin guided_target initialized
[INFO] [1786041538.504466946] [mavros]: Plugin hil created
[INFO] [1786041538.504509091] [mavros]: Plugin hil initialized
[INFO] [1786041538.512874058] [mavros]: Plugin home_position created
[INFO] [1786041538.512913946] [mavros]: Plugin home_position initialized
[INFO] [1786041538.523713027] [mavros]: Plugin imu created
[INFO] [1786041538.523759332] [mavros]: Plugin imu initialized
[INFO] [1786041538.534885614] [mavros]: Plugin landing_target created
[INFO] [1786041538.534937379] [mavros]: Plugin landing_target initialized
[INFO] [1786041538.546292277] [mavros]: Plugin local_position created
[INFO] [1786041538.546338567] [mavros]: Plugin local_position initialized
[INFO] [1786041538.559611300] [mavros]: Plugin log_transfer created
[INFO] [1786041538.559660585] [mavros]: Plugin log_transfer initialized
[INFO] [1786041538.569804260] [mavros]: Plugin mag_calibration_status created
[INFO] [1786041538.569850679] [mavros]: Plugin mag_calibration_status initialized
[INFO] [1786041538.579329087] [mavros]: Plugin manual_control created
[INFO] [1786041538.579376334] [mavros]: Plugin manual_control initialized
[INFO] [1786041538.590785187] [mavros]: Plugin mocap_pose_estimate created
[INFO] [1786041538.590827601] [mavros]: Plugin mocap_pose_estimate initialized
[INFO] [1786041538.603606478] [mavros]: Plugin mount_control created
[INFO] [1786041538.603648643] [mavros]: Plugin mount_control initialized
[INFO] [1786041538.613485445] [mavros]: Plugin nav_controller_output created
[INFO] [1786041538.613527077] [mavros]: Plugin nav_controller_output initialized
[INFO] [1786041538.625060613] [mavros]: Plugin obstacle_distance created
[INFO] [1786041538.625097715] [mavros]: Plugin obstacle_distance initialized
[INFO] [1786041538.636556815] [mavros]: Plugin obstacle_distance_3d created
[INFO] [1786041538.636596814] [mavros]: Plugin obstacle_distance_3d initialized
[INFO] [1786041538.649657148] [mavros]: Plugin odometry created
[INFO] [1786041538.649703115] [mavros]: Plugin odometry initialized
[INFO] [1786041538.661197588] [mavros]: Plugin onboard_computer_status created
[INFO] [1786041538.661231887] [mavros]: Plugin onboard_computer_status initialized
[INFO] [1786041538.675810241] [mavros]: Plugin open_drone_id created
[INFO] [1786041538.675849123] [mavros]: Plugin open_drone_id initialized
[INFO] [1786041538.689750728] [mavros]: Plugin optical_flow created
[INFO] [1786041538.689791116] [mavros]: Plugin optical_flow initialized
[INFO] [1786041538.702426505] [mavros]: Plugin param created
[INFO] [1786041538.702468083] [mavros]: Plugin param initialized
[INFO] [1786041538.713689050] [mavros]: Plugin play_tune created
[INFO] [1786041538.713725370] [mavros]: Plugin play_tune initialized
[INFO] [1786041538.729040428] [mavros]: Plugin px4flow created
[INFO] [1786041538.729096623] [mavros]: Plugin px4flow initialized
[INFO] [1786041538.746429057] [mavros]: Plugin rallypoint created
[INFO] [1786041538.746484038] [mavros]: Plugin rallypoint initialized
[INFO] [1786041538.759837827] [mavros]: Plugin rangefinder created
[INFO] [1786041538.759877212] [mavros]: Plugin rangefinder initialized
[INFO] [1786041538.776058247] [mavros]: Plugin rc_io created
[INFO] [1786041538.776108298] [mavros]: Plugin rc_io initialized
[INFO] [1786041538.791848917] [mavros]: Plugin setpoint_accel created
[INFO] [1786041538.791886255] [mavros]: Plugin setpoint_accel initialized
[INFO] [1786041538.808955065] [mavros]: Plugin setpoint_attitude created
[INFO] [1786041538.809001785] [mavros]: Plugin setpoint_attitude initialized
[INFO] [1786041538.829302796] [mavros]: Plugin setpoint_position created
[INFO] [1786041538.829343320] [mavros]: Plugin setpoint_position initialized
[INFO] [1786041538.851485951] [mavros]: Plugin setpoint_raw created
[INFO] [1786041538.851535461] [mavros]: Plugin setpoint_raw initialized
[INFO] [1786041538.871281767] [mavros]: Plugin setpoint_trajectory created
[INFO] [1786041538.871318800] [mavros]: Plugin setpoint_trajectory initialized
[INFO] [1786041538.891053227] [mavros]: Plugin setpoint_velocity created
[INFO] [1786041538.891092030] [mavros]: Plugin setpoint_velocity initialized
[INFO] [1786041538.912001607] [mavros]: Plugin sim_state created
[INFO] [1786041538.912046835] [mavros]: Plugin sim_state initialized
[INFO] [1786041538.943418250] [mavros]: Plugin sys_status created
[INFO] [1786041538.943481186] [mavros]: Plugin sys_status initialized
[INFO] [1786041538.962757564] [mavros.time]: TM: Timesync mode: MAVLINK
[INFO] [1786041538.968046696] [mavros]: Plugin sys_time created
[INFO] [1786041538.968104561] [mavros]: Plugin sys_time initialized
[INFO] [1786041538.989491213] [mavros]: Plugin tdr_radio created
[INFO] [1786041538.989535799] [mavros]: Plugin tdr_radio initialized
[INFO] [1786041539.008410217] [mavros]: Plugin terrain created
[INFO] [1786041539.008458209] [mavros]: Plugin terrain initialized
[INFO] [1786041539.029300333] [mavros]: Plugin trajectory created
[INFO] [1786041539.029346201] [mavros]: Plugin trajectory initialized
[INFO] [1786041539.049906038] [mavros]: Plugin tunnel created
[INFO] [1786041539.049955996] [mavros]: Plugin tunnel initialized
[INFO] [1786041539.071130081] [mavros]: Plugin vfr_hud created
[INFO] [1786041539.071173036] [mavros]: Plugin vfr_hud initialized
[INFO] [1786041539.091182268] [mavros]: Plugin vibration created
[INFO] [1786041539.091236455] [mavros]: Plugin vibration initialized
[INFO] [1786041539.114089472] [mavros]: Plugin vision_pose created
[INFO] [1786041539.114129381] [mavros]: Plugin vision_pose initialized
[INFO] [1786041539.137458036] [mavros]: Plugin vision_speed created
[INFO] [1786041539.137498005] [mavros]: Plugin vision_speed initialized
[INFO] [1786041539.166651923] [mavros]: Plugin waypoint created
[INFO] [1786041539.166710872] [mavros]: Plugin waypoint initialized
[INFO] [1786041539.191240716] [mavros]: Plugin wheel_odometry created
[INFO] [1786041539.191286051] [mavros]: Plugin wheel_odometry initialized
[INFO] [1786041539.213973028] [mavros]: Plugin wind_estimation created
[INFO] [1786041539.214020892] [mavros]: Plugin wind_estimation initialized
[INFO] [1786041539.216748181] [mavros]: Built-in SIMD instructions: SSE, SSE2
[INFO] [1786041539.216790023] [mavros]: Built-in MAVLink package version: 2026.3.3
[INFO] [1786041539.216797380] [mavros]: Known MAVLink dialects: common ardupilotmega ASLUAV AVSSUAS all csAirLink cubepilot development icarous loweheiser marsh matrixpilot paparazzi standard stemstudios storm32 uAvionix ualberta
[INFO] [1786041539.216805142] [mavros]: MAVROS UAS via /uas1 started. MY ID 1.191, TARGET ID 1.1
[INFO] [1786041539.217908928] [mavros]: CON: Got HEARTBEAT, connected. FCU: PX4 Autopilot
[INFO] [1786041539.217964379] [mavros.mission]: WP: detected enable_partial_push: 0
[INFO] [1786041539.931067940] [mavros_router]: link[1001] detected remote address 1.191
[WARN] [1786041540.229864338] [mavros.cmd]: CMD: Unexpected command 520, result 3
[WARN] [1786041541.224643924] [mavros.sys]: VER: broadcast request timeout, retries left 4
[WARN] [1786041542.225688917] [mavros.sys]: VER: broadcast request timeout, retries left 3
[ERROR] [1786041543.235054096] [mavros.sys]: VER: command plugin service call failed!
[WARN] [1786041543.235138984] [mavros.sys]: VER: unicast request timeout, retries left 2
[ERROR] [1786041544.230714978] [mavros.sys]: VER: command plugin service call failed!
[WARN] [1786041544.230763834] [mavros.sys]: VER: unicast request timeout, retries left 1
[ERROR] [1786041545.229404238] [mavros.sys]: VER: command plugin service call failed!
[WARN] [1786041545.229472168] [mavros.sys]: VER: unicast request timeout, retries left 0
[ERROR] [1786041546.234680887] [mavros.sys]: VER: command plugin service call failed!
[WARN] [1786041546.234732616] [mavros.sys]: VER: your FCU don't support AUTOPILOT_VERSION, switched to default capabilities
[INFO] [1786041549.218381250] [mavros.home_position]: HP: requesting home position
[WARN] [1786041550.219580801] [mavros.param]: PR: request list timeout, retries left 2
[WARN] [1786041551.220013900] [mavros.param]: PR: request list timeout, retries left 1
[WARN] [1786041552.220413503] [mavros.param]: PR: request list timeout, retries left 0
[INFO] [1786041554.218696191] [mavros.mission]: WP: mission received
[INFO] [1786041559.218512457] [mavros.rallypoint]: RP: mission received
[WARN] [1786041563.705820919] [mavros.cmd]: CMD: Unexpected command 211, result 0
[INFO] [1786041563.733401850] [mavros.param]: PR: parameters list received
[INFO] [1786041564.219626499] [mavros.geofence]: GF: mission received
[WARN] [1786041564.706101863] [mavros.sys]: FCU: UNK(8): EVENT 11047904 with args -0-0-16-19-1-128-0-0-0-0-0-0-0-0-42-1-128-0-0-0-0-0-0-0-0-0-0-0-0-0-0-0-0-0-0-0-0-0-0-0-
[ERROR] [1786041564.706234915] [mavros.sys]: FCU: EVENT 13426421 with args -252-0-126-0-17-0-0-0-0-0-0-0-0-0-0-0-0-0-0-0-0-0-0-0-0-0-0-0-0-0-0-0-0-0-0-0-0-0-0-0-
[ERROR] [1786041564.706296310] [mavros.sys]: FCU: EVENT 11464574 with args -0-64-0-0-20-0-0-0-0-0-0-0-0-0-0-0-0-0-0-0-0-0-0-0-0-0-0-0-0-0-0-0-0-0-0-0-0-0-0-0-
[ERROR] [1786041564.706393852] [mavros.sys]: FCU: EVENT 10450063 with args -254-209-126-0-16-0-0-0-0-0-0-0-0-0-0-0-0-0-0-0-0-0-0-0-0-0-0-0-0-0-0-0-0-0-0-0-0-0-0-0-
[ERROR] [1786041564.706439656] [mavros.sys]: FCU: EVENT 13835193 with args -252-0-126-0-17-0-0-0-0-0-0-0-0-0-0-0-0-0-0-0-0-0-0-0-0-0-0-0-0-0-0-0-0-0-0-0-0-0-0-0-
[ERROR] [1786041564.706533784] [mavros.sys]: FCU: EVENT 10011251 with args -56-0-0-0-24-0-0-0-0-0-0-0-0-0-0-0-0-0-0-0-0-0-0-0-0-0-0-0-0-0-0-0-0-0-0-0-0-0-0-0-
[INFO] [1786041564.706577286] [mavros.sys]: FCU: EVENT 377561 with args -8-0-0-0-20-0-0-0-0-0-0-0-0-0-0-0-0-0-0-0-0-0-0-0-0-0-0-0-0-0-0-0-0-0-0-0-0-0-0-0-
[WARN] [1786041564.706664245] [mavros.sys]: FCU: EVENT 453929 with args -255-255-255-255-7-0-0-0-0-0-0-0-0-0-0-0-0-0-0-0-0-0-0-0-0-0-0-0-0-0-0-0-0-0-0-0-0-0-0-0-
[ERROR] [1786041564.706706254] [mavros.sys]: FCU: EVENT 6801787 with args -255-255-255-255-12-0-0-0-0-0-0-0-0-0-0-0-0-0-0-0-0-0-0-0-0-0-0-0-0-0-0-0-0-0-0-0-0-0-0-0-
[WARN] [1786041564.706794382] [mavros.sys]: FCU: UNK(8): EVENT 1914663 with args -0-2-13-2-56-0-0-0-0-0-0-0-0-0-0-0-0-0-0-0-0-0-0-0-0-0-0-0-0-0-0-0-0-0-0-0-0-0-0-0-
[INFO] [1786041566.833967319] [mavros_router]: link[1000] detected remote address 250.0
[WARN] [1786041566.842151201] [mavros.sys]: FCU: UNK(8): EVENT 11047904 with args -0-0-0-19-1-128-0-0-0-0-42-1-128-0-42-1-128-0-0-0-0-0-0-0-0-0-0-0-0-0-0-0-0-0-0-0-0-0-0-0-
[ERROR] [1786041566.842265646] [mavros.sys]: FCU: EVENT 13426421 with args -252-0-126-0-17-0-0-0-0-0-0-0-0-0-0-0-0-0-0-0-0-0-0-0-0-0-0-0-0-0-0-0-0-0-0-0-0-0-0-0-
[ERROR] [1786041566.842315253] [mavros.sys]: FCU: EVENT 11464574 with args -0-64-0-0-20-0-0-0-0-0-0-0-0-0-0-0-0-0-0-0-0-0-0-0-0-0-0-0-0-0-0-0-0-0-0-0-0-0-0-0-
[ERROR] [1786041566.842396088] [mavros.sys]: FCU: EVENT 10450063 with args -254-209-126-0-16-0-0-0-0-0-0-0-0-0-0-0-0-0-0-0-0-0-0-0-0-0-0-0-0-0-0-0-0-0-0-0-0-0-0-0-
[ERROR] [1786041566.842433430] [mavros.sys]: FCU: EVENT 13835193 with args -252-0-126-0-17-0-0-0-0-0-0-0-0-0-0-0-0-0-0-0-0-0-0-0-0-0-0-0-0-0-0-0-0-0-0-0-0-0-0-0-
[ERROR] [1786041566.842523433] [mavros.sys]: FCU: EVENT 10011251 with args -56-0-0-0-24-0-0-0-0-0-0-0-0-0-0-0-0-0-0-0-0-0-0-0-0-0-0-0-0-0-0-0-0-0-0-0-0-0-0-0-
[INFO] [1786041566.842568851] [mavros.sys]: FCU: EVENT 377561 with args -8-0-0-0-20-0-0-0-0-0-0-0-0-0-0-0-0-0-0-0-0-0-0-0-0-0-0-0-0-0-0-0-0-0-0-0-0-0-0-0-
[WARN] [1786041566.842654932] [mavros.sys]: FCU: EVENT 453929 with args -255-255-255-255-7-0-0-0-0-0-0-0-0-0-0-0-0-0-0-0-0-0-0-0-0-0-0-0-0-0-0-0-0-0-0-0-0-0-0-0-
[WARN] [1786041566.842696841] [mavros.sys]: FCU: UNK(8): EVENT 1914663 with args -0-2-29-2-56-0-0-0-0-0-0-0-0-0-0-0-0-0-0-0-0-0-0-0-0-0-0-0-0-0-0-0-0-0-0-0-0-0-0-0-
[INFO] [1786041570.987473533] [mavros.imu]: IMU: Attitude quaternion IMU detected!
[WARN] [1786041571.059471749] [mavros.sys]: FCU: UNK(8): EVENT 11047904 with args -0-0-0-18-1-128-0-0-0-0-58-1-128-0-58-1-128-0-0-0-0-0-0-0-0-0-0-0-0-0-0-0-0-0-0-0-0-0-0-0-
[ERROR] [1786041571.059551848] [mavros.sys]: FCU: EVENT 13426421 with args -252-0-126-0-17-0-0-0-0-0-0-0-0-0-0-0-0-0-0-0-0-0-0-0-0-0-0-0-0-0-0-0-0-0-0-0-0-0-0-0-
[ERROR] [1786041571.059663694] [mavros.sys]: FCU: EVENT 11464574 with args -0-64-0-0-20-0-0-0-0-0-0-0-0-0-0-0-0-0-0-0-0-0-0-0-0-0-0-0-0-0-0-0-0-0-0-0-0-0-0-0-
[ERROR] [1786041571.059700750] [mavros.sys]: FCU: EVENT 13835193 with args -252-0-126-0-17-0-0-0-0-0-0-0-0-0-0-0-0-0-0-0-0-0-0-0-0-0-0-0-0-0-0-0-0-0-0-0-0-0-0-0-
[ERROR] [1786041571.059791697] [mavros.sys]: FCU: EVENT 10011251 with args -56-0-0-0-24-0-0-0-0-0-0-0-0-0-0-0-0-0-0-0-0-0-0-0-0-0-0-0-0-0-0-0-0-0-0-0-0-0-0-0-
[INFO] [1786041571.059837111] [mavros.sys]: FCU: EVENT 377561 with args -8-0-0-0-20-0-0-0-0-0-0-0-0-0-0-0-0-0-0-0-0-0-0-0-0-0-0-0-0-0-0-0-0-0-0-0-0-0-0-0-
[WARN] [1786041571.059891275] [mavros.sys]: FCU: EVENT 453929 with args -255-255-255-255-7-0-0-0-0-0-0-0-0-0-0-0-0-0-0-0-0-0-0-0-0-0-0-0-0-0-0-0-0-0-0-0-0-0-0-0-
[WARN] [1786041571.059948605] [mavros.sys]: FCU: UNK(8): EVENT 1914663 with args -0-2-29-2-56-0-0-0-0-0-0-0-0-0-0-0-0-0-0-0-0-0-0-0-0-0-0-0-0-0-0-0-0-0-0-0-0-0-0-0-
[WARN] [1786041573.100416922] [mavros.sys]: FCU: UNK(8): EVENT 11047904 with args -0-0-0-2-0-128-0-0-0-0-122-1-128-176-122-127-128-0-0-0-0-0-0-0-0-0-0-0-0-0-0-0-0-0-0-0-0-0-0-0-
[ERROR] [1786041573.100484892] [mavros.sys]: FCU: EVENT 16642797 with args -252-0-126-0-17-0-0-0-0-0-0-0-0-0-0-0-0-0-0-0-0-0-0-0-0-0-0-0-0-0-0-0-0-0-0-0-0-0-0-0-
[INFO] [1786041573.100581329] [mavros.sys]: FCU: EVENT 377561 with args -8-0-0-0-20-0-0-0-0-0-0-0-0-0-0-0-0-0-0-0-0-0-0-0-0-0-0-0-0-0-0-0-0-0-0-0-0-0-0-0-
[WARN] [1786041573.100623132] [mavros.sys]: FCU: EVENT 453929 with args -255-255-255-255-7-0-0-0-0-0-0-0-0-0-0-0-0-0-0-0-0-0-0-0-0-0-0-0-0-0-0-0-0-0-0-0-0-0-0-0-
[WARN] [1786041573.100709508] [mavros.sys]: FCU: UNK(8): EVENT 1914663 with args -0-10-29-2-56-0-0-0-0-0-0-0-0-0-0-0-0-0-0-0-0-0-0-0-0-0-0-0-0-0-0-0-0-0-0-0-0-0-0-0-
[INFO] [1786041574.101527912] [mavros.sys]: FCU: EVENT 9489139 with args -4-0-0-0-0-0-0-0-0-0-0-0-0-0-0-0-0-0-0-0-0-0-0-0-0-0-0-0-0-0-0-0-0-0-0-0-0-0-0-0-
[WARN] [1786041575.165380883] [mavros.sys]: FCU: UNK(8): EVENT 11047904 with args -0-0-0-0-0-128-0-0-0-176-122-127-128-176-122-127-128-0-0-0-0-0-0-0-0-0-0-0-0-0-0-0-0-0-0-0-0-0-0-0-
[INFO] [1786041575.165484236] [mavros.sys]: FCU: EVENT 377561 with args -8-0-0-0-20-0-0-0-0-0-0-0-0-0-0-0-0-0-0-0-0-0-0-0-0-0-0-0-0-0-0-0-0-0-0-0-0-0-0-0-
[WARN] [1786041575.165602915] [mavros.sys]: FCU: EVENT 453929 with args -255-255-255-255-7-0-0-0-0-0-0-0-0-0-0-0-0-0-0-0-0-0-0-0-0-0-0-0-0-0-0-0-0-0-0-0-0-0-0-0-
[WARN] [1786041575.165642817] [mavros.sys]: FCU: UNK(8): EVENT 1914663 with args -0-10-29-2-56-0-0-0-0-0-0-0-0-0-0-0-0-0-0-0-0-0-0-0-0-0-0-0-0-0-0-0-0-0-0-0-0-0-0-0-
[INFO] [1786041575.905673482] [mavros.sys]: FCU: EVENT 4277609 with args -0-0-0-0-0-0-0-0-0-0-0-0-0-0-0-0-0-0-0-0-0-0-0-0-0-0-0-0-0-0-0-0-0-0-0-0-0-0-0-0-
[INFO] [1786041874.948920253] [mavros.sys]: FCU: EVENT 3322590 with args -0-0-0-0-0-0-0-0-0-0-0-0-0-0-0-0-0-0-0-0-0-0-0-0-0-0-0-0-0-0-0-0-0-0-0-0-0-0-0-0-
[INFO] [1786041879.768899824] [mavros.sys]: FCU: EVENT 9844908 with args -0-0-0-0-0-0-0-0-0-0-0-0-0-0-0-0-0-0-0-0-0-0-0-0-0-0-0-0-0-0-0-0-0-0-0-0-0-0-0-0-
[INFO] [1786041881.769898164] [mavros.sys]: FCU: EVENT 16017271 with args -6-0-0-0-0-0-0-0-0-0-0-0-0-0-0-0-0-0-0-0-0-0-0-0-0-0-0-0-0-0-0-0-0-0-0-0-0-0-0-0-
[WARN] [1786041883.545809409] [mavros.sys]: FCU: UNK(8): EVENT 11047904 with args -0-0-0-16-0-128-0-0-0-176-58-127-128-176-58-127-128-0-0-0-0-0-0-0-0-0-0-0-0-0-0-0-0-0-0-0-0-0-0-0-
[ERROR] [1786041883.545957236] [mavros.sys]: FCU: EVENT 11464574 with args -0-64-0-0-20-0-0-0-0-0-0-0-0-0-0-0-0-0-0-0-0-0-0-0-0-0-0-0-0-0-0-0-0-0-0-0-0-0-0-0-
[INFO] [1786041883.546009371] [mavros.sys]: FCU: EVENT 377561 with args -8-0-0-0-20-0-0-0-0-0-0-0-0-0-0-0-0-0-0-0-0-0-0-0-0-0-0-0-0-0-0-0-0-0-0-0-0-0-0-0-
[WARN] [1786041883.546084181] [mavros.sys]: FCU: EVENT 453929 with args -255-255-255-255-7-0-0-0-0-0-0-0-0-0-0-0-0-0-0-0-0-0-0-0-0-0-0-0-0-0-0-0-0-0-0-0-0-0-0-0-
[WARN] [1786041883.546130084] [mavros.sys]: FCU: UNK(8): EVENT 1914663 with args -0-10-29-2-56-0-0-0-0-0-0-0-0-0-0-0-0-0-0-0-0-0-0-0-0-0-0-0-0-0-0-0-0-0-0-0-0-0-0-0-
[WARN] [1786041883.555722943] [mavros.sys]: FCU: EVENT 13277401 with args -0-0-6-0-0-0-0-0-0-0-0-0-0-0-0-0-0-0-0-0-0-0-0-0-0-0-0-0-0-0-0-0-0-0-0-0-0-0-0-0-
[WARN] [1786041885.719290393] [mavros.sys]: FCU: UNK(8): EVENT 11047904 with args -0-0-0-16-0-128-0-0-0-176-58-127-128-176-58-127-128-0-0-0-0-0-0-0-0-0-0-0-0-0-0-0-0-0-0-0-0-0-0-0-
[ERROR] [1786041885.719359887] [mavros.sys]: FCU: EVENT 11464574 with args -0-64-0-0-20-0-0-0-0-0-0-0-0-0-0-0-0-0-0-0-0-0-0-0-0-0-0-0-0-0-0-0-0-0-0-0-0-0-0-0-
[INFO] [1786041885.719491569] [mavros.sys]: FCU: EVENT 377561 with args -8-0-0-0-20-0-0-0-0-0-0-0-0-0-0-0-0-0-0-0-0-0-0-0-0-0-0-0-0-0-0-0-0-0-0-0-0-0-0-0-
[WARN] [1786041885.719522888] [mavros.sys]: FCU: EVENT 453929 with args -255-255-255-255-7-0-0-0-0-0-0-0-0-0-0-0-0-0-0-0-0-0-0-0-0-0-0-0-0-0-0-0-0-0-0-0-0-0-0-0-
[WARN] [1786041885.719599194] [mavros.sys]: FCU: UNK(8): EVENT 1914663 with args -0-10-25-2-56-0-0-0-0-0-0-0-0-0-0-0-0-0-0-0-0-0-0-0-0-0-0-0-0-0-0-0-0-0-0-0-0-0-0-0-
[WARN] [1786041894.519288759] [mavros.sys]: FCU: EVENT 10794072 with args -0-0-0-0-0-0-0-0-0-0-0-0-0-0-0-0-0-0-0-0-0-0-0-0-0-0-0-0-0-0-0-0-0-0-0-0-0-0-0-0-
[WARN] [1786041894.519415623] [mavros.sys]: FCU: UNK(8): EVENT 11047904 with args -0-0-16-16-0-128-0-0-0-0-0-0-0-176-58-127-128-0-0-0-0-0-0-0-0-0-0-0-0-0-0-0-0-0-0-0-0-0-0-0-
[ERROR] [1786041894.519468568] [mavros.sys]: FCU: EVENT 11464574 with args -0-64-0-0-20-0-0-0-0-0-0-0-0-0-0-0-0-0-0-0-0-0-0-0-0-0-0-0-0-0-0-0-0-0-0-0-0-0-0-0-
[INFO] [1786041894.519581266] [mavros.sys]: FCU: EVENT 377561 with args -8-0-0-0-20-0-0-0-0-0-0-0-0-0-0-0-0-0-0-0-0-0-0-0-0-0-0-0-0-0-0-0-0-0-0-0-0-0-0-0-
[WARN] [1786041894.519620748] [mavros.sys]: FCU: EVENT 453929 with args -255-255-255-255-7-0-0-0-0-0-0-0-0-0-0-0-0-0-0-0-0-0-0-0-0-0-0-0-0-0-0-0-0-0-0-0-0-0-0-0-
[ERROR] [1786041894.519717839] [mavros.sys]: FCU: EVENT 6801787 with args -255-255-255-255-12-0-0-0-0-0-0-0-0-0-0-0-0-0-0-0-0-0-0-0-0-0-0-0-0-0-0-0-0-0-0-0-0-0-0-0-
[WARN] [1786041894.519768531] [mavros.sys]: FCU: UNK(8): EVENT 1914663 with args -0-10-9-2-56-0-0-0-0-0-0-0-0-0-0-0-0-0-0-0-0-0-0-0-0-0-0-0-0-0-0-0-0-0-0-0-0-0-0-0-
[INFO] [1786041958.295928965] [mavros_router]: link[1000] removed stale remote address 250.0
[WARN] [1786042822.372865224] [mavros]: CON: Lost connection, HEARTBEAT timed out.
[INFO] [1786042918.296028035] [mavros_router]: link[1000] removed stale remote address 1.0
[INFO] [1786042918.296088611] [mavros_router]: link[1000] removed stale remote address 1.1
[INFO] [1786043936.947959655] [rclcpp]: signal_handler(SIGINT/SIGTERM)
