[INFO] [1788448711.642953545] [mavros_node]: Starting mavros_node container
[INFO] [1788448711.643045342] [mavros_node]: FCU URL: udp://:14550@127.0.0.1:18570
[INFO] [1788448711.643055773] [mavros_node]: GCS URL: 
[INFO] [1788448711.643062120] [mavros_node]: UAS Prefix: /uas1
[INFO] [1788448711.643067455] [mavros_node]: Starting mavros router node
[INFO] [1788448711.651458052] [mavros_router]: Built-in SIMD instructions: SSE, SSE2
[INFO] [1788448711.651500551] [mavros_router]: Built-in MAVLink package version: 2026.3.3
[INFO] [1788448711.651513414] [mavros_router]: Known MAVLink dialects: common ardupilotmega ASLUAV AVSSUAS all csAirLink cubepilot development icarous loweheiser marsh matrixpilot paparazzi standard stemstudios storm32 uAvionix ualberta
[INFO] [1788448711.651523113] [mavros_router]: MAVROS Router started
[INFO] [1788448711.651630740] [mavros_node]: Starting mavros uas node
[INFO] [1788448711.683614277] [mavros_router]: Requested to add endpoint: type: 0, url: udp://:14550@127.0.0.1:18570
[INFO] [1788448711.683667421] [mavros_router]: Endpoint link[1000] created
[INFO] [1788448711.684059788] [mavros_router]: link[1000] opened successfully
[INFO] [1788448711.684081947] [mavros_router]: Requested to add endpoint: type: 2, url: /uas1
[INFO] [1788448711.684100363] [mavros_router]: Endpoint link[1001] created
[INFO] [1788448711.687537345] [mavros_router]: link[1001] opened successfully
[INFO] [1788448711.690827229] [mavros_router]: link[1000] detected remote address 1.1
[INFO] [1788448711.693698332] [mavros]: UAS Executor started, threads: 12
[INFO] [1788448711.709698510] [mavros]: Plugin actuator_control created
[INFO] [1788448711.709752336] [mavros]: Plugin actuator_control initialized
[INFO] [1788448711.729935363] [mavros]: Plugin adsb created
[INFO] [1788448711.729998753] [mavros]: Plugin adsb initialized
[INFO] [1788448711.737428912] [mavros]: Plugin altitude created
[INFO] [1788448711.737482767] [mavros]: Plugin altitude initialized
[INFO] [1788448711.747288866] [mavros]: Plugin cam_imu_sync created
[INFO] [1788448711.747343710] [mavros]: Plugin cam_imu_sync initialized
[INFO] [1788448711.756358101] [mavros]: Plugin camera created
[INFO] [1788448711.756418362] [mavros]: Plugin camera initialized
[INFO] [1788448711.765547790] [mavros]: Plugin cellular_status created
[INFO] [1788448711.765605211] [mavros]: Plugin cellular_status initialized
[INFO] [1788448711.782648096] [mavros]: Plugin command created
[INFO] [1788448711.782727827] [mavros]: Plugin command initialized
[INFO] [1788448711.791857659] [mavros]: Plugin companion_process_status created
[INFO] [1788448711.791917955] [mavros]: Plugin companion_process_status initialized
[INFO] [1788448711.804382648] [mavros]: Plugin debug_value created
[INFO] [1788448711.804444712] [mavros]: Plugin debug_value initialized
[INFO] [1788448711.814807322] [mavros.distance_sensor]: DS: Plugin not configured!
[INFO] [1788448711.815108082] [mavros]: Plugin distance_sensor created
[INFO] [1788448711.815139185] [mavros]: Plugin distance_sensor initialized
[INFO] [1788448711.826473013] [mavros]: Plugin esc_status created
[INFO] [1788448711.826541584] [mavros]: Plugin esc_status initialized
[INFO] [1788448711.836504250] [mavros]: Plugin esc_telemetry created
[INFO] [1788448711.836566500] [mavros]: Plugin esc_telemetry initialized
[INFO] [1788448711.844931815] [mavros]: Plugin fake_gps created
[INFO] [1788448711.844987068] [mavros]: Plugin fake_gps initialized
[INFO] [1788448711.860700889] [mavros]: Plugin ftp created
[INFO] [1788448711.860747479] [mavros]: Plugin ftp initialized
[INFO] [1788448711.872407237] [mavros]: Plugin geofence created
[INFO] [1788448711.872482776] [mavros]: Plugin geofence initialized
[INFO] [1788448711.891419382] [mavros]: Plugin gimbal_control created
[INFO] [1788448711.891480644] [mavros]: Plugin gimbal_control initialized
[INFO] [1788448711.912490409] [mavros]: Plugin global_position created
[INFO] [1788448711.912570597] [mavros]: Plugin global_position initialized
[INFO] [1788448711.926619573] [mavros]: Plugin gps_input created
[INFO] [1788448711.926671116] [mavros]: Plugin gps_input initialized
[INFO] [1788448711.941932677] [mavros]: Plugin gps_rtk created
[INFO] [1788448711.941997157] [mavros]: Plugin gps_rtk initialized
[INFO] [1788448711.956620667] [mavros]: Plugin gps_status created
[INFO] [1788448711.956680670] [mavros]: Plugin gps_status initialized
[INFO] [1788448711.969832821] [mavros]: Plugin guided_target created
[INFO] [1788448711.969886775] [mavros]: Plugin guided_target initialized
[INFO] [1788448711.987953516] [mavros]: Plugin hil created
[INFO] [1788448711.988008736] [mavros]: Plugin hil initialized
[INFO] [1788448712.003044434] [mavros]: Plugin home_position created
[INFO] [1788448712.003101026] [mavros]: Plugin home_position initialized
[INFO] [1788448712.024719548] [mavros]: Plugin imu created
[INFO] [1788448712.024786533] [mavros]: Plugin imu initialized
[INFO] [1788448712.042591960] [mavros]: Plugin landing_target created
[INFO] [1788448712.042644905] [mavros]: Plugin landing_target initialized
[INFO] [1788448712.062441843] [mavros]: Plugin local_position created
[INFO] [1788448712.062499071] [mavros]: Plugin local_position initialized
[INFO] [1788448712.084374265] [mavros]: Plugin log_transfer created
[INFO] [1788448712.084467094] [mavros]: Plugin log_transfer initialized
[INFO] [1788448712.101690315] [mavros]: Plugin mag_calibration_status created
[INFO] [1788448712.101748116] [mavros]: Plugin mag_calibration_status initialized
[INFO] [1788448712.118738197] [mavros]: Plugin manual_control created
[INFO] [1788448712.118791114] [mavros]: Plugin manual_control initialized
[INFO] [1788448712.136552113] [mavros]: Plugin mocap_pose_estimate created
[INFO] [1788448712.136601434] [mavros]: Plugin mocap_pose_estimate initialized
[INFO] [1788448712.158133363] [mavros]: Plugin mount_control created
[INFO] [1788448712.158207309] [mavros]: Plugin mount_control initialized
[INFO] [1788448712.177003665] [mavros]: Plugin nav_controller_output created
[INFO] [1788448712.177051468] [mavros]: Plugin nav_controller_output initialized
[INFO] [1788448712.192253492] [mavros]: Plugin obstacle_distance created
[INFO] [1788448712.192302177] [mavros]: Plugin obstacle_distance initialized
[INFO] [1788448712.207996347] [mavros]: Plugin obstacle_distance_3d created
[INFO] [1788448712.208035926] [mavros]: Plugin obstacle_distance_3d initialized
[INFO] [1788448712.225190177] [mavros]: Plugin odometry created
[INFO] [1788448712.225237195] [mavros]: Plugin odometry initialized
[INFO] [1788448712.242279576] [mavros]: Plugin onboard_computer_status created
[INFO] [1788448712.242321081] [mavros]: Plugin onboard_computer_status initialized
[INFO] [1788448712.261878208] [mavros]: Plugin open_drone_id created
[INFO] [1788448712.261923344] [mavros]: Plugin open_drone_id initialized
[INFO] [1788448712.280583399] [mavros]: Plugin optical_flow created
[INFO] [1788448712.280652687] [mavros]: Plugin optical_flow initialized
[INFO] [1788448712.302145559] [mavros]: Plugin param created
[INFO] [1788448712.302196325] [mavros]: Plugin param initialized
[INFO] [1788448712.318445970] [mavros]: Plugin play_tune created
[INFO] [1788448712.318502183] [mavros]: Plugin play_tune initialized
[INFO] [1788448712.340307366] [mavros]: Plugin px4flow created
[INFO] [1788448712.340360905] [mavros]: Plugin px4flow initialized
[INFO] [1788448712.364190554] [mavros]: Plugin rallypoint created
[INFO] [1788448712.364256277] [mavros]: Plugin rallypoint initialized
[INFO] [1788448712.386172618] [mavros]: Plugin rangefinder created
[INFO] [1788448712.386220754] [mavros]: Plugin rangefinder initialized
[INFO] [1788448712.408532321] [mavros]: Plugin rc_io created
[INFO] [1788448712.408579226] [mavros]: Plugin rc_io initialized
[INFO] [1788448712.432248490] [mavros]: Plugin setpoint_accel created
[INFO] [1788448712.432310095] [mavros]: Plugin setpoint_accel initialized
[INFO] [1788448712.459358985] [mavros]: Plugin setpoint_attitude created
[INFO] [1788448712.459406482] [mavros]: Plugin setpoint_attitude initialized
[INFO] [1788448712.491514174] [mavros]: Plugin setpoint_position created
[INFO] [1788448712.491562063] [mavros]: Plugin setpoint_position initialized
[INFO] [1788448712.520696972] [mavros]: Plugin setpoint_raw created
[INFO] [1788448712.520761932] [mavros]: Plugin setpoint_raw initialized
[INFO] [1788448712.546067490] [mavros]: Plugin setpoint_trajectory created
[INFO] [1788448712.546116566] [mavros]: Plugin setpoint_trajectory initialized
[INFO] [1788448712.570336423] [mavros]: Plugin setpoint_velocity created
[INFO] [1788448712.570379742] [mavros]: Plugin setpoint_velocity initialized
[INFO] [1788448712.595327668] [mavros]: Plugin sim_state created
[INFO] [1788448712.595378137] [mavros]: Plugin sim_state initialized
[INFO] [1788448712.638373129] [mavros]: Plugin sys_status created
[INFO] [1788448712.638435354] [mavros]: Plugin sys_status initialized
[INFO] [1788448712.660953488] [mavros.time]: TM: Timesync mode: MAVLINK
[INFO] [1788448712.666917253] [mavros]: Plugin sys_time created
[INFO] [1788448712.666994529] [mavros]: Plugin sys_time initialized
[INFO] [1788448712.692699246] [mavros]: Plugin tdr_radio created
[INFO] [1788448712.692749084] [mavros]: Plugin tdr_radio initialized
[INFO] [1788448712.719906832] [mavros]: Plugin terrain created
[INFO] [1788448712.719972173] [mavros]: Plugin terrain initialized
[INFO] [1788448712.745561033] [mavros]: Plugin trajectory created
[INFO] [1788448712.745608503] [mavros]: Plugin trajectory initialized
[INFO] [1788448712.771049693] [mavros]: Plugin tunnel created
[INFO] [1788448712.771112603] [mavros]: Plugin tunnel initialized
[INFO] [1788448712.795872180] [mavros]: Plugin vfr_hud created
[INFO] [1788448712.795918022] [mavros]: Plugin vfr_hud initialized
[INFO] [1788448712.824397601] [mavros]: Plugin vibration created
[INFO] [1788448712.824451056] [mavros]: Plugin vibration initialized
[INFO] [1788448712.856073705] [mavros]: Plugin vision_pose created
[INFO] [1788448712.856130600] [mavros]: Plugin vision_pose initialized
[INFO] [1788448712.886764095] [mavros]: Plugin vision_speed created
[INFO] [1788448712.886820444] [mavros]: Plugin vision_speed initialized
[INFO] [1788448712.925532755] [mavros]: Plugin waypoint created
[INFO] [1788448712.925592891] [mavros]: Plugin waypoint initialized
[INFO] [1788448712.959274038] [mavros]: Plugin wheel_odometry created
[INFO] [1788448712.959327480] [mavros]: Plugin wheel_odometry initialized
[INFO] [1788448712.988003864] [mavros]: Plugin wind_estimation created
[INFO] [1788448712.988059312] [mavros]: Plugin wind_estimation initialized
[INFO] [1788448712.990971546] [mavros]: Built-in SIMD instructions: SSE, SSE2
[INFO] [1788448712.991014185] [mavros]: Built-in MAVLink package version: 2026.3.3
[INFO] [1788448712.991022681] [mavros]: Known MAVLink dialects: common ardupilotmega ASLUAV AVSSUAS all csAirLink cubepilot development icarous loweheiser marsh matrixpilot paparazzi standard stemstudios storm32 uAvionix ualberta
[INFO] [1788448712.991031474] [mavros]: MAVROS UAS via /uas1 started. MY ID 1.191, TARGET ID 1.1
[INFO] [1788448713.620518384] [mavros_router]: link[1001] detected remote address 1.191
[WARN] [1788448713.645650564] [mavros.cmd]: CMD: Unexpected command 520, result 3
[INFO] [1788448713.874715881] [mavros]: CON: Got HEARTBEAT, connected. FCU: PX4 Autopilot
[INFO] [1788448713.874856633] [mavros.mission]: WP: detected enable_partial_push: 0
[WARN] [1788448715.882757005] [mavros.sys]: VER: broadcast request timeout, retries left 4
[WARN] [1788448716.882707954] [mavros.sys]: VER: broadcast request timeout, retries left 3
[ERROR] [1788448717.891663141] [mavros.sys]: VER: command plugin service call failed!
[WARN] [1788448717.891715727] [mavros.sys]: VER: unicast request timeout, retries left 2
[ERROR] [1788448718.892856670] [mavros.sys]: VER: command plugin service call failed!
[WARN] [1788448718.892906234] [mavros.sys]: VER: unicast request timeout, retries left 1
[INFO] [1788448719.123770992] [mavros.imu]: IMU: Attitude quaternion IMU detected!
[WARN] [1788448719.199485871] [mavros.sys]: FCU: UNK(8): EVENT 11047904 with args -0-0-16-18-1-128-0-0-0-0-0-0-0-0-58-1-128-0-0-0-0-0-0-0-0-0-0-0-0-0-0-0-0-0-0-0-0-0-0-0-
[ERROR] [1788448719.199564163] [mavros.sys]: FCU: EVENT 13426421 with args -252-0-126-0-17-0-0-0-0-0-0-0-0-0-0-0-0-0-0-0-0-0-0-0-0-0-0-0-0-0-0-0-0-0-0-0-0-0-0-0-
[ERROR] [1788448719.199665123] [mavros.sys]: FCU: EVENT 11464574 with args -0-64-0-0-20-0-0-0-0-0-0-0-0-0-0-0-0-0-0-0-0-0-0-0-0-0-0-0-0-0-0-0-0-0-0-0-0-0-0-0-
[ERROR] [1788448719.199693185] [mavros.sys]: FCU: EVENT 13835193 with args -252-0-126-0-17-0-0-0-0-0-0-0-0-0-0-0-0-0-0-0-0-0-0-0-0-0-0-0-0-0-0-0-0-0-0-0-0-0-0-0-
[ERROR] [1788448719.199755818] [mavros.sys]: FCU: EVENT 10011251 with args -56-0-0-0-24-0-0-0-0-0-0-0-0-0-0-0-0-0-0-0-0-0-0-0-0-0-0-0-0-0-0-0-0-0-0-0-0-0-0-0-
[INFO] [1788448719.199783754] [mavros.sys]: FCU: EVENT 377561 with args -8-0-0-0-20-0-0-0-0-0-0-0-0-0-0-0-0-0-0-0-0-0-0-0-0-0-0-0-0-0-0-0-0-0-0-0-0-0-0-0-
[WARN] [1788448719.199852409] [mavros.sys]: FCU: EVENT 453929 with args -255-255-255-255-7-0-0-0-0-0-0-0-0-0-0-0-0-0-0-0-0-0-0-0-0-0-0-0-0-0-0-0-0-0-0-0-0-0-0-0-
[ERROR] [1788448719.199873857] [mavros.sys]: FCU: EVENT 6801787 with args -255-255-255-255-12-0-0-0-0-0-0-0-0-0-0-0-0-0-0-0-0-0-0-0-0-0-0-0-0-0-0-0-0-0-0-0-0-0-0-0-
[WARN] [1788448719.199943071] [mavros.sys]: FCU: UNK(8): EVENT 1914663 with args -0-2-13-2-56-0-0-0-0-0-0-0-0-0-0-0-0-0-0-0-0-0-0-0-0-0-0-0-0-0-0-0-0-0-0-0-0-0-0-0-
[ERROR] [1788448719.884045712] [mavros.sys]: VER: command plugin service call failed!
[WARN] [1788448719.884095843] [mavros.sys]: VER: unicast request timeout, retries left 0
[ERROR] [1788448720.886090083] [mavros.sys]: VER: command plugin service call failed!
[WARN] [1788448720.886141032] [mavros.sys]: VER: your FCU don't support AUTOPILOT_VERSION, switched to default capabilities
[WARN] [1788448721.202800527] [mavros.sys]: FCU: UNK(8): EVENT 11047904 with args -0-0-16-18-1-128-0-0-0-0-0-0-0-0-58-1-128-0-0-0-0-0-0-0-0-0-0-0-0-0-0-0-0-0-0-0-0-0-0-0-
[ERROR] [1788448721.202865789] [mavros.sys]: FCU: EVENT 16642797 with args -252-0-126-0-17-0-0-0-0-0-0-0-0-0-0-0-0-0-0-0-0-0-0-0-0-0-0-0-0-0-0-0-0-0-0-0-0-0-0-0-
[ERROR] [1788448721.202949128] [mavros.sys]: FCU: EVENT 11464574 with args -0-64-0-0-20-0-0-0-0-0-0-0-0-0-0-0-0-0-0-0-0-0-0-0-0-0-0-0-0-0-0-0-0-0-0-0-0-0-0-0-
[ERROR] [1788448721.202981172] [mavros.sys]: FCU: EVENT 13835193 with args -252-0-126-0-17-0-0-0-0-0-0-0-0-0-0-0-0-0-0-0-0-0-0-0-0-0-0-0-0-0-0-0-0-0-0-0-0-0-0-0-
[ERROR] [1788448721.203058430] [mavros.sys]: FCU: EVENT 10011251 with args -56-0-0-0-24-0-0-0-0-0-0-0-0-0-0-0-0-0-0-0-0-0-0-0-0-0-0-0-0-0-0-0-0-0-0-0-0-0-0-0-
[INFO] [1788448721.203085656] [mavros.sys]: FCU: EVENT 377561 with args -8-0-0-0-20-0-0-0-0-0-0-0-0-0-0-0-0-0-0-0-0-0-0-0-0-0-0-0-0-0-0-0-0-0-0-0-0-0-0-0-
[WARN] [1788448721.203153329] [mavros.sys]: FCU: EVENT 453929 with args -255-255-255-255-7-0-0-0-0-0-0-0-0-0-0-0-0-0-0-0-0-0-0-0-0-0-0-0-0-0-0-0-0-0-0-0-0-0-0-0-
[ERROR] [1788448721.203175444] [mavros.sys]: FCU: EVENT 6801787 with args -255-255-255-255-12-0-0-0-0-0-0-0-0-0-0-0-0-0-0-0-0-0-0-0-0-0-0-0-0-0-0-0-0-0-0-0-0-0-0-0-
[WARN] [1788448721.203240500] [mavros.sys]: FCU: UNK(8): EVENT 1914663 with args -0-10-13-2-56-0-0-0-0-0-0-0-0-0-0-0-0-0-0-0-0-0-0-0-0-0-0-0-0-0-0-0-0-0-0-0-0-0-0-0-
[WARN] [1788448723.210912308] [mavros.sys]: FCU: UNK(8): EVENT 11047904 with args -0-0-16-16-0-128-0-0-0-0-0-0-0-176-58-127-128-0-0-0-0-0-0-0-0-0-0-0-0-0-0-0-0-0-0-0-0-0-0-0-
[ERROR] [1788448723.210992442] [mavros.sys]: FCU: EVENT 11464574 with args -0-64-0-0-20-0-0-0-0-0-0-0-0-0-0-0-0-0-0-0-0-0-0-0-0-0-0-0-0-0-0-0-0-0-0-0-0-0-0-0-
[INFO] [1788448723.211103070] [mavros.sys]: FCU: EVENT 377561 with args -8-0-0-0-20-0-0-0-0-0-0-0-0-0-0-0-0-0-0-0-0-0-0-0-0-0-0-0-0-0-0-0-0-0-0-0-0-0-0-0-
[WARN] [1788448723.211134188] [mavros.sys]: FCU: EVENT 453929 with args -255-255-255-255-7-0-0-0-0-0-0-0-0-0-0-0-0-0-0-0-0-0-0-0-0-0-0-0-0-0-0-0-0-0-0-0-0-0-0-0-
[ERROR] [1788448723.211222204] [mavros.sys]: FCU: EVENT 6801787 with args -255-255-255-255-12-0-0-0-0-0-0-0-0-0-0-0-0-0-0-0-0-0-0-0-0-0-0-0-0-0-0-0-0-0-0-0-0-0-0-0-
[WARN] [1788448723.211253880] [mavros.sys]: FCU: UNK(8): EVENT 1914663 with args -0-10-13-2-56-0-0-0-0-0-0-0-0-0-0-0-0-0-0-0-0-0-0-0-0-0-0-0-0-0-0-0-0-0-0-0-0-0-0-0-
[INFO] [1788448728.876520617] [mavros.mission]: WP: mission received
[INFO] [1788448733.876387469] [mavros.rallypoint]: RP: mission received
[INFO] [1788448738.876714495] [mavros.geofence]: GF: mission received
[INFO] [1788448768.409720518] [mavros_router]: link[1000] detected remote address 250.0
[WARN] [1788448768.411862815] [mavros.sys]: FCU: UNK(8): EVENT 11047904 with args -0-0-16-0-0-128-0-0-0-0-0-0-0-176-122-127-128-0-0-0-0-0-0-0-0-0-0-0-0-0-0-0-0-0-0-0-0-0-0-0-
[INFO] [1788448768.411944592] [mavros.sys]: FCU: EVENT 377561 with args -8-0-0-0-20-0-0-0-0-0-0-0-0-0-0-0-0-0-0-0-0-0-0-0-0-0-0-0-0-0-0-0-0-0-0-0-0-0-0-0-
[WARN] [1788448768.412054130] [mavros.sys]: FCU: EVENT 453929 with args -255-255-255-255-7-0-0-0-0-0-0-0-0-0-0-0-0-0-0-0-0-0-0-0-0-0-0-0-0-0-0-0-0-0-0-0-0-0-0-0-
[ERROR] [1788448768.412096061] [mavros.sys]: FCU: EVENT 6801787 with args -255-255-255-255-12-0-0-0-0-0-0-0-0-0-0-0-0-0-0-0-0-0-0-0-0-0-0-0-0-0-0-0-0-0-0-0-0-0-0-0-
[WARN] [1788448768.412213252] [mavros.sys]: FCU: UNK(8): EVENT 1914663 with args -0-10-13-2-56-0-0-0-0-0-0-0-0-0-0-0-0-0-0-0-0-0-0-0-0-0-0-0-0-0-0-0-0-0-0-0-0-0-0-0-
[INFO] [1788448768.431837882] [mavros.sys]: FCU: EVENT 9489139 with args -4-0-0-0-0-0-0-0-0-0-0-0-0-0-0-0-0-0-0-0-0-0-0-0-0-0-0-0-0-0-0-0-0-0-0-0-0-0-0-0-
[INFO] [1788448770.281550080] [mavros.sys]: FCU: EVENT 4277609 with args -0-0-0-0-0-0-0-0-0-0-0-0-0-0-0-0-0-0-0-0-0-0-0-0-0-0-0-0-0-0-0-0-0-0-0-0-0-0-0-0-
[WARN] [1788448770.453127267] [mavros.sys]: FCU: UNK(8): EVENT 11047904 with args -0-0-0-0-0-128-0-0-0-176-122-127-128-176-122-127-128-0-0-0-0-0-0-0-0-0-0-0-0-0-0-0-0-0-0-0-0-0-0-0-
[INFO] [1788448770.453201280] [mavros.sys]: FCU: EVENT 377561 with args -8-0-0-0-20-0-0-0-0-0-0-0-0-0-0-0-0-0-0-0-0-0-0-0-0-0-0-0-0-0-0-0-0-0-0-0-0-0-0-0-
[WARN] [1788448770.453284510] [mavros.sys]: FCU: EVENT 453929 with args -255-255-255-255-7-0-0-0-0-0-0-0-0-0-0-0-0-0-0-0-0-0-0-0-0-0-0-0-0-0-0-0-0-0-0-0-0-0-0-0-
[WARN] [1788448770.453313621] [mavros.sys]: FCU: UNK(8): EVENT 1914663 with args -0-10-29-2-56-0-0-0-0-0-0-0-0-0-0-0-0-0-0-0-0-0-0-0-0-0-0-0-0-0-0-0-0-0-0-0-0-0-0-0-
[INFO] [1788448899.875053848] [mavros.sys]: FCU: EVENT 3322590 with args -0-0-0-0-0-0-0-0-0-0-0-0-0-0-0-0-0-0-0-0-0-0-0-0-0-0-0-0-0-0-0-0-0-0-0-0-0-0-0-0-
[WARN] [1788448899.885150955] [mavros.guided_target]: PositionTargetGlobal failed because no origin
[WARN] [1788448900.889522684] [mavros.guided_target]: PositionTargetGlobal failed because no origin
[WARN] [1788448901.891148477] [mavros.guided_target]: PositionTargetGlobal failed because no origin
[WARN] [1788448902.890386828] [mavros.guided_target]: PositionTargetGlobal failed because no origin
[WARN] [1788448903.891873543] [mavros.guided_target]: PositionTargetGlobal failed because no origin
[WARN] [1788448904.894776354] [mavros.guided_target]: PositionTargetGlobal failed because no origin
[INFO] [1788448905.856750940] [mavros.sys]: FCU: EVENT 9844908 with args -0-0-0-0-0-0-0-0-0-0-0-0-0-0-0-0-0-0-0-0-0-0-0-0-0-0-0-0-0-0-0-0-0-0-0-0-0-0-0-0-
[WARN] [1788448905.894836683] [mavros.guided_target]: PositionTargetGlobal failed because no origin
[WARN] [1788448906.894748031] [mavros.guided_target]: PositionTargetGlobal failed because no origin
[INFO] [1788448907.856792307] [mavros.sys]: FCU: EVENT 16017271 with args -6-0-0-0-0-0-0-0-0-0-0-0-0-0-0-0-0-0-0-0-0-0-0-0-0-0-0-0-0-0-0-0-0-0-0-0-0-0-0-0-
[WARN] [1788448908.887688896] [mavros.sys]: FCU: UNK(8): EVENT 11047904 with args -0-0-0-16-0-128-0-0-0-176-58-127-128-176-58-127-128-0-0-0-0-0-0-0-0-0-0-0-0-0-0-0-0-0-0-0-0-0-0-0-
[ERROR] [1788448908.887743345] [mavros.sys]: FCU: EVENT 11464574 with args -0-64-0-0-20-0-0-0-0-0-0-0-0-0-0-0-0-0-0-0-0-0-0-0-0-0-0-0-0-0-0-0-0-0-0-0-0-0-0-0-
[INFO] [1788448908.887820966] [mavros.sys]: FCU: EVENT 377561 with args -8-0-0-0-20-0-0-0-0-0-0-0-0-0-0-0-0-0-0-0-0-0-0-0-0-0-0-0-0-0-0-0-0-0-0-0-0-0-0-0-
[WARN] [1788448908.887848887] [mavros.sys]: FCU: EVENT 453929 with args -255-255-255-255-7-0-0-0-0-0-0-0-0-0-0-0-0-0-0-0-0-0-0-0-0-0-0-0-0-0-0-0-0-0-0-0-0-0-0-0-
[WARN] [1788448908.887911014] [mavros.sys]: FCU: UNK(8): EVENT 1914663 with args -0-10-29-2-56-0-0-0-0-0-0-0-0-0-0-0-0-0-0-0-0-0-0-0-0-0-0-0-0-0-0-0-0-0-0-0-0-0-0-0-
[WARN] [1788448908.901273209] [mavros.sys]: FCU: EVENT 13277401 with args -0-0-6-0-0-0-0-0-0-0-0-0-0-0-0-0-0-0-0-0-0-0-0-0-0-0-0-0-0-0-0-0-0-0-0-0-0-0-0-0-
[INFO] [1788448908.937191828] [rclcpp]: signal_handler(SIGINT/SIGTERM)
[WARN] [1788448908.938037418] [mavros]: UAS Executor terminated
