[INFO] [1788457076.715274643] [mavros_node]: Starting mavros_node container
[INFO] [1788457076.715357613] [mavros_node]: FCU URL: udp://:14550@127.0.0.1:18570
[INFO] [1788457076.715365015] [mavros_node]: GCS URL: 
[INFO] [1788457076.715368699] [mavros_node]: UAS Prefix: /uas1
[INFO] [1788457076.715371902] [mavros_node]: Starting mavros router node
[INFO] [1788457076.722437255] [mavros_router]: Built-in SIMD instructions: SSE, SSE2
[INFO] [1788457076.722468007] [mavros_router]: Built-in MAVLink package version: 2026.3.3
[INFO] [1788457076.722478829] [mavros_router]: Known MAVLink dialects: common ardupilotmega ASLUAV AVSSUAS all csAirLink cubepilot development icarous loweheiser marsh matrixpilot paparazzi standard stemstudios storm32 uAvionix ualberta
[INFO] [1788457076.722484394] [mavros_router]: MAVROS Router started
[INFO] [1788457076.722564214] [mavros_node]: Starting mavros uas node
[INFO] [1788457076.762167940] [mavros_router]: Requested to add endpoint: type: 0, url: udp://:14550@127.0.0.1:18570
[INFO] [1788457076.762224379] [mavros_router]: Endpoint link[1000] created
[INFO] [1788457076.762573681] [mavros_router]: link[1000] opened successfully
[INFO] [1788457076.762591651] [mavros_router]: Requested to add endpoint: type: 2, url: /uas1
[INFO] [1788457076.762607473] [mavros_router]: Endpoint link[1001] created
[INFO] [1788457076.766334429] [mavros_router]: link[1001] opened successfully
[INFO] [1788457076.772233259] [mavros]: UAS Executor started, threads: 12
[INFO] [1788457076.775129250] [mavros_router]: link[1000] detected remote address 1.1
[INFO] [1788457076.786485449] [mavros]: Plugin actuator_control created
[INFO] [1788457076.786538853] [mavros]: Plugin actuator_control initialized
[INFO] [1788457076.810455733] [mavros]: Plugin adsb created
[INFO] [1788457076.810503673] [mavros]: Plugin adsb initialized
[INFO] [1788457076.816919839] [mavros]: Plugin altitude created
[INFO] [1788457076.816972725] [mavros]: Plugin altitude initialized
[INFO] [1788457076.825219923] [mavros]: Plugin cam_imu_sync created
[INFO] [1788457076.825266410] [mavros]: Plugin cam_imu_sync initialized
[INFO] [1788457076.836815779] [mavros]: Plugin camera created
[INFO] [1788457076.836867265] [mavros]: Plugin camera initialized
[INFO] [1788457076.845378357] [mavros]: Plugin cellular_status created
[INFO] [1788457076.845418814] [mavros]: Plugin cellular_status initialized
[INFO] [1788457076.859397743] [mavros]: Plugin command created
[INFO] [1788457076.859450886] [mavros]: Plugin command initialized
[INFO] [1788457076.867989128] [mavros]: Plugin companion_process_status created
[INFO] [1788457076.868034343] [mavros]: Plugin companion_process_status initialized
[INFO] [1788457076.878758757] [mavros]: Plugin debug_value created
[INFO] [1788457076.878812317] [mavros]: Plugin debug_value initialized
[INFO] [1788457076.890724363] [mavros.distance_sensor]: DS: Plugin not configured!
[INFO] [1788457076.890817161] [mavros]: Plugin distance_sensor created
[INFO] [1788457076.890837479] [mavros]: Plugin distance_sensor initialized
[INFO] [1788457076.901452629] [mavros]: Plugin esc_status created
[INFO] [1788457076.901509010] [mavros]: Plugin esc_status initialized
[INFO] [1788457076.910026140] [mavros]: Plugin esc_telemetry created
[INFO] [1788457076.910077277] [mavros]: Plugin esc_telemetry initialized
[INFO] [1788457076.920748976] [mavros]: Plugin fake_gps created
[INFO] [1788457076.920798090] [mavros]: Plugin fake_gps initialized
[INFO] [1788457076.936014203] [mavros]: Plugin ftp created
[INFO] [1788457076.936059761] [mavros]: Plugin ftp initialized
[INFO] [1788457076.945582016] [mavros]: Plugin geofence created
[INFO] [1788457076.945627963] [mavros]: Plugin geofence initialized
[INFO] [1788457076.962499854] [mavros]: Plugin gimbal_control created
[INFO] [1788457076.962554330] [mavros]: Plugin gimbal_control initialized
[INFO] [1788457076.978963430] [mavros]: Plugin global_position created
[INFO] [1788457076.979017883] [mavros]: Plugin global_position initialized
[INFO] [1788457076.989073564] [mavros]: Plugin gps_input created
[INFO] [1788457076.989111182] [mavros]: Plugin gps_input initialized
[INFO] [1788457076.999065853] [mavros]: Plugin gps_rtk created
[INFO] [1788457076.999130652] [mavros]: Plugin gps_rtk initialized
[INFO] [1788457077.010656419] [mavros]: Plugin gps_status created
[INFO] [1788457077.010711849] [mavros]: Plugin gps_status initialized
[INFO] [1788457077.023842949] [mavros]: Plugin guided_target created
[INFO] [1788457077.023883864] [mavros]: Plugin guided_target initialized
[INFO] [1788457077.038185889] [mavros]: Plugin hil created
[INFO] [1788457077.038236780] [mavros]: Plugin hil initialized
[INFO] [1788457077.049619850] [mavros]: Plugin home_position created
[INFO] [1788457077.049670423] [mavros]: Plugin home_position initialized
[INFO] [1788457077.066439522] [mavros]: Plugin imu created
[INFO] [1788457077.066497756] [mavros]: Plugin imu initialized
[INFO] [1788457077.078335497] [mavros]: Plugin landing_target created
[INFO] [1788457077.078379675] [mavros]: Plugin landing_target initialized
[INFO] [1788457077.093822840] [mavros]: Plugin local_position created
[INFO] [1788457077.093866864] [mavros]: Plugin local_position initialized
[INFO] [1788457077.111671724] [mavros]: Plugin log_transfer created
[INFO] [1788457077.111717682] [mavros]: Plugin log_transfer initialized
[INFO] [1788457077.126762849] [mavros]: Plugin mag_calibration_status created
[INFO] [1788457077.126808545] [mavros]: Plugin mag_calibration_status initialized
[INFO] [1788457077.141480516] [mavros]: Plugin manual_control created
[INFO] [1788457077.141531379] [mavros]: Plugin manual_control initialized
[INFO] [1788457077.156119933] [mavros]: Plugin mocap_pose_estimate created
[INFO] [1788457077.156157556] [mavros]: Plugin mocap_pose_estimate initialized
[INFO] [1788457077.172029546] [mavros]: Plugin mount_control created
[INFO] [1788457077.172078846] [mavros]: Plugin mount_control initialized
[INFO] [1788457077.185290615] [mavros]: Plugin nav_controller_output created
[INFO] [1788457077.185328608] [mavros]: Plugin nav_controller_output initialized
[INFO] [1788457077.198152906] [mavros]: Plugin obstacle_distance created
[INFO] [1788457077.198197652] [mavros]: Plugin obstacle_distance initialized
[INFO] [1788457077.211451380] [mavros]: Plugin obstacle_distance_3d created
[INFO] [1788457077.211493272] [mavros]: Plugin obstacle_distance_3d initialized
[INFO] [1788457077.228021031] [mavros]: Plugin odometry created
[INFO] [1788457077.228073232] [mavros]: Plugin odometry initialized
[INFO] [1788457077.244899346] [mavros]: Plugin onboard_computer_status created
[INFO] [1788457077.244945483] [mavros]: Plugin onboard_computer_status initialized
[INFO] [1788457077.264300144] [mavros]: Plugin open_drone_id created
[INFO] [1788457077.264360146] [mavros]: Plugin open_drone_id initialized
[INFO] [1788457077.284455968] [mavros]: Plugin optical_flow created
[INFO] [1788457077.284519707] [mavros]: Plugin optical_flow initialized
[INFO] [1788457077.304178863] [mavros]: Plugin param created
[INFO] [1788457077.304223110] [mavros]: Plugin param initialized
[INFO] [1788457077.321357213] [mavros]: Plugin play_tune created
[INFO] [1788457077.321403112] [mavros]: Plugin play_tune initialized
[INFO] [1788457077.342225611] [mavros]: Plugin px4flow created
[INFO] [1788457077.342281686] [mavros]: Plugin px4flow initialized
[INFO] [1788457077.365690634] [mavros]: Plugin rallypoint created
[INFO] [1788457077.365752641] [mavros]: Plugin rallypoint initialized
[INFO] [1788457077.383309527] [mavros]: Plugin rangefinder created
[INFO] [1788457077.383367706] [mavros]: Plugin rangefinder initialized
[INFO] [1788457077.405520628] [mavros]: Plugin rc_io created
[INFO] [1788457077.405575679] [mavros]: Plugin rc_io initialized
[INFO] [1788457077.424978657] [mavros]: Plugin setpoint_accel created
[INFO] [1788457077.425021632] [mavros]: Plugin setpoint_accel initialized
[INFO] [1788457077.448261889] [mavros]: Plugin setpoint_attitude created
[INFO] [1788457077.448309344] [mavros]: Plugin setpoint_attitude initialized
[INFO] [1788457077.471770276] [mavros]: Plugin setpoint_position created
[INFO] [1788457077.471812831] [mavros]: Plugin setpoint_position initialized
[INFO] [1788457077.495497831] [mavros]: Plugin setpoint_raw created
[INFO] [1788457077.495540439] [mavros]: Plugin setpoint_raw initialized
[INFO] [1788457077.520113224] [mavros]: Plugin setpoint_trajectory created
[INFO] [1788457077.520153918] [mavros]: Plugin setpoint_trajectory initialized
[INFO] [1788457077.541123230] [mavros]: Plugin setpoint_velocity created
[INFO] [1788457077.541162241] [mavros]: Plugin setpoint_velocity initialized
[INFO] [1788457077.565434660] [mavros]: Plugin sim_state created
[INFO] [1788457077.565493287] [mavros]: Plugin sim_state initialized
[INFO] [1788457077.605640898] [mavros]: Plugin sys_status created
[INFO] [1788457077.605708591] [mavros]: Plugin sys_status initialized
[INFO] [1788457077.627008349] [mavros.time]: TM: Timesync mode: MAVLINK
[INFO] [1788457077.633147984] [mavros]: Plugin sys_time created
[INFO] [1788457077.633206579] [mavros]: Plugin sys_time initialized
[INFO] [1788457077.658616598] [mavros]: Plugin tdr_radio created
[INFO] [1788457077.658667172] [mavros]: Plugin tdr_radio initialized
[INFO] [1788457077.681390141] [mavros]: Plugin terrain created
[INFO] [1788457077.681449975] [mavros]: Plugin terrain initialized
[INFO] [1788457077.706625795] [mavros]: Plugin trajectory created
[INFO] [1788457077.706667715] [mavros]: Plugin trajectory initialized
[INFO] [1788457077.735384681] [mavros]: Plugin tunnel created
[INFO] [1788457077.735434559] [mavros]: Plugin tunnel initialized
[INFO] [1788457077.759863725] [mavros]: Plugin vfr_hud created
[INFO] [1788457077.759914883] [mavros]: Plugin vfr_hud initialized
[INFO] [1788457077.785407546] [mavros]: Plugin vibration created
[INFO] [1788457077.785450161] [mavros]: Plugin vibration initialized
[INFO] [1788457077.810501210] [mavros]: Plugin vision_pose created
[INFO] [1788457077.810536538] [mavros]: Plugin vision_pose initialized
[INFO] [1788457077.840724575] [mavros]: Plugin vision_speed created
[INFO] [1788457077.840774702] [mavros]: Plugin vision_speed initialized
[INFO] [1788457077.878462503] [mavros]: Plugin waypoint created
[INFO] [1788457077.878517297] [mavros]: Plugin waypoint initialized
[INFO] [1788457077.908682076] [mavros]: Plugin wheel_odometry created
[INFO] [1788457077.908733499] [mavros]: Plugin wheel_odometry initialized
[INFO] [1788457077.944206819] [mavros]: Plugin wind_estimation created
[INFO] [1788457077.944261672] [mavros]: Plugin wind_estimation initialized
[INFO] [1788457077.947095959] [mavros]: Built-in SIMD instructions: SSE, SSE2
[INFO] [1788457077.947144950] [mavros]: Built-in MAVLink package version: 2026.3.3
[INFO] [1788457077.947152027] [mavros]: Known MAVLink dialects: common ardupilotmega ASLUAV AVSSUAS all csAirLink cubepilot development icarous loweheiser marsh matrixpilot paparazzi standard stemstudios storm32 uAvionix ualberta
[INFO] [1788457077.947158968] [mavros]: MAVROS UAS via /uas1 started. MY ID 1.191, TARGET ID 1.1
[INFO] [1788457078.146505844] [mavros]: CON: Got HEARTBEAT, connected. FCU: PX4 Autopilot
[INFO] [1788457078.146669545] [mavros.mission]: WP: detected enable_partial_push: 0
[WARN] [1788457078.146936696] [mavros.sys]: FCU: UNK(8): EVENT 11047904 with args -0-0-16-19-1-128-0-0-0-0-0-0-0-0-42-1-128-0-0-0-0-0-0-0-0-0-0-0-0-0-0-0-0-0-0-0-0-0-0-0-
[ERROR] [1788457078.147023836] [mavros.sys]: FCU: EVENT 13426421 with args -252-0-126-0-17-0-0-0-0-0-0-0-0-0-0-0-0-0-0-0-0-0-0-0-0-0-0-0-0-0-0-0-0-0-0-0-0-0-0-0-
[ERROR] [1788457078.147080083] [mavros.sys]: FCU: EVENT 11464574 with args -0-64-0-0-20-0-0-0-0-0-0-0-0-0-0-0-0-0-0-0-0-0-0-0-0-0-0-0-0-0-0-0-0-0-0-0-0-0-0-0-
[ERROR] [1788457078.147157799] [mavros.sys]: FCU: EVENT 10450063 with args -254-209-126-0-16-0-0-0-0-0-0-0-0-0-0-0-0-0-0-0-0-0-0-0-0-0-0-0-0-0-0-0-0-0-0-0-0-0-0-0-
[ERROR] [1788457078.147193345] [mavros.sys]: FCU: EVENT 13835193 with args -252-0-126-0-17-0-0-0-0-0-0-0-0-0-0-0-0-0-0-0-0-0-0-0-0-0-0-0-0-0-0-0-0-0-0-0-0-0-0-0-
[ERROR] [1788457078.147266684] [mavros.sys]: FCU: EVENT 10011251 with args -56-0-0-0-24-0-0-0-0-0-0-0-0-0-0-0-0-0-0-0-0-0-0-0-0-0-0-0-0-0-0-0-0-0-0-0-0-0-0-0-
[INFO] [1788457078.147309874] [mavros.sys]: FCU: EVENT 377561 with args -8-0-0-0-20-0-0-0-0-0-0-0-0-0-0-0-0-0-0-0-0-0-0-0-0-0-0-0-0-0-0-0-0-0-0-0-0-0-0-0-
[WARN] [1788457078.147392813] [mavros.sys]: FCU: EVENT 453929 with args -255-255-255-255-7-0-0-0-0-0-0-0-0-0-0-0-0-0-0-0-0-0-0-0-0-0-0-0-0-0-0-0-0-0-0-0-0-0-0-0-
[ERROR] [1788457078.147430190] [mavros.sys]: FCU: EVENT 6801787 with args -255-255-255-255-12-0-0-0-0-0-0-0-0-0-0-0-0-0-0-0-0-0-0-0-0-0-0-0-0-0-0-0-0-0-0-0-0-0-0-0-
[WARN] [1788457078.147524715] [mavros.sys]: FCU: UNK(8): EVENT 1914663 with args -0-2-13-2-56-0-0-0-0-0-0-0-0-0-0-0-0-0-0-0-0-0-0-0-0-0-0-0-0-0-0-0-0-0-0-0-0-0-0-0-
[INFO] [1788457078.590667142] [mavros_router]: link[1001] detected remote address 1.191
[WARN] [1788457079.162534621] [mavros.cmd]: CMD: Unexpected command 520, result 3
[WARN] [1788457080.182479787] [mavros.sys]: VER: broadcast request timeout, retries left 4
[WARN] [1788457081.157539860] [mavros.sys]: VER: broadcast request timeout, retries left 3
[ERROR] [1788457082.165255722] [mavros.sys]: VER: command plugin service call failed!
[WARN] [1788457082.165310576] [mavros.sys]: VER: unicast request timeout, retries left 2
[ERROR] [1788457083.164481090] [mavros.sys]: VER: command plugin service call failed!
[WARN] [1788457083.164523321] [mavros.sys]: VER: unicast request timeout, retries left 1
[ERROR] [1788457084.164684488] [mavros.sys]: VER: command plugin service call failed!
[WARN] [1788457084.164727739] [mavros.sys]: VER: unicast request timeout, retries left 0
[INFO] [1788457084.927439312] [mavros.imu]: IMU: Attitude quaternion IMU detected!
[WARN] [1788457085.001408810] [mavros.sys]: FCU: UNK(8): EVENT 11047904 with args -0-0-16-18-1-128-0-0-0-0-0-0-0-0-58-1-128-0-0-0-0-0-0-0-0-0-0-0-0-0-0-0-0-0-0-0-0-0-0-0-
[ERROR] [1788457085.001473319] [mavros.sys]: FCU: EVENT 13426421 with args -252-0-126-0-17-0-0-0-0-0-0-0-0-0-0-0-0-0-0-0-0-0-0-0-0-0-0-0-0-0-0-0-0-0-0-0-0-0-0-0-
[ERROR] [1788457085.001558302] [mavros.sys]: FCU: EVENT 11464574 with args -0-64-0-0-20-0-0-0-0-0-0-0-0-0-0-0-0-0-0-0-0-0-0-0-0-0-0-0-0-0-0-0-0-0-0-0-0-0-0-0-
[ERROR] [1788457085.001591657] [mavros.sys]: FCU: EVENT 13835193 with args -252-0-126-0-17-0-0-0-0-0-0-0-0-0-0-0-0-0-0-0-0-0-0-0-0-0-0-0-0-0-0-0-0-0-0-0-0-0-0-0-
[ERROR] [1788457085.001654236] [mavros.sys]: FCU: EVENT 10011251 with args -56-0-0-0-24-0-0-0-0-0-0-0-0-0-0-0-0-0-0-0-0-0-0-0-0-0-0-0-0-0-0-0-0-0-0-0-0-0-0-0-
[INFO] [1788457085.001681109] [mavros.sys]: FCU: EVENT 377561 with args -8-0-0-0-20-0-0-0-0-0-0-0-0-0-0-0-0-0-0-0-0-0-0-0-0-0-0-0-0-0-0-0-0-0-0-0-0-0-0-0-
[WARN] [1788457085.001756815] [mavros.sys]: FCU: EVENT 453929 with args -255-255-255-255-7-0-0-0-0-0-0-0-0-0-0-0-0-0-0-0-0-0-0-0-0-0-0-0-0-0-0-0-0-0-0-0-0-0-0-0-
[ERROR] [1788457085.001787246] [mavros.sys]: FCU: EVENT 6801787 with args -255-255-255-255-12-0-0-0-0-0-0-0-0-0-0-0-0-0-0-0-0-0-0-0-0-0-0-0-0-0-0-0-0-0-0-0-0-0-0-0-
[WARN] [1788457085.001862586] [mavros.sys]: FCU: UNK(8): EVENT 1914663 with args -0-2-13-2-56-0-0-0-0-0-0-0-0-0-0-0-0-0-0-0-0-0-0-0-0-0-0-0-0-0-0-0-0-0-0-0-0-0-0-0-
[ERROR] [1788457085.167125869] [mavros.sys]: VER: command plugin service call failed!
[WARN] [1788457085.167177866] [mavros.sys]: VER: your FCU don't support AUTOPILOT_VERSION, switched to default capabilities
[WARN] [1788457087.003600829] [mavros.sys]: FCU: UNK(8): EVENT 11047904 with args -0-0-16-18-1-128-0-0-0-0-0-0-0-0-58-1-128-0-0-0-0-0-0-0-0-0-0-0-0-0-0-0-0-0-0-0-0-0-0-0-
[ERROR] [1788457087.003669177] [mavros.sys]: FCU: EVENT 16642797 with args -252-0-126-0-17-0-0-0-0-0-0-0-0-0-0-0-0-0-0-0-0-0-0-0-0-0-0-0-0-0-0-0-0-0-0-0-0-0-0-0-
[ERROR] [1788457087.003766708] [mavros.sys]: FCU: EVENT 11464574 with args -0-64-0-0-20-0-0-0-0-0-0-0-0-0-0-0-0-0-0-0-0-0-0-0-0-0-0-0-0-0-0-0-0-0-0-0-0-0-0-0-
[ERROR] [1788457087.003804892] [mavros.sys]: FCU: EVENT 13835193 with args -252-0-126-0-17-0-0-0-0-0-0-0-0-0-0-0-0-0-0-0-0-0-0-0-0-0-0-0-0-0-0-0-0-0-0-0-0-0-0-0-
[ERROR] [1788457087.003879437] [mavros.sys]: FCU: EVENT 10011251 with args -56-0-0-0-24-0-0-0-0-0-0-0-0-0-0-0-0-0-0-0-0-0-0-0-0-0-0-0-0-0-0-0-0-0-0-0-0-0-0-0-
[INFO] [1788457087.003913819] [mavros.sys]: FCU: EVENT 377561 with args -8-0-0-0-20-0-0-0-0-0-0-0-0-0-0-0-0-0-0-0-0-0-0-0-0-0-0-0-0-0-0-0-0-0-0-0-0-0-0-0-
[WARN] [1788457087.004027581] [mavros.sys]: FCU: EVENT 453929 with args -255-255-255-255-7-0-0-0-0-0-0-0-0-0-0-0-0-0-0-0-0-0-0-0-0-0-0-0-0-0-0-0-0-0-0-0-0-0-0-0-
[ERROR] [1788457087.004063366] [mavros.sys]: FCU: EVENT 6801787 with args -255-255-255-255-12-0-0-0-0-0-0-0-0-0-0-0-0-0-0-0-0-0-0-0-0-0-0-0-0-0-0-0-0-0-0-0-0-0-0-0-
[WARN] [1788457087.004159415] [mavros.sys]: FCU: UNK(8): EVENT 1914663 with args -0-10-13-2-56-0-0-0-0-0-0-0-0-0-0-0-0-0-0-0-0-0-0-0-0-0-0-0-0-0-0-0-0-0-0-0-0-0-0-0-
[WARN] [1788457089.063789927] [mavros.sys]: FCU: UNK(8): EVENT 11047904 with args -0-0-16-16-0-128-0-0-0-0-0-0-0-176-58-127-128-0-0-0-0-0-0-0-0-0-0-0-0-0-0-0-0-0-0-0-0-0-0-0-
[ERROR] [1788457089.063855166] [mavros.sys]: FCU: EVENT 11464574 with args -0-64-0-0-20-0-0-0-0-0-0-0-0-0-0-0-0-0-0-0-0-0-0-0-0-0-0-0-0-0-0-0-0-0-0-0-0-0-0-0-
[INFO] [1788457089.063932246] [mavros.sys]: FCU: EVENT 377561 with args -8-0-0-0-20-0-0-0-0-0-0-0-0-0-0-0-0-0-0-0-0-0-0-0-0-0-0-0-0-0-0-0-0-0-0-0-0-0-0-0-
[WARN] [1788457089.063959245] [mavros.sys]: FCU: EVENT 453929 with args -255-255-255-255-7-0-0-0-0-0-0-0-0-0-0-0-0-0-0-0-0-0-0-0-0-0-0-0-0-0-0-0-0-0-0-0-0-0-0-0-
[ERROR] [1788457089.064025448] [mavros.sys]: FCU: EVENT 6801787 with args -255-255-255-255-12-0-0-0-0-0-0-0-0-0-0-0-0-0-0-0-0-0-0-0-0-0-0-0-0-0-0-0-0-0-0-0-0-0-0-0-
[WARN] [1788457089.064053863] [mavros.sys]: FCU: UNK(8): EVENT 1914663 with args -0-10-13-2-56-0-0-0-0-0-0-0-0-0-0-0-0-0-0-0-0-0-0-0-0-0-0-0-0-0-0-0-0-0-0-0-0-0-0-0-
[INFO] [1788457093.148290711] [mavros.mission]: WP: mission received
[INFO] [1788457098.148380797] [mavros.rallypoint]: RP: mission received
[INFO] [1788457103.148140091] [mavros.geofence]: GF: mission received
[INFO] [1788457134.027577448] [mavros_router]: link[1000] detected remote address 250.0
[WARN] [1788457134.033629482] [mavros.sys]: FCU: UNK(8): EVENT 11047904 with args -0-0-0-0-0-128-0-0-0-176-122-127-128-176-122-127-128-0-0-0-0-0-0-0-0-0-0-0-0-0-0-0-0-0-0-0-0-0-0-0-
[INFO] [1788457134.033701224] [mavros.sys]: FCU: EVENT 377561 with args -8-0-0-0-20-0-0-0-0-0-0-0-0-0-0-0-0-0-0-0-0-0-0-0-0-0-0-0-0-0-0-0-0-0-0-0-0-0-0-0-
[WARN] [1788457134.033789113] [mavros.sys]: FCU: EVENT 453929 with args -255-255-255-255-7-0-0-0-0-0-0-0-0-0-0-0-0-0-0-0-0-0-0-0-0-0-0-0-0-0-0-0-0-0-0-0-0-0-0-0-
[WARN] [1788457134.033819871] [mavros.sys]: FCU: UNK(8): EVENT 1914663 with args -0-10-29-2-56-0-0-0-0-0-0-0-0-0-0-0-0-0-0-0-0-0-0-0-0-0-0-0-0-0-0-0-0-0-0-0-0-0-0-0-
[INFO] [1788457134.043572688] [mavros.sys]: FCU: EVENT 9489139 with args -4-0-0-0-0-0-0-0-0-0-0-0-0-0-0-0-0-0-0-0-0-0-0-0-0-0-0-0-0-0-0-0-0-0-0-0-0-0-0-0-
[INFO] [1788457135.881998680] [mavros.sys]: FCU: EVENT 4277609 with args -0-0-0-0-0-0-0-0-0-0-0-0-0-0-0-0-0-0-0-0-0-0-0-0-0-0-0-0-0-0-0-0-0-0-0-0-0-0-0-0-
[INFO] [1788457265.288444642] [mavros.sys]: FCU: EVENT 3322590 with args -0-0-0-0-0-0-0-0-0-0-0-0-0-0-0-0-0-0-0-0-0-0-0-0-0-0-0-0-0-0-0-0-0-0-0-0-0-0-0-0-
[WARN] [1788457265.300349425] [mavros.guided_target]: PositionTargetGlobal failed because no origin
[WARN] [1788457266.300348337] [mavros.guided_target]: PositionTargetGlobal failed because no origin
[WARN] [1788457267.300330093] [mavros.guided_target]: PositionTargetGlobal failed because no origin
[WARN] [1788457268.300341977] [mavros.guided_target]: PositionTargetGlobal failed because no origin
[WARN] [1788457269.300337970] [mavros.guided_target]: PositionTargetGlobal failed because no origin
[WARN] [1788457270.300348044] [mavros.guided_target]: PositionTargetGlobal failed because no origin
[WARN] [1788457271.300352891] [mavros.guided_target]: PositionTargetGlobal failed because no origin
[INFO] [1788457271.360460014] [mavros.sys]: FCU: EVENT 9844908 with args -0-0-0-0-0-0-0-0-0-0-0-0-0-0-0-0-0-0-0-0-0-0-0-0-0-0-0-0-0-0-0-0-0-0-0-0-0-0-0-0-
[WARN] [1788457272.300386374] [mavros.guided_target]: PositionTargetGlobal failed because no origin
[WARN] [1788457273.300353314] [mavros.guided_target]: PositionTargetGlobal failed because no origin
[INFO] [1788457273.360348033] [mavros.sys]: FCU: EVENT 16017271 with args -6-0-0-0-0-0-0-0-0-0-0-0-0-0-0-0-0-0-0-0-0-0-0-0-0-0-0-0-0-0-0-0-0-0-0-0-0-0-0-0-
[WARN] [1788457275.169427682] [mavros.sys]: FCU: UNK(8): EVENT 11047904 with args -0-0-0-16-0-128-0-0-0-176-58-127-128-176-58-127-128-0-0-0-0-0-0-0-0-0-0-0-0-0-0-0-0-0-0-0-0-0-0-0-
[ERROR] [1788457275.169545786] [mavros.sys]: FCU: EVENT 11464574 with args -0-64-0-0-20-0-0-0-0-0-0-0-0-0-0-0-0-0-0-0-0-0-0-0-0-0-0-0-0-0-0-0-0-0-0-0-0-0-0-0-
[INFO] [1788457275.169608413] [mavros.sys]: FCU: EVENT 377561 with args -8-0-0-0-20-0-0-0-0-0-0-0-0-0-0-0-0-0-0-0-0-0-0-0-0-0-0-0-0-0-0-0-0-0-0-0-0-0-0-0-
[WARN] [1788457275.169683396] [mavros.sys]: FCU: EVENT 453929 with args -255-255-255-255-7-0-0-0-0-0-0-0-0-0-0-0-0-0-0-0-0-0-0-0-0-0-0-0-0-0-0-0-0-0-0-0-0-0-0-0-
[WARN] [1788457275.169712891] [mavros.sys]: FCU: UNK(8): EVENT 1914663 with args -0-10-29-2-56-0-0-0-0-0-0-0-0-0-0-0-0-0-0-0-0-0-0-0-0-0-0-0-0-0-0-0-0-0-0-0-0-0-0-0-
[WARN] [1788457275.177455043] [mavros.sys]: FCU: EVENT 13277401 with args -0-0-6-0-0-0-0-0-0-0-0-0-0-0-0-0-0-0-0-0-0-0-0-0-0-0-0-0-0-0-0-0-0-0-0-0-0-0-0-0-
[INFO] [1788457275.196540139] [rclcpp]: signal_handler(SIGINT/SIGTERM)
[WARN] [1788457275.198131103] [mavros]: UAS Executor terminated
