[INFO] [1788448471.566174524] [mavros_node]: Starting mavros_node container
[INFO] [1788448471.566260161] [mavros_node]: FCU URL: udp://:14550@127.0.0.1:18570
[INFO] [1788448471.566272293] [mavros_node]: GCS URL: 
[INFO] [1788448471.566279843] [mavros_node]: UAS Prefix: /uas1
[INFO] [1788448471.566286356] [mavros_node]: Starting mavros router node
[INFO] [1788448471.580289374] [mavros_router]: Built-in SIMD instructions: SSE, SSE2
[INFO] [1788448471.580324529] [mavros_router]: Built-in MAVLink package version: 2026.3.3
[INFO] [1788448471.580333858] [mavros_router]: Known MAVLink dialects: common ardupilotmega ASLUAV AVSSUAS all csAirLink cubepilot development icarous loweheiser marsh matrixpilot paparazzi standard stemstudios storm32 uAvionix ualberta
[INFO] [1788448471.580340026] [mavros_router]: MAVROS Router started
[INFO] [1788448471.580425285] [mavros_node]: Starting mavros uas node
[INFO] [1788448471.627945073] [mavros_router]: Requested to add endpoint: type: 0, url: udp://:14550@127.0.0.1:18570
[INFO] [1788448471.628004584] [mavros_router]: Endpoint link[1000] created
[INFO] [1788448471.628503799] [mavros_router]: link[1000] opened successfully
[INFO] [1788448471.628523337] [mavros_router]: Requested to add endpoint: type: 2, url: /uas1
[INFO] [1788448471.628541363] [mavros_router]: Endpoint link[1001] created
[INFO] [1788448471.635244045] [mavros_router]: link[1001] opened successfully
[INFO] [1788448471.637974139] [mavros]: UAS Executor started, threads: 12
[INFO] [1788448471.672133906] [mavros]: Plugin actuator_control created
[INFO] [1788448471.672197720] [mavros]: Plugin actuator_control initialized
[INFO] [1788448471.710515911] [mavros]: Plugin adsb created
[INFO] [1788448471.710567323] [mavros]: Plugin adsb initialized
[INFO] [1788448471.714710259] [mavros]: Plugin altitude created
[INFO] [1788448471.714753253] [mavros]: Plugin altitude initialized
[INFO] [1788448471.717911826] [mavros]: Plugin cam_imu_sync created
[INFO] [1788448471.717956367] [mavros]: Plugin cam_imu_sync initialized
[INFO] [1788448471.721848924] [mavros]: Plugin camera created
[INFO] [1788448471.721895698] [mavros]: Plugin camera initialized
[INFO] [1788448471.727824192] [mavros]: Plugin cellular_status created
[INFO] [1788448471.727882670] [mavros]: Plugin cellular_status initialized
[INFO] [1788448471.738316152] [mavros]: Plugin command created
[INFO] [1788448471.738366422] [mavros]: Plugin command initialized
[INFO] [1788448471.744693840] [mavros]: Plugin companion_process_status created
[INFO] [1788448471.744738114] [mavros]: Plugin companion_process_status initialized
[INFO] [1788448471.750991348] [mavros_router]: link[1000] detected remote address 1.1
[INFO] [1788448471.752403285] [mavros]: Plugin debug_value created
[INFO] [1788448471.752445765] [mavros]: Plugin debug_value initialized
[INFO] [1788448471.757742479] [mavros.distance_sensor]: DS: Plugin not configured!
[INFO] [1788448471.757844949] [mavros]: Plugin distance_sensor created
[INFO] [1788448471.757867164] [mavros]: Plugin distance_sensor initialized
[INFO] [1788448471.765419198] [mavros]: Plugin esc_status created
[INFO] [1788448471.765467256] [mavros]: Plugin esc_status initialized
[INFO] [1788448471.771811146] [mavros]: Plugin esc_telemetry created
[INFO] [1788448471.771865119] [mavros]: Plugin esc_telemetry initialized
[INFO] [1788448471.781125037] [mavros]: Plugin fake_gps created
[INFO] [1788448471.781165093] [mavros]: Plugin fake_gps initialized
[INFO] [1788448471.793376928] [mavros]: Plugin ftp created
[INFO] [1788448471.793431696] [mavros]: Plugin ftp initialized
[INFO] [1788448471.803762040] [mavros]: Plugin geofence created
[INFO] [1788448471.803815527] [mavros]: Plugin geofence initialized
[INFO] [1788448471.821228911] [mavros]: Plugin gimbal_control created
[INFO] [1788448471.821287627] [mavros]: Plugin gimbal_control initialized
[INFO] [1788448471.843370383] [mavros]: Plugin global_position created
[INFO] [1788448471.843450942] [mavros]: Plugin global_position initialized
[INFO] [1788448471.855339744] [mavros]: Plugin gps_input created
[INFO] [1788448471.855387231] [mavros]: Plugin gps_input initialized
[INFO] [1788448471.868111360] [mavros]: Plugin gps_rtk created
[INFO] [1788448471.868167433] [mavros]: Plugin gps_rtk initialized
[INFO] [1788448471.881551424] [mavros]: Plugin gps_status created
[INFO] [1788448471.881622723] [mavros]: Plugin gps_status initialized
[INFO] [1788448471.892380155] [mavros]: Plugin guided_target created
[INFO] [1788448471.892450922] [mavros]: Plugin guided_target initialized
[INFO] [1788448471.910543113] [mavros]: Plugin hil created
[INFO] [1788448471.910615669] [mavros]: Plugin hil initialized
[INFO] [1788448471.926829902] [mavros]: Plugin home_position created
[INFO] [1788448471.926910037] [mavros]: Plugin home_position initialized
[INFO] [1788448471.946234252] [mavros]: Plugin imu created
[INFO] [1788448471.946293540] [mavros]: Plugin imu initialized
[INFO] [1788448471.961718620] [mavros]: Plugin landing_target created
[INFO] [1788448471.961772393] [mavros]: Plugin landing_target initialized
[INFO] [1788448471.980787947] [mavros]: Plugin local_position created
[INFO] [1788448471.980850778] [mavros]: Plugin local_position initialized
[INFO] [1788448472.000921310] [mavros]: Plugin log_transfer created
[INFO] [1788448472.001053698] [mavros]: Plugin log_transfer initialized
[INFO] [1788448472.019023970] [mavros]: Plugin mag_calibration_status created
[INFO] [1788448472.019099877] [mavros]: Plugin mag_calibration_status initialized
[INFO] [1788448472.036104966] [mavros]: Plugin manual_control created
[INFO] [1788448472.036169596] [mavros]: Plugin manual_control initialized
[INFO] [1788448472.057291116] [mavros]: Plugin mocap_pose_estimate created
[INFO] [1788448472.057628779] [mavros]: Plugin mocap_pose_estimate initialized
[INFO] [1788448472.085708294] [mavros]: Plugin mount_control created
[INFO] [1788448472.085769110] [mavros]: Plugin mount_control initialized
[INFO] [1788448472.104303932] [mavros]: Plugin nav_controller_output created
[INFO] [1788448472.104646602] [mavros]: Plugin nav_controller_output initialized
[INFO] [1788448472.121618520] [mavros]: Plugin obstacle_distance created
[INFO] [1788448472.121670818] [mavros]: Plugin obstacle_distance initialized
[INFO] [1788448472.140788754] [mavros]: Plugin obstacle_distance_3d created
[INFO] [1788448472.140833312] [mavros]: Plugin obstacle_distance_3d initialized
[INFO] [1788448472.160083194] [mavros]: Plugin odometry created
[INFO] [1788448472.160143720] [mavros]: Plugin odometry initialized
[INFO] [1788448472.179311050] [mavros]: Plugin onboard_computer_status created
[INFO] [1788448472.179358142] [mavros]: Plugin onboard_computer_status initialized
[INFO] [1788448472.202688421] [mavros]: Plugin open_drone_id created
[INFO] [1788448472.202741969] [mavros]: Plugin open_drone_id initialized
[INFO] [1788448472.227543543] [mavros]: Plugin optical_flow created
[INFO] [1788448472.227613906] [mavros]: Plugin optical_flow initialized
[INFO] [1788448472.252392871] [mavros]: Plugin param created
[INFO] [1788448472.252441724] [mavros]: Plugin param initialized
[INFO] [1788448472.274294819] [mavros]: Plugin play_tune created
[INFO] [1788448472.274339658] [mavros]: Plugin play_tune initialized
[INFO] [1788448472.297629479] [mavros]: Plugin px4flow created
[INFO] [1788448472.297693282] [mavros]: Plugin px4flow initialized
[INFO] [1788448472.321287031] [mavros]: Plugin rallypoint created
[INFO] [1788448472.321345615] [mavros]: Plugin rallypoint initialized
[INFO] [1788448472.345919098] [mavros]: Plugin rangefinder created
[INFO] [1788448472.345990042] [mavros]: Plugin rangefinder initialized
[INFO] [1788448472.367186429] [mavros]: Plugin rc_io created
[INFO] [1788448472.367243979] [mavros]: Plugin rc_io initialized
[INFO] [1788448472.390765058] [mavros]: Plugin setpoint_accel created
[INFO] [1788448472.390818178] [mavros]: Plugin setpoint_accel initialized
[INFO] [1788448472.416772139] [mavros]: Plugin setpoint_attitude created
[INFO] [1788448472.416830690] [mavros]: Plugin setpoint_attitude initialized
[INFO] [1788448472.447036856] [mavros]: Plugin setpoint_position created
[INFO] [1788448472.447104317] [mavros]: Plugin setpoint_position initialized
[INFO] [1788448472.478076468] [mavros]: Plugin setpoint_raw created
[INFO] [1788448472.478134318] [mavros]: Plugin setpoint_raw initialized
[INFO] [1788448472.504009898] [mavros]: Plugin setpoint_trajectory created
[INFO] [1788448472.504049613] [mavros]: Plugin setpoint_trajectory initialized
[INFO] [1788448472.527576922] [mavros]: Plugin setpoint_velocity created
[INFO] [1788448472.527628488] [mavros]: Plugin setpoint_velocity initialized
[INFO] [1788448472.551716885] [mavros]: Plugin sim_state created
[INFO] [1788448472.551766203] [mavros]: Plugin sim_state initialized
[INFO] [1788448472.592363401] [mavros]: Plugin sys_status created
[INFO] [1788448472.592446559] [mavros]: Plugin sys_status initialized
[INFO] [1788448472.616341509] [mavros.time]: TM: Timesync mode: MAVLINK
[INFO] [1788448472.620624182] [mavros]: Plugin sys_time created
[INFO] [1788448472.620672919] [mavros]: Plugin sys_time initialized
[INFO] [1788448472.645961158] [mavros]: Plugin tdr_radio created
[INFO] [1788448472.646029971] [mavros]: Plugin tdr_radio initialized
[INFO] [1788448472.669718795] [mavros]: Plugin terrain created
[INFO] [1788448472.669777692] [mavros]: Plugin terrain initialized
[INFO] [1788448472.695273843] [mavros]: Plugin trajectory created
[INFO] [1788448472.695335336] [mavros]: Plugin trajectory initialized
[INFO] [1788448472.721389358] [mavros]: Plugin tunnel created
[INFO] [1788448472.721451318] [mavros]: Plugin tunnel initialized
[INFO] [1788448472.747024639] [mavros]: Plugin vfr_hud created
[INFO] [1788448472.747087509] [mavros]: Plugin vfr_hud initialized
[INFO] [1788448472.773876551] [mavros]: Plugin vibration created
[INFO] [1788448472.773945892] [mavros]: Plugin vibration initialized
[INFO] [1788448472.804082779] [mavros]: Plugin vision_pose created
[INFO] [1788448472.804123960] [mavros]: Plugin vision_pose initialized
[INFO] [1788448472.833203723] [mavros]: Plugin vision_speed created
[INFO] [1788448472.833245176] [mavros]: Plugin vision_speed initialized
[INFO] [1788448472.870218977] [mavros]: Plugin waypoint created
[INFO] [1788448472.870277306] [mavros]: Plugin waypoint initialized
[INFO] [1788448472.901260545] [mavros]: Plugin wheel_odometry created
[INFO] [1788448472.901317842] [mavros]: Plugin wheel_odometry initialized
[INFO] [1788448472.928570911] [mavros]: Plugin wind_estimation created
[INFO] [1788448472.928630232] [mavros]: Plugin wind_estimation initialized
[INFO] [1788448472.931587700] [mavros]: Built-in SIMD instructions: SSE, SSE2
[INFO] [1788448472.931626543] [mavros]: Built-in MAVLink package version: 2026.3.3
[INFO] [1788448472.931631685] [mavros]: Known MAVLink dialects: common ardupilotmega ASLUAV AVSSUAS all csAirLink cubepilot development icarous loweheiser marsh matrixpilot paparazzi standard stemstudios storm32 uAvionix ualberta
[INFO] [1788448472.931638245] [mavros]: MAVROS UAS via /uas1 started. MY ID 1.191, TARGET ID 1.1
[INFO] [1788448472.953948377] [mavros]: CON: Got HEARTBEAT, connected. FCU: PX4 Autopilot
[INFO] [1788448472.954159383] [mavros.mission]: WP: detected enable_partial_push: 0
[INFO] [1788448473.579536925] [mavros_router]: link[1001] detected remote address 1.191
[WARN] [1788448473.959749197] [mavros.sys]: FCU: UNK(8): EVENT 11047904 with args -0-0-16-19-1-128-0-0-0-0-0-0-0-0-42-1-128-0-0-0-0-0-0-0-0-0-0-0-0-0-0-0-0-0-0-0-0-0-0-0-
[ERROR] [1788448473.959883364] [mavros.sys]: FCU: EVENT 13426421 with args -252-0-126-0-17-0-0-0-0-0-0-0-0-0-0-0-0-0-0-0-0-0-0-0-0-0-0-0-0-0-0-0-0-0-0-0-0-0-0-0-
[ERROR] [1788448473.959948616] [mavros.sys]: FCU: EVENT 11464574 with args -0-64-0-0-20-0-0-0-0-0-0-0-0-0-0-0-0-0-0-0-0-0-0-0-0-0-0-0-0-0-0-0-0-0-0-0-0-0-0-0-
[ERROR] [1788448473.960036803] [mavros.sys]: FCU: EVENT 10450063 with args -254-209-126-0-16-0-0-0-0-0-0-0-0-0-0-0-0-0-0-0-0-0-0-0-0-0-0-0-0-0-0-0-0-0-0-0-0-0-0-0-
[ERROR] [1788448473.960076932] [mavros.sys]: FCU: EVENT 13835193 with args -252-0-126-0-17-0-0-0-0-0-0-0-0-0-0-0-0-0-0-0-0-0-0-0-0-0-0-0-0-0-0-0-0-0-0-0-0-0-0-0-
[ERROR] [1788448473.960154564] [mavros.sys]: FCU: EVENT 10011251 with args -56-0-0-0-24-0-0-0-0-0-0-0-0-0-0-0-0-0-0-0-0-0-0-0-0-0-0-0-0-0-0-0-0-0-0-0-0-0-0-0-
[INFO] [1788448473.960195460] [mavros.sys]: FCU: EVENT 377561 with args -8-0-0-0-20-0-0-0-0-0-0-0-0-0-0-0-0-0-0-0-0-0-0-0-0-0-0-0-0-0-0-0-0-0-0-0-0-0-0-0-
[WARN] [1788448473.960261790] [mavros.sys]: FCU: EVENT 453929 with args -255-255-255-255-7-0-0-0-0-0-0-0-0-0-0-0-0-0-0-0-0-0-0-0-0-0-0-0-0-0-0-0-0-0-0-0-0-0-0-0-
[ERROR] [1788448473.960293476] [mavros.sys]: FCU: EVENT 6801787 with args -255-255-255-255-12-0-0-0-0-0-0-0-0-0-0-0-0-0-0-0-0-0-0-0-0-0-0-0-0-0-0-0-0-0-0-0-0-0-0-0-
[WARN] [1788448473.960362917] [mavros.sys]: FCU: UNK(8): EVENT 1914663 with args -0-2-13-2-56-0-0-0-0-0-0-0-0-0-0-0-0-0-0-0-0-0-0-0-0-0-0-0-0-0-0-0-0-0-0-0-0-0-0-0-
[WARN] [1788448473.969742040] [mavros.cmd]: CMD: Unexpected command 520, result 3
[WARN] [1788448474.964067865] [mavros.sys]: VER: broadcast request timeout, retries left 4
[WARN] [1788448475.965410473] [mavros.sys]: VER: broadcast request timeout, retries left 3
[ERROR] [1788448476.963473980] [mavros.sys]: VER: command plugin service call failed!
[WARN] [1788448476.963544796] [mavros.sys]: VER: unicast request timeout, retries left 2
[ERROR] [1788448477.964654390] [mavros.sys]: VER: command plugin service call failed!
[WARN] [1788448477.964719810] [mavros.sys]: VER: unicast request timeout, retries left 1
[ERROR] [1788448478.966903370] [mavros.sys]: VER: command plugin service call failed!
[WARN] [1788448478.966969744] [mavros.sys]: VER: unicast request timeout, retries left 0
[ERROR] [1788448479.970311228] [mavros.sys]: VER: command plugin service call failed!
[WARN] [1788448479.970368609] [mavros.sys]: VER: your FCU don't support AUTOPILOT_VERSION, switched to default capabilities
[INFO] [1788448480.183741077] [mavros.imu]: IMU: Attitude quaternion IMU detected!
[WARN] [1788448480.250477044] [mavros.sys]: FCU: UNK(8): EVENT 11047904 with args -0-0-16-18-1-128-0-0-0-0-0-0-0-0-58-1-128-0-0-0-0-0-0-0-0-0-0-0-0-0-0-0-0-0-0-0-0-0-0-0-
[ERROR] [1788448480.250551621] [mavros.sys]: FCU: EVENT 13426421 with args -252-0-126-0-17-0-0-0-0-0-0-0-0-0-0-0-0-0-0-0-0-0-0-0-0-0-0-0-0-0-0-0-0-0-0-0-0-0-0-0-
[ERROR] [1788448480.250644487] [mavros.sys]: FCU: EVENT 11464574 with args -0-64-0-0-20-0-0-0-0-0-0-0-0-0-0-0-0-0-0-0-0-0-0-0-0-0-0-0-0-0-0-0-0-0-0-0-0-0-0-0-
[ERROR] [1788448480.250676362] [mavros.sys]: FCU: EVENT 13835193 with args -252-0-126-0-17-0-0-0-0-0-0-0-0-0-0-0-0-0-0-0-0-0-0-0-0-0-0-0-0-0-0-0-0-0-0-0-0-0-0-0-
[ERROR] [1788448480.250737929] [mavros.sys]: FCU: EVENT 10011251 with args -56-0-0-0-24-0-0-0-0-0-0-0-0-0-0-0-0-0-0-0-0-0-0-0-0-0-0-0-0-0-0-0-0-0-0-0-0-0-0-0-
[INFO] [1788448480.250770728] [mavros.sys]: FCU: EVENT 377561 with args -8-0-0-0-20-0-0-0-0-0-0-0-0-0-0-0-0-0-0-0-0-0-0-0-0-0-0-0-0-0-0-0-0-0-0-0-0-0-0-0-
[WARN] [1788448480.250829830] [mavros.sys]: FCU: EVENT 453929 with args -255-255-255-255-7-0-0-0-0-0-0-0-0-0-0-0-0-0-0-0-0-0-0-0-0-0-0-0-0-0-0-0-0-0-0-0-0-0-0-0-
[ERROR] [1788448480.250860416] [mavros.sys]: FCU: EVENT 6801787 with args -255-255-255-255-12-0-0-0-0-0-0-0-0-0-0-0-0-0-0-0-0-0-0-0-0-0-0-0-0-0-0-0-0-0-0-0-0-0-0-0-
[WARN] [1788448480.250926804] [mavros.sys]: FCU: UNK(8): EVENT 1914663 with args -0-2-13-2-56-0-0-0-0-0-0-0-0-0-0-0-0-0-0-0-0-0-0-0-0-0-0-0-0-0-0-0-0-0-0-0-0-0-0-0-
[WARN] [1788448482.278549397] [mavros.sys]: FCU: UNK(8): EVENT 11047904 with args -0-0-16-18-1-128-0-0-0-0-0-0-0-0-58-1-128-0-0-0-0-0-0-0-0-0-0-0-0-0-0-0-0-0-0-0-0-0-0-0-
[ERROR] [1788448482.278622174] [mavros.sys]: FCU: EVENT 16642797 with args -252-0-126-0-17-0-0-0-0-0-0-0-0-0-0-0-0-0-0-0-0-0-0-0-0-0-0-0-0-0-0-0-0-0-0-0-0-0-0-0-
[ERROR] [1788448482.278726128] [mavros.sys]: FCU: EVENT 11464574 with args -0-64-0-0-20-0-0-0-0-0-0-0-0-0-0-0-0-0-0-0-0-0-0-0-0-0-0-0-0-0-0-0-0-0-0-0-0-0-0-0-
[ERROR] [1788448482.278765338] [mavros.sys]: FCU: EVENT 13835193 with args -252-0-126-0-17-0-0-0-0-0-0-0-0-0-0-0-0-0-0-0-0-0-0-0-0-0-0-0-0-0-0-0-0-0-0-0-0-0-0-0-
[ERROR] [1788448482.278837003] [mavros.sys]: FCU: EVENT 10011251 with args -56-0-0-0-24-0-0-0-0-0-0-0-0-0-0-0-0-0-0-0-0-0-0-0-0-0-0-0-0-0-0-0-0-0-0-0-0-0-0-0-
[INFO] [1788448482.278870422] [mavros.sys]: FCU: EVENT 377561 with args -8-0-0-0-20-0-0-0-0-0-0-0-0-0-0-0-0-0-0-0-0-0-0-0-0-0-0-0-0-0-0-0-0-0-0-0-0-0-0-0-
[WARN] [1788448482.278960293] [mavros.sys]: FCU: EVENT 453929 with args -255-255-255-255-7-0-0-0-0-0-0-0-0-0-0-0-0-0-0-0-0-0-0-0-0-0-0-0-0-0-0-0-0-0-0-0-0-0-0-0-
[ERROR] [1788448482.279031554] [mavros.sys]: FCU: EVENT 6801787 with args -255-255-255-255-12-0-0-0-0-0-0-0-0-0-0-0-0-0-0-0-0-0-0-0-0-0-0-0-0-0-0-0-0-0-0-0-0-0-0-0-
[WARN] [1788448482.279121709] [mavros.sys]: FCU: UNK(8): EVENT 1914663 with args -0-10-13-2-56-0-0-0-0-0-0-0-0-0-0-0-0-0-0-0-0-0-0-0-0-0-0-0-0-0-0-0-0-0-0-0-0-0-0-0-
[WARN] [1788448484.526013178] [mavros.sys]: FCU: UNK(8): EVENT 11047904 with args -0-0-16-16-0-128-0-0-0-0-0-0-0-176-58-127-128-0-0-0-0-0-0-0-0-0-0-0-0-0-0-0-0-0-0-0-0-0-0-0-
[ERROR] [1788448484.526149350] [mavros.sys]: FCU: EVENT 11464574 with args -0-64-0-0-20-0-0-0-0-0-0-0-0-0-0-0-0-0-0-0-0-0-0-0-0-0-0-0-0-0-0-0-0-0-0-0-0-0-0-0-
[INFO] [1788448484.526245303] [mavros.sys]: FCU: EVENT 377561 with args -8-0-0-0-20-0-0-0-0-0-0-0-0-0-0-0-0-0-0-0-0-0-0-0-0-0-0-0-0-0-0-0-0-0-0-0-0-0-0-0-
[WARN] [1788448484.526309573] [mavros.sys]: FCU: EVENT 453929 with args -255-255-255-255-7-0-0-0-0-0-0-0-0-0-0-0-0-0-0-0-0-0-0-0-0-0-0-0-0-0-0-0-0-0-0-0-0-0-0-0-
[ERROR] [1788448484.526368894] [mavros.sys]: FCU: EVENT 6801787 with args -255-255-255-255-12-0-0-0-0-0-0-0-0-0-0-0-0-0-0-0-0-0-0-0-0-0-0-0-0-0-0-0-0-0-0-0-0-0-0-0-
[WARN] [1788448484.526428508] [mavros.sys]: FCU: UNK(8): EVENT 1914663 with args -0-10-13-2-56-0-0-0-0-0-0-0-0-0-0-0-0-0-0-0-0-0-0-0-0-0-0-0-0-0-0-0-0-0-0-0-0-0-0-0-
[INFO] [1788448487.955332290] [mavros.mission]: WP: mission received
[INFO] [1788448492.955950660] [mavros.rallypoint]: RP: mission received
[INFO] [1788448497.955688022] [mavros.geofence]: GF: mission received
[INFO] [1788448529.572091260] [mavros_router]: link[1000] detected remote address 250.0
[WARN] [1788448529.582330999] [mavros.sys]: FCU: UNK(8): EVENT 11047904 with args -0-0-0-0-0-128-0-0-0-176-122-127-128-176-122-127-128-0-0-0-0-0-0-0-0-0-0-0-0-0-0-0-0-0-0-0-0-0-0-0-
[INFO] [1788448529.582443144] [mavros.sys]: FCU: EVENT 377561 with args -8-0-0-0-20-0-0-0-0-0-0-0-0-0-0-0-0-0-0-0-0-0-0-0-0-0-0-0-0-0-0-0-0-0-0-0-0-0-0-0-
[WARN] [1788448529.582483693] [mavros.sys]: FCU: EVENT 453929 with args -255-255-255-255-7-0-0-0-0-0-0-0-0-0-0-0-0-0-0-0-0-0-0-0-0-0-0-0-0-0-0-0-0-0-0-0-0-0-0-0-
[WARN] [1788448529.582559850] [mavros.sys]: FCU: UNK(8): EVENT 1914663 with args -0-10-29-2-56-0-0-0-0-0-0-0-0-0-0-0-0-0-0-0-0-0-0-0-0-0-0-0-0-0-0-0-0-0-0-0-0-0-0-0-
[INFO] [1788448529.592248652] [mavros.sys]: FCU: EVENT 9489139 with args -4-0-0-0-0-0-0-0-0-0-0-0-0-0-0-0-0-0-0-0-0-0-0-0-0-0-0-0-0-0-0-0-0-0-0-0-0-0-0-0-
[INFO] [1788448531.432402343] [mavros.sys]: FCU: EVENT 4277609 with args -0-0-0-0-0-0-0-0-0-0-0-0-0-0-0-0-0-0-0-0-0-0-0-0-0-0-0-0-0-0-0-0-0-0-0-0-0-0-0-0-
[INFO] [1788448663.179683208] [mavros.sys]: FCU: EVENT 3322590 with args -0-0-0-0-0-0-0-0-0-0-0-0-0-0-0-0-0-0-0-0-0-0-0-0-0-0-0-0-0-0-0-0-0-0-0-0-0-0-0-0-
[INFO] [1788448669.438629939] [mavros.sys]: FCU: EVENT 9844908 with args -0-0-0-0-0-0-0-0-0-0-0-0-0-0-0-0-0-0-0-0-0-0-0-0-0-0-0-0-0-0-0-0-0-0-0-0-0-0-0-0-
[INFO] [1788448671.440765759] [mavros.sys]: FCU: EVENT 16017271 with args -6-0-0-0-0-0-0-0-0-0-0-0-0-0-0-0-0-0-0-0-0-0-0-0-0-0-0-0-0-0-0-0-0-0-0-0-0-0-0-0-
[WARN] [1788448673.325419354] [mavros.sys]: FCU: UNK(8): EVENT 11047904 with args -0-0-0-16-0-128-0-0-0-176-58-127-128-176-58-127-128-0-0-0-0-0-0-0-0-0-0-0-0-0-0-0-0-0-0-0-0-0-0-0-
[ERROR] [1788448673.325529932] [mavros.sys]: FCU: EVENT 11464574 with args -0-64-0-0-20-0-0-0-0-0-0-0-0-0-0-0-0-0-0-0-0-0-0-0-0-0-0-0-0-0-0-0-0-0-0-0-0-0-0-0-
[INFO] [1788448673.325576067] [mavros.sys]: FCU: EVENT 377561 with args -8-0-0-0-20-0-0-0-0-0-0-0-0-0-0-0-0-0-0-0-0-0-0-0-0-0-0-0-0-0-0-0-0-0-0-0-0-0-0-0-
[WARN] [1788448673.325640440] [mavros.sys]: FCU: EVENT 453929 with args -255-255-255-255-7-0-0-0-0-0-0-0-0-0-0-0-0-0-0-0-0-0-0-0-0-0-0-0-0-0-0-0-0-0-0-0-0-0-0-0-
[WARN] [1788448673.325667518] [mavros.sys]: FCU: UNK(8): EVENT 1914663 with args -0-10-29-2-56-0-0-0-0-0-0-0-0-0-0-0-0-0-0-0-0-0-0-0-0-0-0-0-0-0-0-0-0-0-0-0-0-0-0-0-
[INFO] [1788448673.334306256] [rclcpp]: signal_handler(SIGINT/SIGTERM)
[WARN] [1788448673.334331320] [mavros.sys]: FCU: EVENT 13277401 with args -0-0-6-0-0-0-0-0-0-0-0-0-0-0-0-0-0-0-0-0-0-0-0-0-0-0-0-0-0-0-0-0-0-0-0-0-0-0-0-0-
Failed to publish log message to rosout: publisher's context is invalid, at ./src/rcl/publisher.c:423
[WARN] [1788448673.336063096] [mavros]: UAS Executor terminated
