[INFO] [1788456361.342191890] [mavros_node]: Starting mavros_node container
[INFO] [1788456361.342292193] [mavros_node]: FCU URL: udp://:14550@127.0.0.1:18570
[INFO] [1788456361.342304361] [mavros_node]: GCS URL: 
[INFO] [1788456361.342311167] [mavros_node]: UAS Prefix: /uas1
[INFO] [1788456361.342316840] [mavros_node]: Starting mavros router node
[INFO] [1788456361.351534615] [mavros_router]: Built-in SIMD instructions: SSE, SSE2
[INFO] [1788456361.351574488] [mavros_router]: Built-in MAVLink package version: 2026.3.3
[INFO] [1788456361.351587723] [mavros_router]: Known MAVLink dialects: common ardupilotmega ASLUAV AVSSUAS all csAirLink cubepilot development icarous loweheiser marsh matrixpilot paparazzi standard stemstudios storm32 uAvionix ualberta
[INFO] [1788456361.351597129] [mavros_router]: MAVROS Router started
[INFO] [1788456361.351716838] [mavros_node]: Starting mavros uas node
[INFO] [1788456361.395638660] [mavros_router]: Requested to add endpoint: type: 0, url: udp://:14550@127.0.0.1:18570
[INFO] [1788456361.395717417] [mavros_router]: Endpoint link[1000] created
[INFO] [1788456361.396193536] [mavros_router]: link[1000] opened successfully
[INFO] [1788456361.396227912] [mavros_router]: Requested to add endpoint: type: 2, url: /uas1
[INFO] [1788456361.396249709] [mavros_router]: Endpoint link[1001] created
[INFO] [1788456361.400001416] [mavros_router]: link[1001] opened successfully
[INFO] [1788456361.402917585] [mavros_router]: link[1000] detected remote address 1.1
[INFO] [1788456361.405634563] [mavros]: UAS Executor started, threads: 12
[INFO] [1788456361.422110423] [mavros]: Plugin actuator_control created
[INFO] [1788456361.422162701] [mavros]: Plugin actuator_control initialized
[INFO] [1788456361.449429801] [mavros]: Plugin adsb created
[INFO] [1788456361.449481123] [mavros]: Plugin adsb initialized
[INFO] [1788456361.461766655] [mavros]: Plugin altitude created
[INFO] [1788456361.461815643] [mavros]: Plugin altitude initialized
[INFO] [1788456361.471292890] [mavros]: Plugin cam_imu_sync created
[INFO] [1788456361.471337963] [mavros]: Plugin cam_imu_sync initialized
[INFO] [1788456361.483655564] [mavros]: Plugin camera created
[INFO] [1788456361.483707916] [mavros]: Plugin camera initialized
[INFO] [1788456361.492919580] [mavros]: Plugin cellular_status created
[INFO] [1788456361.492963865] [mavros]: Plugin cellular_status initialized
[INFO] [1788456361.516595055] [mavros]: Plugin command created
[INFO] [1788456361.516886767] [mavros]: Plugin command initialized
[INFO] [1788456361.530594165] [mavros]: Plugin companion_process_status created
[INFO] [1788456361.530641468] [mavros]: Plugin companion_process_status initialized
[INFO] [1788456361.538223157] [mavros]: Plugin debug_value created
[INFO] [1788456361.538296713] [mavros]: Plugin debug_value initialized
[INFO] [1788456361.546812811] [mavros.distance_sensor]: DS: Plugin not configured!
[INFO] [1788456361.546917372] [mavros]: Plugin distance_sensor created
[INFO] [1788456361.546950507] [mavros]: Plugin distance_sensor initialized
[INFO] [1788456361.555251439] [mavros]: Plugin esc_status created
[INFO] [1788456361.555291213] [mavros]: Plugin esc_status initialized
[INFO] [1788456361.562922934] [mavros]: Plugin esc_telemetry created
[INFO] [1788456361.562996565] [mavros]: Plugin esc_telemetry initialized
[INFO] [1788456361.573117896] [mavros]: Plugin fake_gps created
[INFO] [1788456361.573157954] [mavros]: Plugin fake_gps initialized
[INFO] [1788456361.591849489] [mavros]: Plugin ftp created
[INFO] [1788456361.591911660] [mavros]: Plugin ftp initialized
[INFO] [1788456361.604467333] [mavros]: Plugin geofence created
[INFO] [1788456361.604529914] [mavros]: Plugin geofence initialized
[INFO] [1788456361.622745412] [mavros]: Plugin gimbal_control created
[INFO] [1788456361.622790939] [mavros]: Plugin gimbal_control initialized
[INFO] [1788456361.642105832] [mavros]: Plugin global_position created
[INFO] [1788456361.642161520] [mavros]: Plugin global_position initialized
[INFO] [1788456361.653466562] [mavros]: Plugin gps_input created
[INFO] [1788456361.653509509] [mavros]: Plugin gps_input initialized
[INFO] [1788456361.665907755] [mavros]: Plugin gps_rtk created
[INFO] [1788456361.665969640] [mavros]: Plugin gps_rtk initialized
[INFO] [1788456361.677618112] [mavros]: Plugin gps_status created
[INFO] [1788456361.677658449] [mavros]: Plugin gps_status initialized
[INFO] [1788456361.689121060] [mavros]: Plugin guided_target created
[INFO] [1788456361.689168154] [mavros]: Plugin guided_target initialized
[INFO] [1788456361.702743442] [mavros]: Plugin hil created
[INFO] [1788456361.702786445] [mavros]: Plugin hil initialized
[INFO] [1788456361.714989990] [mavros]: Plugin home_position created
[INFO] [1788456361.715058583] [mavros]: Plugin home_position initialized
[INFO] [1788456361.728695899] [mavros]: Plugin imu created
[INFO] [1788456361.728748102] [mavros]: Plugin imu initialized
[INFO] [1788456361.743426292] [mavros]: Plugin landing_target created
[INFO] [1788456361.743476494] [mavros]: Plugin landing_target initialized
[INFO] [1788456361.759802071] [mavros]: Plugin local_position created
[INFO] [1788456361.759851313] [mavros]: Plugin local_position initialized
[INFO] [1788456361.780169590] [mavros]: Plugin log_transfer created
[INFO] [1788456361.780253819] [mavros]: Plugin log_transfer initialized
[INFO] [1788456361.797120059] [mavros]: Plugin mag_calibration_status created
[INFO] [1788456361.797175875] [mavros]: Plugin mag_calibration_status initialized
[INFO] [1788456361.812537961] [mavros]: Plugin manual_control created
[INFO] [1788456361.812573992] [mavros]: Plugin manual_control initialized
[INFO] [1788456361.826686615] [mavros]: Plugin mocap_pose_estimate created
[INFO] [1788456361.826722272] [mavros]: Plugin mocap_pose_estimate initialized
[INFO] [1788456361.843771922] [mavros]: Plugin mount_control created
[INFO] [1788456361.843816551] [mavros]: Plugin mount_control initialized
[INFO] [1788456361.858749216] [mavros]: Plugin nav_controller_output created
[INFO] [1788456361.858790159] [mavros]: Plugin nav_controller_output initialized
[INFO] [1788456361.873729416] [mavros]: Plugin obstacle_distance created
[INFO] [1788456361.873767259] [mavros]: Plugin obstacle_distance initialized
[INFO] [1788456361.889403632] [mavros]: Plugin obstacle_distance_3d created
[INFO] [1788456361.889439750] [mavros]: Plugin obstacle_distance_3d initialized
[INFO] [1788456361.905918859] [mavros]: Plugin odometry created
[INFO] [1788456361.905966782] [mavros]: Plugin odometry initialized
[INFO] [1788456361.923890718] [mavros]: Plugin onboard_computer_status created
[INFO] [1788456361.923936917] [mavros]: Plugin onboard_computer_status initialized
[INFO] [1788456361.944827523] [mavros]: Plugin open_drone_id created
[INFO] [1788456361.944860499] [mavros]: Plugin open_drone_id initialized
[INFO] [1788456361.966346005] [mavros]: Plugin optical_flow created
[INFO] [1788456361.966405970] [mavros]: Plugin optical_flow initialized
[INFO] [1788456361.986983429] [mavros]: Plugin param created
[INFO] [1788456361.987042062] [mavros]: Plugin param initialized
[INFO] [1788456362.003559009] [mavros]: Plugin play_tune created
[INFO] [1788456362.003596939] [mavros]: Plugin play_tune initialized
[INFO] [1788456362.024812814] [mavros]: Plugin px4flow created
[INFO] [1788456362.024869984] [mavros]: Plugin px4flow initialized
[INFO] [1788456362.049367738] [mavros]: Plugin rallypoint created
[INFO] [1788456362.049433490] [mavros]: Plugin rallypoint initialized
[INFO] [1788456362.068147326] [mavros]: Plugin rangefinder created
[INFO] [1788456362.068196939] [mavros]: Plugin rangefinder initialized
[INFO] [1788456362.089637943] [mavros]: Plugin rc_io created
[INFO] [1788456362.089684242] [mavros]: Plugin rc_io initialized
[INFO] [1788456362.110996818] [mavros]: Plugin setpoint_accel created
[INFO] [1788456362.111033554] [mavros]: Plugin setpoint_accel initialized
[INFO] [1788456362.135648766] [mavros]: Plugin setpoint_attitude created
[INFO] [1788456362.135687138] [mavros]: Plugin setpoint_attitude initialized
[INFO] [1788456362.160311900] [mavros]: Plugin setpoint_position created
[INFO] [1788456362.160353568] [mavros]: Plugin setpoint_position initialized
[INFO] [1788456362.191501980] [mavros]: Plugin setpoint_raw created
[INFO] [1788456362.191549456] [mavros]: Plugin setpoint_raw initialized
[INFO] [1788456362.218909151] [mavros]: Plugin setpoint_trajectory created
[INFO] [1788456362.218964307] [mavros]: Plugin setpoint_trajectory initialized
[INFO] [1788456362.244230192] [mavros]: Plugin setpoint_velocity created
[INFO] [1788456362.244272839] [mavros]: Plugin setpoint_velocity initialized
[INFO] [1788456362.275642467] [mavros]: Plugin sim_state created
[INFO] [1788456362.275688486] [mavros]: Plugin sim_state initialized
[INFO] [1788456362.318680298] [mavros]: Plugin sys_status created
[INFO] [1788456362.318751195] [mavros]: Plugin sys_status initialized
[INFO] [1788456362.343398381] [mavros.time]: TM: Timesync mode: MAVLINK
[INFO] [1788456362.348403935] [mavros]: Plugin sys_time created
[INFO] [1788456362.348456368] [mavros]: Plugin sys_time initialized
[INFO] [1788456362.372778932] [mavros]: Plugin tdr_radio created
[INFO] [1788456362.372829541] [mavros]: Plugin tdr_radio initialized
[INFO] [1788456362.400005122] [mavros]: Plugin terrain created
[INFO] [1788456362.400053557] [mavros]: Plugin terrain initialized
[INFO] [1788456362.427004405] [mavros]: Plugin trajectory created
[INFO] [1788456362.427043426] [mavros]: Plugin trajectory initialized
[INFO] [1788456362.454559874] [mavros]: Plugin tunnel created
[INFO] [1788456362.454605237] [mavros]: Plugin tunnel initialized
[INFO] [1788456362.478612923] [mavros]: Plugin vfr_hud created
[INFO] [1788456362.478651860] [mavros]: Plugin vfr_hud initialized
[INFO] [1788456362.507743774] [mavros]: Plugin vibration created
[INFO] [1788456362.507794809] [mavros]: Plugin vibration initialized
[INFO] [1788456362.535889086] [mavros]: Plugin vision_pose created
[INFO] [1788456362.535951709] [mavros]: Plugin vision_pose initialized
[INFO] [1788456362.569986899] [mavros]: Plugin vision_speed created
[INFO] [1788456362.570025382] [mavros]: Plugin vision_speed initialized
[INFO] [1788456362.607840153] [mavros]: Plugin waypoint created
[INFO] [1788456362.607898681] [mavros]: Plugin waypoint initialized
[INFO] [1788456362.639828884] [mavros]: Plugin wheel_odometry created
[INFO] [1788456362.639870574] [mavros]: Plugin wheel_odometry initialized
[INFO] [1788456362.670561258] [mavros]: Plugin wind_estimation created
[INFO] [1788456362.670620900] [mavros]: Plugin wind_estimation initialized
[INFO] [1788456362.673324238] [mavros]: Built-in SIMD instructions: SSE, SSE2
[INFO] [1788456362.673351247] [mavros]: Built-in MAVLink package version: 2026.3.3
[INFO] [1788456362.673355899] [mavros]: Known MAVLink dialects: common ardupilotmega ASLUAV AVSSUAS all csAirLink cubepilot development icarous loweheiser marsh matrixpilot paparazzi standard stemstudios storm32 uAvionix ualberta
[INFO] [1788456362.673360644] [mavros]: MAVROS UAS via /uas1 started. MY ID 1.191, TARGET ID 1.1
[INFO] [1788456362.821816867] [mavros]: CON: Got HEARTBEAT, connected. FCU: PX4 Autopilot
[INFO] [1788456362.821892229] [mavros.mission]: WP: detected enable_partial_push: 0
[WARN] [1788456362.823779304] [mavros.sys]: FCU: UNK(8): EVENT 11047904 with args -0-0-16-19-1-128-0-0-0-0-0-0-0-0-42-1-128-0-0-0-0-0-0-0-0-0-0-0-0-0-0-0-0-0-0-0-0-0-0-0-
[ERROR] [1788456362.823864072] [mavros.sys]: FCU: EVENT 13426421 with args -252-0-126-0-17-0-0-0-0-0-0-0-0-0-0-0-0-0-0-0-0-0-0-0-0-0-0-0-0-0-0-0-0-0-0-0-0-0-0-0-
[ERROR] [1788456362.823905086] [mavros.sys]: FCU: EVENT 11464574 with args -0-64-0-0-20-0-0-0-0-0-0-0-0-0-0-0-0-0-0-0-0-0-0-0-0-0-0-0-0-0-0-0-0-0-0-0-0-0-0-0-
[ERROR] [1788456362.823980219] [mavros.sys]: FCU: EVENT 10450063 with args -254-209-126-0-16-0-0-0-0-0-0-0-0-0-0-0-0-0-0-0-0-0-0-0-0-0-0-0-0-0-0-0-0-0-0-0-0-0-0-0-
[ERROR] [1788456362.824009248] [mavros.sys]: FCU: EVENT 13835193 with args -252-0-126-0-17-0-0-0-0-0-0-0-0-0-0-0-0-0-0-0-0-0-0-0-0-0-0-0-0-0-0-0-0-0-0-0-0-0-0-0-
[ERROR] [1788456362.824068780] [mavros.sys]: FCU: EVENT 10011251 with args -56-0-0-0-24-0-0-0-0-0-0-0-0-0-0-0-0-0-0-0-0-0-0-0-0-0-0-0-0-0-0-0-0-0-0-0-0-0-0-0-
[INFO] [1788456362.824098182] [mavros.sys]: FCU: EVENT 377561 with args -8-0-0-0-20-0-0-0-0-0-0-0-0-0-0-0-0-0-0-0-0-0-0-0-0-0-0-0-0-0-0-0-0-0-0-0-0-0-0-0-
[WARN] [1788456362.824133893] [mavros.sys]: FCU: EVENT 453929 with args -255-255-255-255-7-0-0-0-0-0-0-0-0-0-0-0-0-0-0-0-0-0-0-0-0-0-0-0-0-0-0-0-0-0-0-0-0-0-0-0-
[ERROR] [1788456362.824202943] [mavros.sys]: FCU: EVENT 6801787 with args -255-255-255-255-12-0-0-0-0-0-0-0-0-0-0-0-0-0-0-0-0-0-0-0-0-0-0-0-0-0-0-0-0-0-0-0-0-0-0-0-
[WARN] [1788456362.824233680] [mavros.sys]: FCU: UNK(8): EVENT 1914663 with args -0-2-13-2-56-0-0-0-0-0-0-0-0-0-0-0-0-0-0-0-0-0-0-0-0-0-0-0-0-0-0-0-0-0-0-0-0-0-0-0-
[INFO] [1788456363.304474960] [mavros_router]: link[1001] detected remote address 1.191
[WARN] [1788456363.840178432] [mavros.cmd]: CMD: Unexpected command 520, result 3
[WARN] [1788456364.829839671] [mavros.sys]: VER: broadcast request timeout, retries left 4
[WARN] [1788456365.834850314] [mavros.sys]: VER: broadcast request timeout, retries left 3
[ERROR] [1788456366.836007996] [mavros.sys]: VER: command plugin service call failed!
[WARN] [1788456366.836061202] [mavros.sys]: VER: unicast request timeout, retries left 2
[ERROR] [1788456367.833986530] [mavros.sys]: VER: command plugin service call failed!
[WARN] [1788456367.834035307] [mavros.sys]: VER: unicast request timeout, retries left 1
[ERROR] [1788456368.847986940] [mavros.sys]: VER: command plugin service call failed!
[WARN] [1788456368.848039457] [mavros.sys]: VER: unicast request timeout, retries left 0
[INFO] [1788456369.688237667] [mavros.imu]: IMU: Attitude quaternion IMU detected!
[WARN] [1788456369.786183072] [mavros.sys]: FCU: UNK(8): EVENT 11047904 with args -0-0-16-18-1-128-0-0-0-0-0-0-0-0-58-1-128-0-0-0-0-0-0-0-0-0-0-0-0-0-0-0-0-0-0-0-0-0-0-0-
[ERROR] [1788456369.786273003] [mavros.sys]: FCU: EVENT 13426421 with args -252-0-126-0-17-0-0-0-0-0-0-0-0-0-0-0-0-0-0-0-0-0-0-0-0-0-0-0-0-0-0-0-0-0-0-0-0-0-0-0-
[ERROR] [1788456369.786400076] [mavros.sys]: FCU: EVENT 11464574 with args -0-64-0-0-20-0-0-0-0-0-0-0-0-0-0-0-0-0-0-0-0-0-0-0-0-0-0-0-0-0-0-0-0-0-0-0-0-0-0-0-
[ERROR] [1788456369.786449709] [mavros.sys]: FCU: EVENT 13835193 with args -252-0-126-0-17-0-0-0-0-0-0-0-0-0-0-0-0-0-0-0-0-0-0-0-0-0-0-0-0-0-0-0-0-0-0-0-0-0-0-0-
[ERROR] [1788456369.786549728] [mavros.sys]: FCU: EVENT 10011251 with args -56-0-0-0-24-0-0-0-0-0-0-0-0-0-0-0-0-0-0-0-0-0-0-0-0-0-0-0-0-0-0-0-0-0-0-0-0-0-0-0-
[INFO] [1788456369.786596829] [mavros.sys]: FCU: EVENT 377561 with args -8-0-0-0-20-0-0-0-0-0-0-0-0-0-0-0-0-0-0-0-0-0-0-0-0-0-0-0-0-0-0-0-0-0-0-0-0-0-0-0-
[WARN] [1788456369.786692898] [mavros.sys]: FCU: EVENT 453929 with args -255-255-255-255-7-0-0-0-0-0-0-0-0-0-0-0-0-0-0-0-0-0-0-0-0-0-0-0-0-0-0-0-0-0-0-0-0-0-0-0-
[ERROR] [1788456369.786729206] [mavros.sys]: FCU: EVENT 6801787 with args -255-255-255-255-12-0-0-0-0-0-0-0-0-0-0-0-0-0-0-0-0-0-0-0-0-0-0-0-0-0-0-0-0-0-0-0-0-0-0-0-
[WARN] [1788456369.786775013] [mavros.sys]: FCU: UNK(8): EVENT 1914663 with args -0-2-13-2-56-0-0-0-0-0-0-0-0-0-0-0-0-0-0-0-0-0-0-0-0-0-0-0-0-0-0-0-0-0-0-0-0-0-0-0-
[ERROR] [1788456369.836537378] [mavros.sys]: VER: command plugin service call failed!
[WARN] [1788456369.836594723] [mavros.sys]: VER: your FCU don't support AUTOPILOT_VERSION, switched to default capabilities
[WARN] [1788456372.181424119] [mavros.sys]: FCU: UNK(8): EVENT 11047904 with args -0-0-16-18-1-128-0-0-0-0-0-0-0-0-58-1-128-0-0-0-0-0-0-0-0-0-0-0-0-0-0-0-0-0-0-0-0-0-0-0-
[ERROR] [1788456372.181487049] [mavros.sys]: FCU: EVENT 16642797 with args -252-0-126-0-17-0-0-0-0-0-0-0-0-0-0-0-0-0-0-0-0-0-0-0-0-0-0-0-0-0-0-0-0-0-0-0-0-0-0-0-
[ERROR] [1788456372.181572107] [mavros.sys]: FCU: EVENT 11464574 with args -0-64-0-0-20-0-0-0-0-0-0-0-0-0-0-0-0-0-0-0-0-0-0-0-0-0-0-0-0-0-0-0-0-0-0-0-0-0-0-0-
[ERROR] [1788456372.181605547] [mavros.sys]: FCU: EVENT 13835193 with args -252-0-126-0-17-0-0-0-0-0-0-0-0-0-0-0-0-0-0-0-0-0-0-0-0-0-0-0-0-0-0-0-0-0-0-0-0-0-0-0-
[ERROR] [1788456372.181670006] [mavros.sys]: FCU: EVENT 10011251 with args -56-0-0-0-24-0-0-0-0-0-0-0-0-0-0-0-0-0-0-0-0-0-0-0-0-0-0-0-0-0-0-0-0-0-0-0-0-0-0-0-
[INFO] [1788456372.181698027] [mavros.sys]: FCU: EVENT 377561 with args -8-0-0-0-20-0-0-0-0-0-0-0-0-0-0-0-0-0-0-0-0-0-0-0-0-0-0-0-0-0-0-0-0-0-0-0-0-0-0-0-
[WARN] [1788456372.181795566] [mavros.sys]: FCU: EVENT 453929 with args -255-255-255-255-7-0-0-0-0-0-0-0-0-0-0-0-0-0-0-0-0-0-0-0-0-0-0-0-0-0-0-0-0-0-0-0-0-0-0-0-
[ERROR] [1788456372.181820672] [mavros.sys]: FCU: EVENT 6801787 with args -255-255-255-255-12-0-0-0-0-0-0-0-0-0-0-0-0-0-0-0-0-0-0-0-0-0-0-0-0-0-0-0-0-0-0-0-0-0-0-0-
[WARN] [1788456372.181871799] [mavros.sys]: FCU: UNK(8): EVENT 1914663 with args -0-10-13-2-56-0-0-0-0-0-0-0-0-0-0-0-0-0-0-0-0-0-0-0-0-0-0-0-0-0-0-0-0-0-0-0-0-0-0-0-
[WARN] [1788456374.340851994] [mavros.sys]: FCU: UNK(8): EVENT 11047904 with args -0-0-16-16-0-128-0-0-0-0-0-0-0-176-58-127-128-0-0-0-0-0-0-0-0-0-0-0-0-0-0-0-0-0-0-0-0-0-0-0-
[ERROR] [1788456374.340930105] [mavros.sys]: FCU: EVENT 11464574 with args -0-64-0-0-20-0-0-0-0-0-0-0-0-0-0-0-0-0-0-0-0-0-0-0-0-0-0-0-0-0-0-0-0-0-0-0-0-0-0-0-
[INFO] [1788456374.341045821] [mavros.sys]: FCU: EVENT 377561 with args -8-0-0-0-20-0-0-0-0-0-0-0-0-0-0-0-0-0-0-0-0-0-0-0-0-0-0-0-0-0-0-0-0-0-0-0-0-0-0-0-
[WARN] [1788456374.341073475] [mavros.sys]: FCU: EVENT 453929 with args -255-255-255-255-7-0-0-0-0-0-0-0-0-0-0-0-0-0-0-0-0-0-0-0-0-0-0-0-0-0-0-0-0-0-0-0-0-0-0-0-
[ERROR] [1788456374.341142406] [mavros.sys]: FCU: EVENT 6801787 with args -255-255-255-255-12-0-0-0-0-0-0-0-0-0-0-0-0-0-0-0-0-0-0-0-0-0-0-0-0-0-0-0-0-0-0-0-0-0-0-0-
[WARN] [1788456374.341179298] [mavros.sys]: FCU: UNK(8): EVENT 1914663 with args -0-10-13-2-56-0-0-0-0-0-0-0-0-0-0-0-0-0-0-0-0-0-0-0-0-0-0-0-0-0-0-0-0-0-0-0-0-0-0-0-
[INFO] [1788456377.823412625] [mavros.mission]: WP: mission received
[INFO] [1788456382.823195362] [mavros.rallypoint]: RP: mission received
[INFO] [1788456387.822270829] [mavros.geofence]: GF: mission received
[INFO] [1788456418.423244829] [mavros_router]: link[1000] detected remote address 250.0
[WARN] [1788456418.427334575] [mavros.sys]: FCU: UNK(8): EVENT 11047904 with args -0-0-0-0-0-128-0-0-0-176-122-127-128-176-122-127-128-0-0-0-0-0-0-0-0-0-0-0-0-0-0-0-0-0-0-0-0-0-0-0-
[INFO] [1788456418.427409168] [mavros.sys]: FCU: EVENT 377561 with args -8-0-0-0-20-0-0-0-0-0-0-0-0-0-0-0-0-0-0-0-0-0-0-0-0-0-0-0-0-0-0-0-0-0-0-0-0-0-0-0-
[WARN] [1788456418.427514308] [mavros.sys]: FCU: EVENT 453929 with args -255-255-255-255-7-0-0-0-0-0-0-0-0-0-0-0-0-0-0-0-0-0-0-0-0-0-0-0-0-0-0-0-0-0-0-0-0-0-0-0-
[WARN] [1788456418.427551678] [mavros.sys]: FCU: UNK(8): EVENT 1914663 with args -0-10-29-2-56-0-0-0-0-0-0-0-0-0-0-0-0-0-0-0-0-0-0-0-0-0-0-0-0-0-0-0-0-0-0-0-0-0-0-0-
[INFO] [1788456418.437413201] [mavros.sys]: FCU: EVENT 9489139 with args -4-0-0-0-0-0-0-0-0-0-0-0-0-0-0-0-0-0-0-0-0-0-0-0-0-0-0-0-0-0-0-0-0-0-0-0-0-0-0-0-
[INFO] [1788456420.268515949] [mavros.sys]: FCU: EVENT 4277609 with args -0-0-0-0-0-0-0-0-0-0-0-0-0-0-0-0-0-0-0-0-0-0-0-0-0-0-0-0-0-0-0-0-0-0-0-0-0-0-0-0-
[INFO] [1788456549.750328705] [mavros.sys]: FCU: EVENT 3322590 with args -0-0-0-0-0-0-0-0-0-0-0-0-0-0-0-0-0-0-0-0-0-0-0-0-0-0-0-0-0-0-0-0-0-0-0-0-0-0-0-0-
[WARN] [1788456549.760175923] [mavros.guided_target]: PositionTargetGlobal failed because no origin
[WARN] [1788456550.797163281] [mavros.guided_target]: PositionTargetGlobal failed because no origin
[WARN] [1788456551.812306106] [mavros.guided_target]: PositionTargetGlobal failed because no origin
[WARN] [1788456552.877478036] [mavros.guided_target]: PositionTargetGlobal failed because no origin
[WARN] [1788456553.878784743] [mavros.guided_target]: PositionTargetGlobal failed because no origin
[WARN] [1788456554.883733557] [mavros.guided_target]: PositionTargetGlobal failed because no origin
[INFO] [1788456555.614647414] [mavros.sys]: FCU: EVENT 9844908 with args -0-0-0-0-0-0-0-0-0-0-0-0-0-0-0-0-0-0-0-0-0-0-0-0-0-0-0-0-0-0-0-0-0-0-0-0-0-0-0-0-
[WARN] [1788456555.893591879] [mavros.guided_target]: PositionTargetGlobal failed because no origin
[WARN] [1788456556.903690735] [mavros.guided_target]: PositionTargetGlobal failed because no origin
[INFO] [1788456557.636068421] [mavros.sys]: FCU: EVENT 16017271 with args -6-0-0-0-0-0-0-0-0-0-0-0-0-0-0-0-0-0-0-0-0-0-0-0-0-0-0-0-0-0-0-0-0-0-0-0-0-0-0-0-
[INFO] [1788456558.827056405] [rclcpp]: signal_handler(SIGINT/SIGTERM)
[WARN] [1788456558.828770440] [mavros]: UAS Executor terminated
